stm32f4xx_ll_rtc.h:744:22:LL_RTC_SetHourFormat	16	static
stm32f4xx_ll_rtc.h:757:26:LL_RTC_GetHourFormat	16	static
stm32f4xx_ll_rtc.h:832:22:LL_RTC_EnableInitMode	16	static
stm32f4xx_ll_rtc.h:844:22:LL_RTC_DisableInitMode	16	static
stm32f4xx_ll_rtc.h:907:26:LL_RTC_IsShadowRegBypassEnabled	16	static
stm32f4xx_ll_rtc.h:945:22:LL_RTC_SetAsynchPrescaler	16	static
stm32f4xx_ll_rtc.h:957:22:LL_RTC_SetSynchPrescaler	16	static
stm32f4xx_ll_rtc.h:990:22:LL_RTC_EnableWriteProtection	16	static
stm32f4xx_ll_rtc.h:1001:22:LL_RTC_DisableWriteProtection	16	static
stm32f4xx_ll_rtc.h:1174:22:LL_RTC_TIME_Config	32	static
stm32f4xx_ll_rtc.h:1500:22:LL_RTC_DATE_Config	32	static
stm32f4xx_ll_rtc.h:1588:22:LL_RTC_ALMA_SetMask	16	static
stm32f4xx_ll_rtc.h:1619:22:LL_RTC_ALMA_EnableWeekday	16	static
stm32f4xx_ll_rtc.h:1630:22:LL_RTC_ALMA_DisableWeekday	16	static
stm32f4xx_ll_rtc.h:1644:22:LL_RTC_ALMA_SetDay	16	static
stm32f4xx_ll_rtc.h:1677:22:LL_RTC_ALMA_SetWeekDay	16	static
stm32f4xx_ll_rtc.h:1829:22:LL_RTC_ALMA_ConfigTime	32	static
stm32f4xx_ll_rtc.h:1956:22:LL_RTC_ALMB_SetMask	16	static
stm32f4xx_ll_rtc.h:1987:22:LL_RTC_ALMB_EnableWeekday	16	static
stm32f4xx_ll_rtc.h:1998:22:LL_RTC_ALMB_DisableWeekday	16	static
stm32f4xx_ll_rtc.h:2012:22:LL_RTC_ALMB_SetDay	16	static
stm32f4xx_ll_rtc.h:2045:22:LL_RTC_ALMB_SetWeekDay	16	static
stm32f4xx_ll_rtc.h:2197:22:LL_RTC_ALMB_ConfigTime	32	static
stm32f4xx_ll_rtc.h:3352:26:LL_RTC_IsActiveFlag_INIT	16	static
stm32f4xx_ll_rtc.h:3363:26:LL_RTC_IsActiveFlag_RS	16	static
stm32f4xx_ll_rtc.h:3374:22:LL_RTC_ClearFlag_RS	16	static
stm32f4xx_ll_cortex.h:229:26:LL_SYSTICK_IsActiveCounterFlag	4	static
stm32f4xx_ll_rtc.c:135:13:LL_RTC_DeInit	24	static
stm32f4xx_ll_rtc.c:192:13:LL_RTC_Init	24	static
stm32f4xx_ll_rtc.c:231:6:LL_RTC_StructInit	16	static
stm32f4xx_ll_rtc.c:251:13:LL_RTC_TIME_Init	56	static
stm32f4xx_ll_rtc.c:333:6:LL_RTC_TIME_StructInit	16	static
stm32f4xx_ll_rtc.c:354:13:LL_RTC_DATE_Init	56	static
stm32f4xx_ll_rtc.c:421:6:LL_RTC_DATE_StructInit	16	static
stm32f4xx_ll_rtc.c:444:13:LL_RTC_ALMA_Init	48	static
stm32f4xx_ll_rtc.c:562:13:LL_RTC_ALMB_Init	48	static
stm32f4xx_ll_rtc.c:672:6:LL_RTC_ALMA_StructInit	16	static
stm32f4xx_ll_rtc.c:694:6:LL_RTC_ALMB_StructInit	16	static
stm32f4xx_ll_rtc.c:719:13:LL_RTC_EnterInitMode	32	static
stm32f4xx_ll_rtc.c:763:13:LL_RTC_ExitInitMode	16	static
stm32f4xx_ll_rtc.c:790:13:LL_RTC_WaitForSynchro	32	static
