stm32f4xx_ll_adc.h:1907:22:LL_ADC_SetCommonClock	16	static
stm32f4xx_ll_adc.h:2146:22:LL_ADC_REG_SetTriggerSource	16	static
stm32f4xx_ll_adc.h:2296:22:LL_ADC_REG_SetSequencerLength	16	static
stm32f4xx_ll_adc.h:2781:22:LL_ADC_INJ_SetTriggerSource	16	static
stm32f4xx_ll_adc.h:2895:22:LL_ADC_INJ_SetSequencerLength	16	static
stm32f4xx_ll_adc.h:3878:22:LL_ADC_Disable	16	static
stm32f4xx_ll_adc.h:3889:26:LL_ADC_IsEnabled	16	static
stm32f4xx_ll_bus.h:1889:22:LL_APB2_GRP1_ForceReset	16	static
stm32f4xx_ll_bus.h:1947:22:LL_APB2_GRP1_ReleaseReset	16	static
stm32f4xx_ll_adc.c:289:13:LL_ADC_CommonDeInit	16	static
stm32f4xx_ll_adc.c:319:13:LL_ADC_CommonInit	24	static
stm32f4xx_ll_adc.c:401:6:LL_ADC_CommonStructInit	16	static
stm32f4xx_ll_adc.c:426:13:LL_ADC_DeInit	24	static
stm32f4xx_ll_adc.c:585:13:LL_ADC_Init	24	static
stm32f4xx_ll_adc.c:633:6:LL_ADC_StructInit	16	static
stm32f4xx_ll_adc.c:680:13:LL_ADC_REG_Init	24	static
stm32f4xx_ll_adc.c:769:6:LL_ADC_REG_StructInit	16	static
stm32f4xx_ll_adc.c:815:13:LL_ADC_INJ_Init	24	static
stm32f4xx_ll_adc.c:893:6:LL_ADC_INJ_StructInit	16	static
