stm32f4xx_it.c:46:6:NMI_Handler	4	static
stm32f4xx_it.c:55:6:HardFault_Handler	4	static
stm32f4xx_it.c:68:6:MemManage_Handler	4	static
stm32f4xx_it.c:81:6:BusFault_Handler	4	static
stm32f4xx_it.c:94:6:UsageFault_Handler	4	static
stm32f4xx_it.c:107:6:SVC_Handler	4	static
stm32f4xx_it.c:116:6:DebugMon_Handler	4	static
stm32f4xx_it.c:125:6:PendSV_Handler	4	static
stm32f4xx_it.c:134:6:SysTick_Handler	16	static
stm32f4xx_it.c:166:6:OTG_FS_IRQHandler	8	static
stm32f4xx_it.c:180:6:OTG_FS_WKUP_IRQHandler	4	static
stm32f4xx_it.c:237:6:EXTI4_IRQHandler	8	static
stm32f4xx_it.c:248:13:GetPointerData	16	static
stm32f4xx_it.c:313:6:USART3_IRQHandler	8	static
