usbd_conf.c:42:6:HAL_PCD_MspInit	48	static
usbd_conf.c:186:6:HAL_PCD_MspDeInit	16	static
usbd_conf.c:211:6:HAL_PCD_SetupStageCallback	16	static
usbd_conf.c:222:6:HAL_PCD_DataOutStageCallback	16	static
usbd_conf.c:233:6:HAL_PCD_DataInStageCallback	16	static
usbd_conf.c:243:6:HAL_PCD_SOFCallback	16	static
usbd_conf.c:253:6:HAL_PCD_ResetCallback	24	static
usbd_conf.c:284:6:HAL_PCD_SuspendCallback	16	static
usbd_conf.c:326:6:HAL_PCD_ResumeCallback	16	static
usbd_conf.c:348:6:HAL_PCD_ISOOUTIncompleteCallback	16	static
usbd_conf.c:359:6:HAL_PCD_ISOINIncompleteCallback	16	static
usbd_conf.c:369:6:HAL_PCD_ConnectCallback	16	static
usbd_conf.c:379:6:HAL_PCD_DisconnectCallback	16	static
usbd_conf.c:393:20:USBD_LL_Init	16	static
usbd_conf.c:461:20:USBD_LL_DeInit	16	static
usbd_conf.c:472:20:USBD_LL_Start	16	static
usbd_conf.c:483:20:USBD_LL_Stop	16	static
usbd_conf.c:497:20:USBD_LL_OpenEP	16	static
usbd_conf.c:512:20:USBD_LL_CloseEP	16	static
usbd_conf.c:524:20:USBD_LL_FlushEP	16	static
usbd_conf.c:536:20:USBD_LL_StallEP	16	static
usbd_conf.c:548:20:USBD_LL_ClearStallEP	16	static
usbd_conf.c:561:9:USBD_LL_IsStallEP	24	static
usbd_conf.c:581:20:USBD_LL_SetUSBAddress	16	static
usbd_conf.c:596:20:USBD_LL_Transmit	24	static
usbd_conf.c:612:20:USBD_LL_PrepareReceive	24	static
usbd_conf.c:626:10:USBD_LL_GetRxDataSize	16	static
usbd_conf.c:636:13:SystemClockConfig_STOP	4	static
usbd_conf.c:672:6:HAL_GPIO_EXTI_Callback	16	static
usbd_conf.c:717:6:USBD_LL_Delay	16	static
