Archive member included to satisfy reference by file (symbol)

c:/program files (x86)/atollic/truestudio for stm32 9.3.0/armtools/bin/../lib/gcc/arm-atollic-eabi/6.3.1/../../../../arm-atollic-eabi/lib/armv7e-m/fpu\libc_nano.a(lib_a-init.o)
                              Core\Src\startup_stm32f411xe.o (__libc_init_array)
c:/program files (x86)/atollic/truestudio for stm32 9.3.0/armtools/bin/../lib/gcc/arm-atollic-eabi/6.3.1/../../../../arm-atollic-eabi/lib/armv7e-m/fpu\libc_nano.a(lib_a-malloc.o)
                              Core\Src\usbd_hid.o (malloc)
c:/program files (x86)/atollic/truestudio for stm32 9.3.0/armtools/bin/../lib/gcc/arm-atollic-eabi/6.3.1/../../../../arm-atollic-eabi/lib/armv7e-m/fpu\libc_nano.a(lib_a-memset.o)
                              Core\Src\main.o (memset)
c:/program files (x86)/atollic/truestudio for stm32 9.3.0/armtools/bin/../lib/gcc/arm-atollic-eabi/6.3.1/../../../../arm-atollic-eabi/lib/armv7e-m/fpu\libc_nano.a(lib_a-nano-freer.o)
                              c:/program files (x86)/atollic/truestudio for stm32 9.3.0/armtools/bin/../lib/gcc/arm-atollic-eabi/6.3.1/../../../../arm-atollic-eabi/lib/armv7e-m/fpu\libc_nano.a(lib_a-malloc.o) (_free_r)
c:/program files (x86)/atollic/truestudio for stm32 9.3.0/armtools/bin/../lib/gcc/arm-atollic-eabi/6.3.1/../../../../arm-atollic-eabi/lib/armv7e-m/fpu\libc_nano.a(lib_a-nano-mallocr.o)
                              c:/program files (x86)/atollic/truestudio for stm32 9.3.0/armtools/bin/../lib/gcc/arm-atollic-eabi/6.3.1/../../../../arm-atollic-eabi/lib/armv7e-m/fpu\libc_nano.a(lib_a-malloc.o) (_malloc_r)
c:/program files (x86)/atollic/truestudio for stm32 9.3.0/armtools/bin/../lib/gcc/arm-atollic-eabi/6.3.1/../../../../arm-atollic-eabi/lib/armv7e-m/fpu\libc_nano.a(lib_a-sbrkr.o)
                              c:/program files (x86)/atollic/truestudio for stm32 9.3.0/armtools/bin/../lib/gcc/arm-atollic-eabi/6.3.1/../../../../arm-atollic-eabi/lib/armv7e-m/fpu\libc_nano.a(lib_a-nano-mallocr.o) (_sbrk_r)
c:/program files (x86)/atollic/truestudio for stm32 9.3.0/armtools/bin/../lib/gcc/arm-atollic-eabi/6.3.1/../../../../arm-atollic-eabi/lib/armv7e-m/fpu\libc_nano.a(lib_a-strlen.o)
                              Core\Src\tiny_printf.o (strlen)
c:/program files (x86)/atollic/truestudio for stm32 9.3.0/armtools/bin/../lib/gcc/arm-atollic-eabi/6.3.1/../../../../arm-atollic-eabi/lib/armv7e-m/fpu\libc_nano.a(lib_a-impure.o)
                              c:/program files (x86)/atollic/truestudio for stm32 9.3.0/armtools/bin/../lib/gcc/arm-atollic-eabi/6.3.1/../../../../arm-atollic-eabi/lib/armv7e-m/fpu\libc_nano.a(lib_a-malloc.o) (_impure_ptr)
c:/program files (x86)/atollic/truestudio for stm32 9.3.0/armtools/bin/../lib/gcc/arm-atollic-eabi/6.3.1/../../../../arm-atollic-eabi/lib/armv7e-m/fpu\libc_nano.a(lib_a-mlock.o)
                              c:/program files (x86)/atollic/truestudio for stm32 9.3.0/armtools/bin/../lib/gcc/arm-atollic-eabi/6.3.1/../../../../arm-atollic-eabi/lib/armv7e-m/fpu\libc_nano.a(lib_a-nano-freer.o) (__malloc_lock)
c:/program files (x86)/atollic/truestudio for stm32 9.3.0/armtools/bin/../lib/gcc/arm-atollic-eabi/6.3.1/../../../../arm-atollic-eabi/lib/armv7e-m/fpu\libc_nano.a(lib_a-reent.o)
                              c:/program files (x86)/atollic/truestudio for stm32 9.3.0/armtools/bin/../lib/gcc/arm-atollic-eabi/6.3.1/../../../../arm-atollic-eabi/lib/armv7e-m/fpu\libc_nano.a(lib_a-sbrkr.o) (errno)
c:/program files (x86)/atollic/truestudio for stm32 9.3.0/armtools/bin/../lib/gcc/arm-atollic-eabi/6.3.1/armv7e-m/fpu\libgcc.a(_aeabi_uldivmod.o)
                              Drivers\STM32F4xx_HAL_Driver\Src\stm32f4xx_hal_rcc.o (__aeabi_uldivmod)
c:/program files (x86)/atollic/truestudio for stm32 9.3.0/armtools/bin/../lib/gcc/arm-atollic-eabi/6.3.1/armv7e-m/fpu\libgcc.a(_udivmoddi4.o)
                              c:/program files (x86)/atollic/truestudio for stm32 9.3.0/armtools/bin/../lib/gcc/arm-atollic-eabi/6.3.1/armv7e-m/fpu\libgcc.a(_aeabi_uldivmod.o) (__udivmoddi4)
c:/program files (x86)/atollic/truestudio for stm32 9.3.0/armtools/bin/../lib/gcc/arm-atollic-eabi/6.3.1/armv7e-m/fpu\libgcc.a(_dvmd_tls.o)
                              c:/program files (x86)/atollic/truestudio for stm32 9.3.0/armtools/bin/../lib/gcc/arm-atollic-eabi/6.3.1/armv7e-m/fpu\libgcc.a(_aeabi_uldivmod.o) (__aeabi_ldiv0)
c:/program files (x86)/atollic/truestudio for stm32 9.3.0/armtools/bin/../lib/gcc/arm-atollic-eabi/6.3.1/../../../../arm-atollic-eabi/lib/armv7e-m/fpu\libnosys.a(sbrk.o)
                              c:/program files (x86)/atollic/truestudio for stm32 9.3.0/armtools/bin/../lib/gcc/arm-atollic-eabi/6.3.1/../../../../arm-atollic-eabi/lib/armv7e-m/fpu\libc_nano.a(lib_a-sbrkr.o) (_sbrk)
c:/program files (x86)/atollic/truestudio for stm32 9.3.0/armtools/bin/../lib/gcc/arm-atollic-eabi/6.3.1/../../../../arm-atollic-eabi/lib/armv7e-m/fpu\libnosys.a(write.o)
                              Core\Src\tiny_printf.o (_write)

[...]
Memory Configuration

Name             Origin             Length             Attributes
FLASH            0x08000000         0x00080000         xr
RAM              0x20000000         0x00020000         xrw
MEMORY_B1        0x60000000         0x00000000         xr
*default*        0x00000000         0xffffffff

Linker script and memory map

LOAD c:/program files (x86)/atollic/truestudio for stm32 9.3.0/armtools/bin/../lib/gcc/arm-atollic-eabi/6.3.1/armv7e-m/fpu/crti.o
LOAD c:/program files (x86)/atollic/truestudio for stm32 9.3.0/armtools/bin/../lib/gcc/arm-atollic-eabi/6.3.1/armv7e-m/fpu/crtbegin.o
LOAD Core\Src\main.o
LOAD Core\Src\n64.o
LOAD Core\Src\pro_cont_desc.o
LOAD Core\Src\startup_stm32f411xe.o
LOAD Core\Src\stm32f4xx_hal_msp.o
LOAD Core\Src\stm32f4xx_it.o
LOAD Core\Src\system_stm32f4xx.o
LOAD Core\Src\tiny_printf.o
LOAD Core\Src\usbd_conf.o
LOAD Core\Src\usbd_hid.o
LOAD Drivers\STM32F4xx_HAL_Driver\Src\Legacy\stm32f4xx_hal_can.o
LOAD Drivers\STM32F4xx_HAL_Driver\Src\Legacy\stm32f4xx_hal_eth.o
LOAD Drivers\STM32F4xx_HAL_Driver\Src\stm32f4xx_hal.o
LOAD Drivers\STM32F4xx_HAL_Driver\Src\stm32f4xx_hal_adc.o
LOAD Drivers\STM32F4xx_HAL_Driver\Src\stm32f4xx_hal_adc_ex.o
LOAD Drivers\STM32F4xx_HAL_Driver\Src\stm32f4xx_hal_can.o
LOAD Drivers\STM32F4xx_HAL_Driver\Src\stm32f4xx_hal_cec.o
LOAD Drivers\STM32F4xx_HAL_Driver\Src\stm32f4xx_hal_cortex.o
LOAD Drivers\STM32F4xx_HAL_Driver\Src\stm32f4xx_hal_crc.o
LOAD Drivers\STM32F4xx_HAL_Driver\Src\stm32f4xx_hal_cryp.o
LOAD Drivers\STM32F4xx_HAL_Driver\Src\stm32f4xx_hal_cryp_ex.o
LOAD Drivers\STM32F4xx_HAL_Driver\Src\stm32f4xx_hal_dac.o
LOAD Drivers\STM32F4xx_HAL_Driver\Src\stm32f4xx_hal_dac_ex.o
LOAD Drivers\STM32F4xx_HAL_Driver\Src\stm32f4xx_hal_dcmi.o
LOAD Drivers\STM32F4xx_HAL_Driver\Src\stm32f4xx_hal_dcmi_ex.o
LOAD Drivers\STM32F4xx_HAL_Driver\Src\stm32f4xx_hal_dfsdm.o
LOAD Drivers\STM32F4xx_HAL_Driver\Src\stm32f4xx_hal_dma.o
LOAD Drivers\STM32F4xx_HAL_Driver\Src\stm32f4xx_hal_dma2d.o
LOAD Drivers\STM32F4xx_HAL_Driver\Src\stm32f4xx_hal_dma_ex.o
LOAD Drivers\STM32F4xx_HAL_Driver\Src\stm32f4xx_hal_dsi.o
LOAD Drivers\STM32F4xx_HAL_Driver\Src\stm32f4xx_hal_eth.o
LOAD Drivers\STM32F4xx_HAL_Driver\Src\stm32f4xx_hal_exti.o
LOAD Drivers\STM32F4xx_HAL_Driver\Src\stm32f4xx_hal_flash.o
LOAD Drivers\STM32F4xx_HAL_Driver\Src\stm32f4xx_hal_flash_ex.o
LOAD Drivers\STM32F4xx_HAL_Driver\Src\stm32f4xx_hal_flash_ramfunc.o
LOAD Drivers\STM32F4xx_HAL_Driver\Src\stm32f4xx_hal_fmpi2c.o
LOAD Drivers\STM32F4xx_HAL_Driver\Src\stm32f4xx_hal_fmpi2c_ex.o
LOAD Drivers\STM32F4xx_HAL_Driver\Src\stm32f4xx_hal_fmpsmbus.o
LOAD Drivers\STM32F4xx_HAL_Driver\Src\stm32f4xx_hal_fmpsmbus_ex.o
LOAD Drivers\STM32F4xx_HAL_Driver\Src\stm32f4xx_hal_gpio.o
LOAD Drivers\STM32F4xx_HAL_Driver\Src\stm32f4xx_hal_hash.o
LOAD Drivers\STM32F4xx_HAL_Driver\Src\stm32f4xx_hal_hash_ex.o
LOAD Drivers\STM32F4xx_HAL_Driver\Src\stm32f4xx_hal_hcd.o
LOAD Drivers\STM32F4xx_HAL_Driver\Src\stm32f4xx_hal_i2c.o
LOAD Drivers\STM32F4xx_HAL_Driver\Src\stm32f4xx_hal_i2c_ex.o
LOAD Drivers\STM32F4xx_HAL_Driver\Src\stm32f4xx_hal_i2s.o
LOAD Drivers\STM32F4xx_HAL_Driver\Src\stm32f4xx_hal_i2s_ex.o
LOAD Drivers\STM32F4xx_HAL_Driver\Src\stm32f4xx_hal_irda.o
LOAD Drivers\STM32F4xx_HAL_Driver\Src\stm32f4xx_hal_iwdg.o
LOAD Drivers\STM32F4xx_HAL_Driver\Src\stm32f4xx_hal_lptim.o
LOAD Drivers\STM32F4xx_HAL_Driver\Src\stm32f4xx_hal_ltdc.o
LOAD Drivers\STM32F4xx_HAL_Driver\Src\stm32f4xx_hal_ltdc_ex.o
LOAD Drivers\STM32F4xx_HAL_Driver\Src\stm32f4xx_hal_mmc.o
LOAD Drivers\STM32F4xx_HAL_Driver\Src\stm32f4xx_hal_nand.o
LOAD Drivers\STM32F4xx_HAL_Driver\Src\stm32f4xx_hal_nor.o
LOAD Drivers\STM32F4xx_HAL_Driver\Src\stm32f4xx_hal_pccard.o
LOAD Drivers\STM32F4xx_HAL_Driver\Src\stm32f4xx_hal_pcd.o
LOAD Drivers\STM32F4xx_HAL_Driver\Src\stm32f4xx_hal_pcd_ex.o
LOAD Drivers\STM32F4xx_HAL_Driver\Src\stm32f4xx_hal_pwr.o
LOAD Drivers\STM32F4xx_HAL_Driver\Src\stm32f4xx_hal_pwr_ex.o
LOAD Drivers\STM32F4xx_HAL_Driver\Src\stm32f4xx_hal_qspi.o
LOAD Drivers\STM32F4xx_HAL_Driver\Src\stm32f4xx_hal_rcc.o
LOAD Drivers\STM32F4xx_HAL_Driver\Src\stm32f4xx_hal_rcc_ex.o
LOAD Drivers\STM32F4xx_HAL_Driver\Src\stm32f4xx_hal_rng.o
LOAD Drivers\STM32F4xx_HAL_Driver\Src\stm32f4xx_hal_rtc.o
LOAD Drivers\STM32F4xx_HAL_Driver\Src\stm32f4xx_hal_rtc_ex.o
LOAD Drivers\STM32F4xx_HAL_Driver\Src\stm32f4xx_hal_sai.o
LOAD Drivers\STM32F4xx_HAL_Driver\Src\stm32f4xx_hal_sai_ex.o
LOAD Drivers\STM32F4xx_HAL_Driver\Src\stm32f4xx_hal_sd.o
LOAD Drivers\STM32F4xx_HAL_Driver\Src\stm32f4xx_hal_sdram.o
LOAD Drivers\STM32F4xx_HAL_Driver\Src\stm32f4xx_hal_smartcard.o
LOAD Drivers\STM32F4xx_HAL_Driver\Src\stm32f4xx_hal_smbus.o
LOAD Drivers\STM32F4xx_HAL_Driver\Src\stm32f4xx_hal_spdifrx.o
LOAD Drivers\STM32F4xx_HAL_Driver\Src\stm32f4xx_hal_spi.o
LOAD Drivers\STM32F4xx_HAL_Driver\Src\stm32f4xx_hal_sram.o
LOAD Drivers\STM32F4xx_HAL_Driver\Src\stm32f4xx_hal_tim.o
LOAD Drivers\STM32F4xx_HAL_Driver\Src\stm32f4xx_hal_tim_ex.o
LOAD Drivers\STM32F4xx_HAL_Driver\Src\stm32f4xx_hal_uart.o
LOAD Drivers\STM32F4xx_HAL_Driver\Src\stm32f4xx_hal_usart.o
LOAD Drivers\STM32F4xx_HAL_Driver\Src\stm32f4xx_hal_wwdg.o
LOAD Drivers\STM32F4xx_HAL_Driver\Src\stm32f4xx_ll_adc.o
LOAD Drivers\STM32F4xx_HAL_Driver\Src\stm32f4xx_ll_crc.o
LOAD Drivers\STM32F4xx_HAL_Driver\Src\stm32f4xx_ll_dac.o
LOAD Drivers\STM32F4xx_HAL_Driver\Src\stm32f4xx_ll_dma.o
LOAD Drivers\STM32F4xx_HAL_Driver\Src\stm32f4xx_ll_dma2d.o
LOAD Drivers\STM32F4xx_HAL_Driver\Src\stm32f4xx_ll_exti.o
LOAD Drivers\STM32F4xx_HAL_Driver\Src\stm32f4xx_ll_fmc.o
LOAD Drivers\STM32F4xx_HAL_Driver\Src\stm32f4xx_ll_fmpi2c.o
LOAD Drivers\STM32F4xx_HAL_Driver\Src\stm32f4xx_ll_fsmc.o
LOAD Drivers\STM32F4xx_HAL_Driver\Src\stm32f4xx_ll_gpio.o
LOAD Drivers\STM32F4xx_HAL_Driver\Src\stm32f4xx_ll_i2c.o
LOAD Drivers\STM32F4xx_HAL_Driver\Src\stm32f4xx_ll_lptim.o
LOAD Drivers\STM32F4xx_HAL_Driver\Src\stm32f4xx_ll_pwr.o
LOAD Drivers\STM32F4xx_HAL_Driver\Src\stm32f4xx_ll_rcc.o
LOAD Drivers\STM32F4xx_HAL_Driver\Src\stm32f4xx_ll_rng.o
LOAD Drivers\STM32F4xx_HAL_Driver\Src\stm32f4xx_ll_rtc.o
LOAD Drivers\STM32F4xx_HAL_Driver\Src\stm32f4xx_ll_sdmmc.o
LOAD Drivers\STM32F4xx_HAL_Driver\Src\stm32f4xx_ll_spi.o
LOAD Drivers\STM32F4xx_HAL_Driver\Src\stm32f4xx_ll_tim.o
LOAD Drivers\STM32F4xx_HAL_Driver\Src\stm32f4xx_ll_usart.o
LOAD Drivers\STM32F4xx_HAL_Driver\Src\stm32f4xx_ll_usb.o
LOAD Drivers\STM32F4xx_HAL_Driver\Src\stm32f4xx_ll_utils.o
LOAD Middlewares\STM32_USB_Device_Library\Core\Src\usbd_core.o
LOAD Middlewares\STM32_USB_Device_Library\Core\Src\usbd_ctlreq.o
LOAD Middlewares\STM32_USB_Device_Library\Core\Src\usbd_ioreq.o
                0x00000080                malloc_getpagesize_P = 0x80
START GROUP
LOAD c:/program files (x86)/atollic/truestudio for stm32 9.3.0/armtools/bin/../lib/gcc/arm-atollic-eabi/6.3.1/../../../../arm-atollic-eabi/lib/armv7e-m/fpu\libc_nano.a
LOAD c:/program files (x86)/atollic/truestudio for stm32 9.3.0/armtools/bin/../lib/gcc/arm-atollic-eabi/6.3.1/../../../../arm-atollic-eabi/lib/armv7e-m/fpu\libm.a
END GROUP
START GROUP
LOAD c:/program files (x86)/atollic/truestudio for stm32 9.3.0/armtools/bin/../lib/gcc/arm-atollic-eabi/6.3.1/armv7e-m/fpu\libgcc.a
LOAD c:/program files (x86)/atollic/truestudio for stm32 9.3.0/armtools/bin/../lib/gcc/arm-atollic-eabi/6.3.1/../../../../arm-atollic-eabi/lib/armv7e-m/fpu\libc_nano.a
END GROUP
START GROUP
LOAD c:/program files (x86)/atollic/truestudio for stm32 9.3.0/armtools/bin/../lib/gcc/arm-atollic-eabi/6.3.1/armv7e-m/fpu\libgcc.a
LOAD c:/program files (x86)/atollic/truestudio for stm32 9.3.0/armtools/bin/../lib/gcc/arm-atollic-eabi/6.3.1/../../../../arm-atollic-eabi/lib/armv7e-m/fpu\libc_nano.a
LOAD c:/program files (x86)/atollic/truestudio for stm32 9.3.0/armtools/bin/../lib/gcc/arm-atollic-eabi/6.3.1/../../../../arm-atollic-eabi/lib/armv7e-m/fpu\libnosys.a
END GROUP
START GROUP
LOAD c:/program files (x86)/atollic/truestudio for stm32 9.3.0/armtools/bin/../lib/gcc/arm-atollic-eabi/6.3.1/armv7e-m/fpu\libgcc.a
LOAD c:/program files (x86)/atollic/truestudio for stm32 9.3.0/armtools/bin/../lib/gcc/arm-atollic-eabi/6.3.1/../../../../arm-atollic-eabi/lib/armv7e-m/fpu\libc_nano.a
LOAD c:/program files (x86)/atollic/truestudio for stm32 9.3.0/armtools/bin/../lib/gcc/arm-atollic-eabi/6.3.1/../../../../arm-atollic-eabi/lib/armv7e-m/fpu\libnosys.a
END GROUP
LOAD c:/program files (x86)/atollic/truestudio for stm32 9.3.0/armtools/bin/../lib/gcc/arm-atollic-eabi/6.3.1/armv7e-m/fpu/crtend.o
LOAD c:/program files (x86)/atollic/truestudio for stm32 9.3.0/armtools/bin/../lib/gcc/arm-atollic-eabi/6.3.1/armv7e-m/fpu/crtn.o
                0x20020000                _estack = 0x20020000
                0x00000000                _Min_Heap_Size = 0x0
                0x00000400                _Min_Stack_Size = 0x400

.isr_vector     0x08000000      0x198
                0x08000000                . = ALIGN (0x4)
 *(.isr_vector)
 .isr_vector    0x08000000      0x198 Core\Src\startup_stm32f411xe.o
                0x08000000                g_pfnVectors
                0x08000198                . = ALIGN (0x4)

.text           0x08000198     0x8680
                0x08000198                . = ALIGN (0x4)
 *(.text)
 .text          0x08000198       0x40 c:/program files (x86)/atollic/truestudio for stm32 9.3.0/armtools/bin/../lib/gcc/arm-atollic-eabi/6.3.1/armv7e-m/fpu/crtbegin.o
 .text          0x080001d8       0x30 c:/program files (x86)/atollic/truestudio for stm32 9.3.0/armtools/bin/../lib/gcc/arm-atollic-eabi/6.3.1/armv7e-m/fpu\libgcc.a(_aeabi_uldivmod.o)
                0x080001d8                __aeabi_uldivmod
 .text          0x08000208      0x2dc c:/program files (x86)/atollic/truestudio for stm32 9.3.0/armtools/bin/../lib/gcc/arm-atollic-eabi/6.3.1/armv7e-m/fpu\libgcc.a(_udivmoddi4.o)
                0x08000208                __udivmoddi4
 .text          0x080004e4        0x4 c:/program files (x86)/atollic/truestudio for stm32 9.3.0/armtools/bin/../lib/gcc/arm-atollic-eabi/6.3.1/armv7e-m/fpu\libgcc.a(_dvmd_tls.o)
                0x080004e4                __aeabi_idiv0
                0x080004e4                __aeabi_ldiv0
 *(.text*)
 .text.LL_GPIO_SetOutputPin
                0x080004e8       0x1c Core\Src\main.o
 .text.LL_GPIO_ResetOutputPin
                0x08000504       0x1e Core\Src\main.o
 *fill*         0x08000522        0x2 
 .text.main     0x08000524      0x104 Core\Src\main.o
                0x08000524                main
 .text.SystemClock_Config
                0x08000628       0xd0 Core\Src\main.o
 .text.Error_Handler
                0x080006f8        0x8 Core\Src\main.o
                0x080006f8                Error_Handler
 .text.MX_USART1_UART_Init
                0x08000700       0x5c Core\Src\main.o
 .text.MX_TIM9_Init
                0x0800075c       0x90 Core\Src\main.o
 .text.PCLK1_clock
                0x080007ec       0x2c Core\Src\main.o
                0x080007ec                PCLK1_clock
 .text.LL_GPIO_IsInputPinSet
                0x08000818       0x2a Core\Src\n64.o
 .text.LL_GPIO_SetOutputPin
                0x08000842       0x1c Core\Src\n64.o
 .text.LL_GPIO_ResetOutputPin
                0x0800085e       0x1e Core\Src\n64.o
 .text.n64_init
                0x0800087c       0x74 Core\Src\n64.o
                0x0800087c                n64_init
 .text.reverse  0x080008f0       0x68 Core\Src\n64.o
                0x080008f0                reverse
 .text.n64schedule_update
                0x08000958       0x18 Core\Src\n64.o
                0x08000958                n64schedule_update
 .text.map      0x08000970       0x58 Core\Src\n64.o
                0x08000970                map
 .text.n64_main_loop
                0x080009c8      0x220 Core\Src\n64.o
                0x080009c8                n64_main_loop
 .text.n64_prepare_hid_report
                0x08000be8      0x29c Core\Src\n64.o
                0x08000be8                n64_prepare_hid_report
 .text.USBD_HID_DeviceDescriptor
                0x08000e84       0x24 Core\Src\pro_cont_desc.o
                0x08000e84                USBD_HID_DeviceDescriptor
 .text.USBD_HID_LangIDStrDescriptor
                0x08000ea8       0x24 Core\Src\pro_cont_desc.o
                0x08000ea8                USBD_HID_LangIDStrDescriptor
 .text.USBD_HID_ProductStrDescriptor
                0x08000ecc       0x3c Core\Src\pro_cont_desc.o
                0x08000ecc                USBD_HID_ProductStrDescriptor
 .text.USBD_HID_ManufacturerStrDescriptor
                0x08000f08       0x28 Core\Src\pro_cont_desc.o
                0x08000f08                USBD_HID_ManufacturerStrDescriptor
 .text.USBD_HID_SerialStrDescriptor
                0x08000f30       0x24 Core\Src\pro_cont_desc.o
                0x08000f30                USBD_HID_SerialStrDescriptor
 .text.USBD_HID_ConfigStrDescriptor
                0x08000f54       0x3c Core\Src\pro_cont_desc.o
                0x08000f54                USBD_HID_ConfigStrDescriptor
 .text.USBD_HID_InterfaceStrDescriptor
                0x08000f90       0x3c Core\Src\pro_cont_desc.o
                0x08000f90                USBD_HID_InterfaceStrDescriptor
 .text.Get_SerialNum
                0x08000fcc       0x58 Core\Src\pro_cont_desc.o
 .text.IntToUnicode
                0x08001024       0x7c Core\Src\pro_cont_desc.o
 .text.Reset_Handler
                0x080010a0       0x50 Core\Src\startup_stm32f411xe.o
                0x080010a0                Reset_Handler
 .text.Default_Handler
                0x080010f0        0x2 Core\Src\startup_stm32f411xe.o
                0x080010f0                RTC_Alarm_IRQHandler
                0x080010f0                EXTI2_IRQHandler
                0x080010f0                SPI4_IRQHandler
                0x080010f0                TIM1_CC_IRQHandler
                0x080010f0                DMA2_Stream5_IRQHandler
                0x080010f0                DMA1_Stream5_IRQHandler
                0x080010f0                PVD_IRQHandler
                0x080010f0                SDIO_IRQHandler
                0x080010f0                TAMP_STAMP_IRQHandler
                0x080010f0                EXTI3_IRQHandler
                0x080010f0                TIM1_UP_TIM10_IRQHandler
                0x080010f0                I2C3_ER_IRQHandler
                0x080010f0                EXTI0_IRQHandler
                0x080010f0                I2C2_EV_IRQHandler
                0x080010f0                DMA1_Stream2_IRQHandler
                0x080010f0                FPU_IRQHandler
                0x080010f0                DMA2_Stream2_IRQHandler
                0x080010f0                SPI1_IRQHandler
                0x080010f0                DMA2_Stream3_IRQHandler
                0x080010f0                USART6_IRQHandler
                0x080010f0                DMA2_Stream0_IRQHandler
                0x080010f0                TIM4_IRQHandler
                0x080010f0                I2C1_EV_IRQHandler
                0x080010f0                DMA1_Stream6_IRQHandler
                0x080010f0                DMA1_Stream1_IRQHandler
                0x080010f0                TIM3_IRQHandler
                0x080010f0                RCC_IRQHandler
                0x080010f0                Default_Handler
                0x080010f0                EXTI15_10_IRQHandler
                0x080010f0                ADC_IRQHandler
                0x080010f0                DMA1_Stream7_IRQHandler
                0x080010f0                SPI5_IRQHandler
                0x080010f0                TIM5_IRQHandler
                0x080010f0                DMA2_Stream7_IRQHandler
                0x080010f0                I2C3_EV_IRQHandler
                0x080010f0                EXTI9_5_IRQHandler
                0x080010f0                RTC_WKUP_IRQHandler
                0x080010f0                SPI2_IRQHandler
                0x080010f0                DMA1_Stream0_IRQHandler
                0x080010f0                WWDG_IRQHandler
                0x080010f0                TIM2_IRQHandler
                0x080010f0                TIM1_TRG_COM_TIM11_IRQHandler
                0x080010f0                EXTI1_IRQHandler
                0x080010f0                USART2_IRQHandler
                0x080010f0                I2C2_ER_IRQHandler
                0x080010f0                DMA2_Stream1_IRQHandler
                0x080010f0                FLASH_IRQHandler
                0x080010f0                DMA2_Stream4_IRQHandler
                0x080010f0                USART1_IRQHandler
                0x080010f0                SPI3_IRQHandler
                0x080010f0                DMA1_Stream4_IRQHandler
                0x080010f0                I2C1_ER_IRQHandler
                0x080010f0                DMA2_Stream6_IRQHandler
                0x080010f0                DMA1_Stream3_IRQHandler
 *fill*         0x080010f2        0x2 
 .text.HAL_UART_MspInit
                0x080010f4       0x90 Core\Src\stm32f4xx_hal_msp.o
                0x080010f4                HAL_UART_MspInit
 .text.HAL_MspInit
                0x08001184       0x50 Core\Src\stm32f4xx_hal_msp.o
                0x08001184                HAL_MspInit
 .text.HAL_TIM_Base_MspInit
                0x080011d4       0x50 Core\Src\stm32f4xx_hal_msp.o
                0x080011d4                HAL_TIM_Base_MspInit
 .text.LL_GPIO_SetOutputPin
                0x08001224       0x1c Core\Src\stm32f4xx_it.o
 .text.LL_GPIO_ResetOutputPin
                0x08001240       0x1e Core\Src\stm32f4xx_it.o
 .text.NMI_Handler
                0x0800125e        0xe Core\Src\stm32f4xx_it.o
                0x0800125e                NMI_Handler
 .text.HardFault_Handler
                0x0800126c        0x6 Core\Src\stm32f4xx_it.o
                0x0800126c                HardFault_Handler
 .text.MemManage_Handler
                0x08001272        0x6 Core\Src\stm32f4xx_it.o
                0x08001272                MemManage_Handler
 .text.BusFault_Handler
                0x08001278        0x6 Core\Src\stm32f4xx_it.o
                0x08001278                BusFault_Handler
 .text.UsageFault_Handler
                0x0800127e        0x6 Core\Src\stm32f4xx_it.o
                0x0800127e                UsageFault_Handler
 .text.SVC_Handler
                0x08001284        0xe Core\Src\stm32f4xx_it.o
                0x08001284                SVC_Handler
 .text.DebugMon_Handler
                0x08001292        0xe Core\Src\stm32f4xx_it.o
                0x08001292                DebugMon_Handler
 .text.PendSV_Handler
                0x080012a0        0xe Core\Src\stm32f4xx_it.o
                0x080012a0                PendSV_Handler
 *fill*         0x080012ae        0x2 
 .text.SysTick_Handler
                0x080012b0       0x44 Core\Src\stm32f4xx_it.o
                0x080012b0                SysTick_Handler
 .text.OTG_FS_IRQHandler
                0x080012f4       0x14 Core\Src\stm32f4xx_it.o
                0x080012f4                OTG_FS_IRQHandler
 .text.OTG_FS_WKUP_IRQHandler
                0x08001308       0xa4 Core\Src\stm32f4xx_it.o
                0x08001308                OTG_FS_WKUP_IRQHandler
 .text.EXTI4_IRQHandler
                0x080013ac        0xe Core\Src\stm32f4xx_it.o
                0x080013ac                EXTI4_IRQHandler
 .text.GetReportData
                0x080013ba       0x4c Core\Src\stm32f4xx_it.o
 *fill*         0x08001406        0x2 
 .text.TIM1_BRK_TIM9_IRQHandler
                0x08001408       0x2c Core\Src\stm32f4xx_it.o
                0x08001408                TIM1_BRK_TIM9_IRQHandler
 .text.SystemInit
                0x08001434       0x6c Core\Src\system_stm32f4xx.o
                0x08001434                SystemInit
 .text.HAL_PCD_MspInit
                0x080014a0      0x100 Core\Src\usbd_conf.o
                0x080014a0                HAL_PCD_MspInit
 .text.HAL_PCD_SetupStageCallback
                0x080015a0       0x24 Core\Src\usbd_conf.o
                0x080015a0                HAL_PCD_SetupStageCallback
 .text.HAL_PCD_DataOutStageCallback
                0x080015c4       0x36 Core\Src\usbd_conf.o
                0x080015c4                HAL_PCD_DataOutStageCallback
 .text.HAL_PCD_DataInStageCallback
                0x080015fa       0x34 Core\Src\usbd_conf.o
                0x080015fa                HAL_PCD_DataInStageCallback
 .text.HAL_PCD_SOFCallback
                0x0800162e       0x1c Core\Src\usbd_conf.o
                0x0800162e                HAL_PCD_SOFCallback
 .text.HAL_PCD_ResetCallback
                0x0800164a       0x50 Core\Src\usbd_conf.o
                0x0800164a                HAL_PCD_ResetCallback
 *fill*         0x0800169a        0x2 
 .text.HAL_PCD_SuspendCallback
                0x0800169c       0x50 Core\Src\usbd_conf.o
                0x0800169c                HAL_PCD_SuspendCallback
 .text.HAL_PCD_ResumeCallback
                0x080016ec       0x64 Core\Src\usbd_conf.o
                0x080016ec                HAL_PCD_ResumeCallback
 .text.HAL_PCD_ISOOUTIncompleteCallback
                0x08001750       0x24 Core\Src\usbd_conf.o
                0x08001750                HAL_PCD_ISOOUTIncompleteCallback
 .text.HAL_PCD_ISOINIncompleteCallback
                0x08001774       0x24 Core\Src\usbd_conf.o
                0x08001774                HAL_PCD_ISOINIncompleteCallback
 .text.HAL_PCD_ConnectCallback
                0x08001798       0x1c Core\Src\usbd_conf.o
                0x08001798                HAL_PCD_ConnectCallback
 .text.HAL_PCD_DisconnectCallback
                0x080017b4       0x1c Core\Src\usbd_conf.o
                0x080017b4                HAL_PCD_DisconnectCallback
 .text.USBD_LL_Init
                0x080017d0       0x8c Core\Src\usbd_conf.o
                0x080017d0                USBD_LL_Init
 .text.USBD_LL_Start
                0x0800185c       0x1e Core\Src\usbd_conf.o
                0x0800185c                USBD_LL_Start
 .text.USBD_LL_OpenEP
                0x0800187a       0x34 Core\Src\usbd_conf.o
                0x0800187a                USBD_LL_OpenEP
 .text.USBD_LL_CloseEP
                0x080018ae       0x26 Core\Src\usbd_conf.o
                0x080018ae                USBD_LL_CloseEP
 .text.USBD_LL_StallEP
                0x080018d4       0x26 Core\Src\usbd_conf.o
                0x080018d4                USBD_LL_StallEP
 .text.USBD_LL_ClearStallEP
                0x080018fa       0x26 Core\Src\usbd_conf.o
                0x080018fa                USBD_LL_ClearStallEP
 .text.USBD_LL_IsStallEP
                0x08001920       0x58 Core\Src\usbd_conf.o
                0x08001920                USBD_LL_IsStallEP
 .text.USBD_LL_SetUSBAddress
                0x08001978       0x26 Core\Src\usbd_conf.o
                0x08001978                USBD_LL_SetUSBAddress
 .text.USBD_LL_Transmit
                0x0800199e       0x2a Core\Src\usbd_conf.o
                0x0800199e                USBD_LL_Transmit
 .text.USBD_LL_PrepareReceive
                0x080019c8       0x2a Core\Src\usbd_conf.o
                0x080019c8                USBD_LL_PrepareReceive
 *fill*         0x080019f2        0x2 
 .text.SystemClockConfig_STOP
                0x080019f4       0x64 Core\Src\usbd_conf.o
 .text.HAL_GPIO_EXTI_Callback
                0x08001a58       0xa4 Core\Src\usbd_conf.o
                0x08001a58                HAL_GPIO_EXTI_Callback
 .text.USBD_HID_Init
                0x08001afc       0xd0 Core\Src\usbd_hid.o
 .text.USBD_HID_DeInit
                0x08001bcc       0x90 Core\Src\usbd_hid.o
 .text.USBD_HID_Setup
                0x08001c5c      0x210 Core\Src\usbd_hid.o
 .text.USBD_HID_SendReport
                0x08001e6c       0x60 Core\Src\usbd_hid.o
                0x08001e6c                USBD_HID_SendReport
 .text.USBD_HID_GetPollingInterval
                0x08001ecc       0x28 Core\Src\usbd_hid.o
                0x08001ecc                USBD_HID_GetPollingInterval
 .text.USBD_HID_GetFSCfgDesc
                0x08001ef4       0x34 Core\Src\usbd_hid.o
 .text.USBD_HID_GetHSCfgDesc
                0x08001f28       0x34 Core\Src\usbd_hid.o
 .text.USBD_HID_GetOtherSpeedCfgDesc
                0x08001f5c       0x34 Core\Src\usbd_hid.o
 .text.USBD_HID_DataIn
                0x08001f90       0x2c Core\Src\usbd_hid.o
 .text.USBD_HID_GetDeviceQualifierDesc
                0x08001fbc       0x20 Core\Src\usbd_hid.o
 .text.HAL_Init
                0x08001fdc       0x44 Drivers\STM32F4xx_HAL_Driver\Src\stm32f4xx_hal.o
                0x08001fdc                HAL_Init
 .text.HAL_InitTick
                0x08002020       0x60 Drivers\STM32F4xx_HAL_Driver\Src\stm32f4xx_hal.o
                0x08002020                HAL_InitTick
 .text.HAL_IncTick
                0x08002080       0x28 Drivers\STM32F4xx_HAL_Driver\Src\stm32f4xx_hal.o
                0x08002080                HAL_IncTick
 .text.HAL_GetTick
                0x080020a8       0x18 Drivers\STM32F4xx_HAL_Driver\Src\stm32f4xx_hal.o
                0x080020a8                HAL_GetTick
 .text.HAL_Delay
                0x080020c0       0x44 Drivers\STM32F4xx_HAL_Driver\Src\stm32f4xx_hal.o
                0x080020c0                HAL_Delay
 .text.__NVIC_SetPriorityGrouping
                0x08002104       0x48 Drivers\STM32F4xx_HAL_Driver\Src\stm32f4xx_hal_cortex.o
 .text.__NVIC_GetPriorityGrouping
                0x0800214c       0x1c Drivers\STM32F4xx_HAL_Driver\Src\stm32f4xx_hal_cortex.o
 .text.__NVIC_EnableIRQ
                0x08002168       0x3c Drivers\STM32F4xx_HAL_Driver\Src\stm32f4xx_hal_cortex.o
 .text.__NVIC_SetPriority
                0x080021a4       0x54 Drivers\STM32F4xx_HAL_Driver\Src\stm32f4xx_hal_cortex.o
 .text.NVIC_EncodePriority
                0x080021f8       0x62 Drivers\STM32F4xx_HAL_Driver\Src\stm32f4xx_hal_cortex.o
 *fill*         0x0800225a        0x2 
 .text.SysTick_Config
                0x0800225c       0x44 Drivers\STM32F4xx_HAL_Driver\Src\stm32f4xx_hal_cortex.o
 .text.HAL_NVIC_SetPriorityGrouping
                0x080022a0       0x16 Drivers\STM32F4xx_HAL_Driver\Src\stm32f4xx_hal_cortex.o
                0x080022a0                HAL_NVIC_SetPriorityGrouping
 .text.HAL_NVIC_SetPriority
                0x080022b6       0x38 Drivers\STM32F4xx_HAL_Driver\Src\stm32f4xx_hal_cortex.o
                0x080022b6                HAL_NVIC_SetPriority
 .text.HAL_NVIC_EnableIRQ
                0x080022ee       0x1c Drivers\STM32F4xx_HAL_Driver\Src\stm32f4xx_hal_cortex.o
                0x080022ee                HAL_NVIC_EnableIRQ
 .text.HAL_SYSTICK_Config
                0x0800230a       0x18 Drivers\STM32F4xx_HAL_Driver\Src\stm32f4xx_hal_cortex.o
                0x0800230a                HAL_SYSTICK_Config
 *fill*         0x08002322        0x2 
 .text.HAL_GPIO_Init
                0x08002324      0x304 Drivers\STM32F4xx_HAL_Driver\Src\stm32f4xx_hal_gpio.o
                0x08002324                HAL_GPIO_Init
 .text.HAL_GPIO_EXTI_IRQHandler
                0x08002628       0x30 Drivers\STM32F4xx_HAL_Driver\Src\stm32f4xx_hal_gpio.o
                0x08002628                HAL_GPIO_EXTI_IRQHandler
 .text.HAL_PCD_Init
                0x08002658      0x23a Drivers\STM32F4xx_HAL_Driver\Src\stm32f4xx_hal_pcd.o
                0x08002658                HAL_PCD_Init
 .text.HAL_PCD_Start
                0x08002892       0x66 Drivers\STM32F4xx_HAL_Driver\Src\stm32f4xx_hal_pcd.o
                0x08002892                HAL_PCD_Start
 .text.HAL_PCD_IRQHandler
                0x080028f8      0x95a Drivers\STM32F4xx_HAL_Driver\Src\stm32f4xx_hal_pcd.o
                0x080028f8                HAL_PCD_IRQHandler
 .text.HAL_PCD_SetAddress
                0x08003252       0x4a Drivers\STM32F4xx_HAL_Driver\Src\stm32f4xx_hal_pcd.o
                0x08003252                HAL_PCD_SetAddress
 .text.HAL_PCD_EP_Open
                0x0800329c       0xd0 Drivers\STM32F4xx_HAL_Driver\Src\stm32f4xx_hal_pcd.o
                0x0800329c                HAL_PCD_EP_Open
 .text.HAL_PCD_EP_Close
                0x0800336c       0x94 Drivers\STM32F4xx_HAL_Driver\Src\stm32f4xx_hal_pcd.o
                0x0800336c                HAL_PCD_EP_Close
 .text.HAL_PCD_EP_Receive
                0x08003400       0x96 Drivers\STM32F4xx_HAL_Driver\Src\stm32f4xx_hal_pcd.o
                0x08003400                HAL_PCD_EP_Receive
 .text.HAL_PCD_EP_Transmit
                0x08003496       0x94 Drivers\STM32F4xx_HAL_Driver\Src\stm32f4xx_hal_pcd.o
                0x08003496                HAL_PCD_EP_Transmit
 .text.HAL_PCD_EP_SetStall
                0x0800352a       0xc8 Drivers\STM32F4xx_HAL_Driver\Src\stm32f4xx_hal_pcd.o
                0x0800352a                HAL_PCD_EP_SetStall
 .text.HAL_PCD_EP_ClrStall
                0x080035f2       0xac Drivers\STM32F4xx_HAL_Driver\Src\stm32f4xx_hal_pcd.o
                0x080035f2                HAL_PCD_EP_ClrStall
 .text.HAL_PCD_EP_Abort
                0x0800369e       0x62 Drivers\STM32F4xx_HAL_Driver\Src\stm32f4xx_hal_pcd.o
                0x0800369e                HAL_PCD_EP_Abort
 .text.HAL_PCD_ActivateRemoteWakeup
                0x08003700       0x1c Drivers\STM32F4xx_HAL_Driver\Src\stm32f4xx_hal_pcd.o
                0x08003700                HAL_PCD_ActivateRemoteWakeup
 .text.HAL_PCD_DeActivateRemoteWakeup
                0x0800371c       0x1c Drivers\STM32F4xx_HAL_Driver\Src\stm32f4xx_hal_pcd.o
                0x0800371c                HAL_PCD_DeActivateRemoteWakeup
 .text.PCD_WriteEmptyTxFifo
                0x08003738      0x11c Drivers\STM32F4xx_HAL_Driver\Src\stm32f4xx_hal_pcd.o
 .text.PCD_EP_OutXfrComplete_int
                0x08003854      0x1d0 Drivers\STM32F4xx_HAL_Driver\Src\stm32f4xx_hal_pcd.o
 .text.PCD_EP_OutSetupPacket_int
                0x08003a24       0x8c Drivers\STM32F4xx_HAL_Driver\Src\stm32f4xx_hal_pcd.o
 .text.HAL_PCDEx_SetTxFiFo
                0x08003ab0       0x8e Drivers\STM32F4xx_HAL_Driver\Src\stm32f4xx_hal_pcd_ex.o
                0x08003ab0                HAL_PCDEx_SetTxFiFo
 .text.HAL_PCDEx_SetRxFiFo
                0x08003b3e       0x22 Drivers\STM32F4xx_HAL_Driver\Src\stm32f4xx_hal_pcd_ex.o
                0x08003b3e                HAL_PCDEx_SetRxFiFo
 .text.HAL_PCDEx_LPM_Callback
                0x08003b60       0x18 Drivers\STM32F4xx_HAL_Driver\Src\stm32f4xx_hal_pcd_ex.o
                0x08003b60                HAL_PCDEx_LPM_Callback
 .text.HAL_RCC_OscConfig
                0x08003b78      0x4f0 Drivers\STM32F4xx_HAL_Driver\Src\stm32f4xx_hal_rcc.o
                0x08003b78                HAL_RCC_OscConfig
 .text.HAL_RCC_ClockConfig
                0x08004068      0x1cc Drivers\STM32F4xx_HAL_Driver\Src\stm32f4xx_hal_rcc.o
                0x08004068                HAL_RCC_ClockConfig
 .text.HAL_RCC_GetSysClockFreq
                0x08004234      0x16c Drivers\STM32F4xx_HAL_Driver\Src\stm32f4xx_hal_rcc.o
                0x08004234                HAL_RCC_GetSysClockFreq
 .text.HAL_RCC_GetHCLKFreq
                0x080043a0       0x18 Drivers\STM32F4xx_HAL_Driver\Src\stm32f4xx_hal_rcc.o
                0x080043a0                HAL_RCC_GetHCLKFreq
 .text.HAL_RCC_GetPCLK1Freq
                0x080043b8       0x28 Drivers\STM32F4xx_HAL_Driver\Src\stm32f4xx_hal_rcc.o
                0x080043b8                HAL_RCC_GetPCLK1Freq
 .text.HAL_RCC_GetPCLK2Freq
                0x080043e0       0x28 Drivers\STM32F4xx_HAL_Driver\Src\stm32f4xx_hal_rcc.o
                0x080043e0                HAL_RCC_GetPCLK2Freq
 .text.HAL_TIM_Base_Init
                0x08004408       0x9e Drivers\STM32F4xx_HAL_Driver\Src\stm32f4xx_hal_tim.o
                0x08004408                HAL_TIM_Base_Init
 *fill*         0x080044a6        0x2 
 .text.HAL_TIM_Base_Start_IT
                0x080044a8       0xc4 Drivers\STM32F4xx_HAL_Driver\Src\stm32f4xx_hal_tim.o
                0x080044a8                HAL_TIM_Base_Start_IT
 .text.HAL_TIM_IRQHandler
                0x0800456c      0x210 Drivers\STM32F4xx_HAL_Driver\Src\stm32f4xx_hal_tim.o
                0x0800456c                HAL_TIM_IRQHandler
 .text.HAL_TIM_ConfigClockSource
                0x0800477c      0x178 Drivers\STM32F4xx_HAL_Driver\Src\stm32f4xx_hal_tim.o
                0x0800477c                HAL_TIM_ConfigClockSource
 .text.HAL_TIM_PeriodElapsedCallback
                0x080048f4       0x14 Drivers\STM32F4xx_HAL_Driver\Src\stm32f4xx_hal_tim.o
                0x080048f4                HAL_TIM_PeriodElapsedCallback
 .text.HAL_TIM_OC_DelayElapsedCallback
                0x08004908       0x14 Drivers\STM32F4xx_HAL_Driver\Src\stm32f4xx_hal_tim.o
                0x08004908                HAL_TIM_OC_DelayElapsedCallback
 .text.HAL_TIM_IC_CaptureCallback
                0x0800491c       0x14 Drivers\STM32F4xx_HAL_Driver\Src\stm32f4xx_hal_tim.o
                0x0800491c                HAL_TIM_IC_CaptureCallback
 .text.HAL_TIM_PWM_PulseFinishedCallback
                0x08004930       0x14 Drivers\STM32F4xx_HAL_Driver\Src\stm32f4xx_hal_tim.o
                0x08004930                HAL_TIM_PWM_PulseFinishedCallback
 .text.HAL_TIM_TriggerCallback
                0x08004944       0x14 Drivers\STM32F4xx_HAL_Driver\Src\stm32f4xx_hal_tim.o
                0x08004944                HAL_TIM_TriggerCallback
 .text.TIM_Base_SetConfig
                0x08004958      0x100 Drivers\STM32F4xx_HAL_Driver\Src\stm32f4xx_hal_tim.o
                0x08004958                TIM_Base_SetConfig
 .text.TIM_TI1_ConfigInputStage
                0x08004a58       0x5e Drivers\STM32F4xx_HAL_Driver\Src\stm32f4xx_hal_tim.o
 .text.TIM_TI2_ConfigInputStage
                0x08004ab6       0x60 Drivers\STM32F4xx_HAL_Driver\Src\stm32f4xx_hal_tim.o
 .text.TIM_ITRx_SetConfig
                0x08004b16       0x36 Drivers\STM32F4xx_HAL_Driver\Src\stm32f4xx_hal_tim.o
 .text.TIM_ETR_SetConfig
                0x08004b4c       0x40 Drivers\STM32F4xx_HAL_Driver\Src\stm32f4xx_hal_tim.o
                0x08004b4c                TIM_ETR_SetConfig
 .text.HAL_TIMEx_CommutCallback
                0x08004b8c       0x14 Drivers\STM32F4xx_HAL_Driver\Src\stm32f4xx_hal_tim_ex.o
                0x08004b8c                HAL_TIMEx_CommutCallback
 .text.HAL_TIMEx_BreakCallback
                0x08004ba0       0x14 Drivers\STM32F4xx_HAL_Driver\Src\stm32f4xx_hal_tim_ex.o
                0x08004ba0                HAL_TIMEx_BreakCallback
 .text.HAL_HalfDuplex_Init
                0x08004bb4       0xaa Drivers\STM32F4xx_HAL_Driver\Src\stm32f4xx_hal_uart.o
                0x08004bb4                HAL_HalfDuplex_Init
 .text.HAL_UART_Transmit
                0x08004c5e      0x122 Drivers\STM32F4xx_HAL_Driver\Src\stm32f4xx_hal_uart.o
                0x08004c5e                HAL_UART_Transmit
 .text.HAL_UART_Receive
                0x08004d80      0x144 Drivers\STM32F4xx_HAL_Driver\Src\stm32f4xx_hal_uart.o
                0x08004d80                HAL_UART_Receive
 .text.HAL_HalfDuplex_EnableTransmitter
                0x08004ec4       0x68 Drivers\STM32F4xx_HAL_Driver\Src\stm32f4xx_hal_uart.o
                0x08004ec4                HAL_HalfDuplex_EnableTransmitter
 .text.HAL_HalfDuplex_EnableReceiver
                0x08004f2c       0x68 Drivers\STM32F4xx_HAL_Driver\Src\stm32f4xx_hal_uart.o
                0x08004f2c                HAL_HalfDuplex_EnableReceiver
 .text.UART_WaitOnFlagUntilTimeout
                0x08004f94       0xdc Drivers\STM32F4xx_HAL_Driver\Src\stm32f4xx_hal_uart.o
 .text.UART_SetConfig
                0x08005070      0x360 Drivers\STM32F4xx_HAL_Driver\Src\stm32f4xx_hal_uart.o
 .text.LL_GPIO_SetPinMode
                0x080053d0       0x5e Drivers\STM32F4xx_HAL_Driver\Src\stm32f4xx_ll_gpio.o
 .text.LL_GPIO_SetPinOutputType
                0x0800542e       0x30 Drivers\STM32F4xx_HAL_Driver\Src\stm32f4xx_ll_gpio.o
 .text.LL_GPIO_SetPinSpeed
                0x0800545e       0x5e Drivers\STM32F4xx_HAL_Driver\Src\stm32f4xx_ll_gpio.o
 .text.LL_GPIO_SetPinPull
                0x080054bc       0x5e Drivers\STM32F4xx_HAL_Driver\Src\stm32f4xx_ll_gpio.o
 .text.LL_GPIO_SetAFPin_0_7
                0x0800551a       0x5e Drivers\STM32F4xx_HAL_Driver\Src\stm32f4xx_ll_gpio.o
 .text.LL_GPIO_SetAFPin_8_15
                0x08005578       0x62 Drivers\STM32F4xx_HAL_Driver\Src\stm32f4xx_ll_gpio.o
 .text.LL_GPIO_Init
                0x080055da       0xe6 Drivers\STM32F4xx_HAL_Driver\Src\stm32f4xx_ll_gpio.o
                0x080055da                LL_GPIO_Init
 .text.USB_CoreInit
                0x080056c0       0xc2 Drivers\STM32F4xx_HAL_Driver\Src\stm32f4xx_ll_usb.o
                0x080056c0                USB_CoreInit
 *fill*         0x08005782        0x2 
 .text.USB_SetTurnaroundTime
                0x08005784      0x144 Drivers\STM32F4xx_HAL_Driver\Src\stm32f4xx_ll_usb.o
                0x08005784                USB_SetTurnaroundTime
 .text.USB_EnableGlobalInt
                0x080058c8       0x22 Drivers\STM32F4xx_HAL_Driver\Src\stm32f4xx_ll_usb.o
                0x080058c8                USB_EnableGlobalInt
 .text.USB_DisableGlobalInt
                0x080058ea       0x22 Drivers\STM32F4xx_HAL_Driver\Src\stm32f4xx_ll_usb.o
                0x080058ea                USB_DisableGlobalInt
 .text.USB_SetCurrentMode
                0x0800590c       0x98 Drivers\STM32F4xx_HAL_Driver\Src\stm32f4xx_ll_usb.o
                0x0800590c                USB_SetCurrentMode
 .text.USB_DevInit
                0x080059a4      0x2cc Drivers\STM32F4xx_HAL_Driver\Src\stm32f4xx_ll_usb.o
                0x080059a4                USB_DevInit
 .text.USB_FlushTxFifo
                0x08005c70       0x68 Drivers\STM32F4xx_HAL_Driver\Src\stm32f4xx_ll_usb.o
                0x08005c70                USB_FlushTxFifo
 .text.USB_FlushRxFifo
                0x08005cd8       0x60 Drivers\STM32F4xx_HAL_Driver\Src\stm32f4xx_ll_usb.o
                0x08005cd8                USB_FlushRxFifo
 .text.USB_SetDevSpeed
                0x08005d38       0x34 Drivers\STM32F4xx_HAL_Driver\Src\stm32f4xx_ll_usb.o
                0x08005d38                USB_SetDevSpeed
 .text.USB_GetDevSpeed
                0x08005d6c       0x4a Drivers\STM32F4xx_HAL_Driver\Src\stm32f4xx_ll_usb.o
                0x08005d6c                USB_GetDevSpeed
 .text.USB_ActivateEndpoint
                0x08005db6      0x116 Drivers\STM32F4xx_HAL_Driver\Src\stm32f4xx_ll_usb.o
                0x08005db6                USB_ActivateEndpoint
 .text.USB_DeactivateEndpoint
                0x08005ecc      0x1c8 Drivers\STM32F4xx_HAL_Driver\Src\stm32f4xx_ll_usb.o
                0x08005ecc                USB_DeactivateEndpoint
 .text.USB_EPStartXfer
                0x08006094      0x4c0 Drivers\STM32F4xx_HAL_Driver\Src\stm32f4xx_ll_usb.o
                0x08006094                USB_EPStartXfer
 .text.USB_EP0StartXfer
                0x08006554      0x2ce Drivers\STM32F4xx_HAL_Driver\Src\stm32f4xx_ll_usb.o
                0x08006554                USB_EP0StartXfer
 .text.USB_EPStopXfer
                0x08006822      0x15c Drivers\STM32F4xx_HAL_Driver\Src\stm32f4xx_ll_usb.o
                0x08006822                USB_EPStopXfer
 .text.USB_WritePacket
                0x0800697e       0x7c Drivers\STM32F4xx_HAL_Driver\Src\stm32f4xx_ll_usb.o
                0x0800697e                USB_WritePacket
 .text.USB_ReadPacket
                0x080069fa       0xae Drivers\STM32F4xx_HAL_Driver\Src\stm32f4xx_ll_usb.o
                0x080069fa                USB_ReadPacket
 .text.USB_EPSetStall
                0x08006aa8       0xe4 Drivers\STM32F4xx_HAL_Driver\Src\stm32f4xx_ll_usb.o
                0x08006aa8                USB_EPSetStall
 .text.USB_EPClearStall
                0x08006b8c       0xd4 Drivers\STM32F4xx_HAL_Driver\Src\stm32f4xx_ll_usb.o
                0x08006b8c                USB_EPClearStall
 .text.USB_SetDevAddress
                0x08006c60       0x50 Drivers\STM32F4xx_HAL_Driver\Src\stm32f4xx_ll_usb.o
                0x08006c60                USB_SetDevAddress
 .text.USB_DevConnect
                0x08006cb0       0x46 Drivers\STM32F4xx_HAL_Driver\Src\stm32f4xx_ll_usb.o
                0x08006cb0                USB_DevConnect
 .text.USB_DevDisconnect
                0x08006cf6       0x46 Drivers\STM32F4xx_HAL_Driver\Src\stm32f4xx_ll_usb.o
                0x08006cf6                USB_DevDisconnect
 .text.USB_ReadInterrupts
                0x08006d3c       0x26 Drivers\STM32F4xx_HAL_Driver\Src\stm32f4xx_ll_usb.o
                0x08006d3c                USB_ReadInterrupts
 .text.USB_ReadDevAllOutEpInterrupt
                0x08006d62       0x34 Drivers\STM32F4xx_HAL_Driver\Src\stm32f4xx_ll_usb.o
                0x08006d62                USB_ReadDevAllOutEpInterrupt
 .text.USB_ReadDevAllInEpInterrupt
                0x08006d96       0x34 Drivers\STM32F4xx_HAL_Driver\Src\stm32f4xx_ll_usb.o
                0x08006d96                USB_ReadDevAllInEpInterrupt
 .text.USB_ReadDevOutEPInterrupt
                0x08006dca       0x3c Drivers\STM32F4xx_HAL_Driver\Src\stm32f4xx_ll_usb.o
                0x08006dca                USB_ReadDevOutEPInterrupt
 .text.USB_ReadDevInEPInterrupt
                0x08006e06       0x5c Drivers\STM32F4xx_HAL_Driver\Src\stm32f4xx_ll_usb.o
                0x08006e06                USB_ReadDevInEPInterrupt
 .text.USB_GetMode
                0x08006e62       0x1c Drivers\STM32F4xx_HAL_Driver\Src\stm32f4xx_ll_usb.o
                0x08006e62                USB_GetMode
 .text.USB_ActivateSetup
                0x08006e7e       0x4a Drivers\STM32F4xx_HAL_Driver\Src\stm32f4xx_ll_usb.o
                0x08006e7e                USB_ActivateSetup
 .text.USB_EP0_OutStart
                0x08006ec8       0xc4 Drivers\STM32F4xx_HAL_Driver\Src\stm32f4xx_ll_usb.o
                0x08006ec8                USB_EP0_OutStart
 .text.USB_CoreReset
                0x08006f8c       0x68 Drivers\STM32F4xx_HAL_Driver\Src\stm32f4xx_ll_usb.o
 .text.USB_ActivateRemoteWakeup
                0x08006ff4       0x40 Drivers\STM32F4xx_HAL_Driver\Src\stm32f4xx_ll_usb.o
                0x08006ff4                USB_ActivateRemoteWakeup
 .text.USB_DeActivateRemoteWakeup
                0x08007034       0x30 Drivers\STM32F4xx_HAL_Driver\Src\stm32f4xx_ll_usb.o
                0x08007034                USB_DeActivateRemoteWakeup
 .text.USBD_Init
                0x08007064       0x60 Middlewares\STM32_USB_Device_Library\Core\Src\usbd_core.o
                0x08007064                USBD_Init
 .text.USBD_RegisterClass
                0x080070c4       0x6c Middlewares\STM32_USB_Device_Library\Core\Src\usbd_core.o
                0x080070c4                USBD_RegisterClass
 .text.USBD_Start
                0x08007130       0x18 Middlewares\STM32_USB_Device_Library\Core\Src\usbd_core.o
                0x08007130                USBD_Start
 .text.USBD_RunTestMode
                0x08007148       0x16 Middlewares\STM32_USB_Device_Library\Core\Src\usbd_core.o
                0x08007148                USBD_RunTestMode
 .text.USBD_SetClassConfig
                0x0800715e       0x38 Middlewares\STM32_USB_Device_Library\Core\Src\usbd_core.o
                0x0800715e                USBD_SetClassConfig
 .text.USBD_ClrClassConfig
                0x08007196       0x34 Middlewares\STM32_USB_Device_Library\Core\Src\usbd_core.o
                0x08007196                USBD_ClrClassConfig
 .text.USBD_LL_SetupStage
                0x080071ca       0xa6 Middlewares\STM32_USB_Device_Library\Core\Src\usbd_core.o
                0x080071ca                USBD_LL_SetupStage
 .text.USBD_LL_DataOutStage
                0x08007270      0x162 Middlewares\STM32_USB_Device_Library\Core\Src\usbd_core.o
                0x08007270                USBD_LL_DataOutStage
 .text.USBD_LL_DataInStage
                0x080073d2      0x164 Middlewares\STM32_USB_Device_Library\Core\Src\usbd_core.o
                0x080073d2                USBD_LL_DataInStage
 .text.USBD_LL_Reset
                0x08007536       0xa4 Middlewares\STM32_USB_Device_Library\Core\Src\usbd_core.o
                0x08007536                USBD_LL_Reset
 .text.USBD_LL_SetSpeed
                0x080075da       0x20 Middlewares\STM32_USB_Device_Library\Core\Src\usbd_core.o
                0x080075da                USBD_LL_SetSpeed
 .text.USBD_LL_Suspend
                0x080075fa       0x2c Middlewares\STM32_USB_Device_Library\Core\Src\usbd_core.o
                0x080075fa                USBD_LL_Suspend
 .text.USBD_LL_Resume
                0x08007626       0x30 Middlewares\STM32_USB_Device_Library\Core\Src\usbd_core.o
                0x08007626                USBD_LL_Resume
 .text.USBD_LL_SOF
                0x08007656       0x40 Middlewares\STM32_USB_Device_Library\Core\Src\usbd_core.o
                0x08007656                USBD_LL_SOF
 .text.USBD_LL_IsoINIncomplete
                0x08007696       0x64 Middlewares\STM32_USB_Device_Library\Core\Src\usbd_core.o
                0x08007696                USBD_LL_IsoINIncomplete
 .text.USBD_LL_IsoOUTIncomplete
                0x080076fa       0x64 Middlewares\STM32_USB_Device_Library\Core\Src\usbd_core.o
                0x080076fa                USBD_LL_IsoOUTIncomplete
 .text.USBD_LL_DevConnected
                0x0800775e       0x16 Middlewares\STM32_USB_Device_Library\Core\Src\usbd_core.o
                0x0800775e                USBD_LL_DevConnected
 .text.USBD_LL_DevDisconnected
                0x08007774       0x46 Middlewares\STM32_USB_Device_Library\Core\Src\usbd_core.o
                0x08007774                USBD_LL_DevDisconnected
 .text.USBD_CoreFindIF
                0x080077ba       0x1a Middlewares\STM32_USB_Device_Library\Core\Src\usbd_core.o
                0x080077ba                USBD_CoreFindIF
 .text.USBD_CoreFindEP
                0x080077d4       0x1a Middlewares\STM32_USB_Device_Library\Core\Src\usbd_core.o
                0x080077d4                USBD_CoreFindEP
 .text.USBD_GetEpDesc
                0x080077ee       0x74 Middlewares\STM32_USB_Device_Library\Core\Src\usbd_core.o
                0x080077ee                USBD_GetEpDesc
 .text.USBD_GetNextDesc
                0x08007862       0x3a Middlewares\STM32_USB_Device_Library\Core\Src\usbd_core.o
                0x08007862                USBD_GetNextDesc
 .text.SWAPBYTE
                0x0800789c       0x3c Middlewares\STM32_USB_Device_Library\Core\Src\usbd_ctlreq.o
 .text.USBD_StdDevReq
                0x080078d8       0xe4 Middlewares\STM32_USB_Device_Library\Core\Src\usbd_ctlreq.o
                0x080078d8                USBD_StdDevReq
 .text.USBD_StdItfReq
                0x080079bc       0xd4 Middlewares\STM32_USB_Device_Library\Core\Src\usbd_ctlreq.o
                0x080079bc                USBD_StdItfReq
 .text.USBD_StdEPReq
                0x08007a90      0x32a Middlewares\STM32_USB_Device_Library\Core\Src\usbd_ctlreq.o
                0x08007a90                USBD_StdEPReq
 *fill*         0x08007dba        0x2 
 .text.USBD_GetDescriptor
                0x08007dbc      0x2d4 Middlewares\STM32_USB_Device_Library\Core\Src\usbd_ctlreq.o
 .text.USBD_SetAddress
                0x08008090       0x86 Middlewares\STM32_USB_Device_Library\Core\Src\usbd_ctlreq.o
 *fill*         0x08008116        0x2 
 .text.USBD_SetConfig
                0x08008118      0x154 Middlewares\STM32_USB_Device_Library\Core\Src\usbd_ctlreq.o
 .text.USBD_GetConfig
                0x0800826c       0x6a Middlewares\STM32_USB_Device_Library\Core\Src\usbd_ctlreq.o
 .text.USBD_GetStatus
                0x080082d6       0x68 Middlewares\STM32_USB_Device_Library\Core\Src\usbd_ctlreq.o
 .text.USBD_SetFeature
                0x0800833e       0x52 Middlewares\STM32_USB_Device_Library\Core\Src\usbd_ctlreq.o
 .text.USBD_ClrFeature
                0x08008390       0x44 Middlewares\STM32_USB_Device_Library\Core\Src\usbd_ctlreq.o
 .text.USBD_ParseSetupRequest
                0x080083d4       0x74 Middlewares\STM32_USB_Device_Library\Core\Src\usbd_ctlreq.o
                0x080083d4                USBD_ParseSetupRequest
 .text.USBD_CtlError
                0x08008448       0x22 Middlewares\STM32_USB_Device_Library\Core\Src\usbd_ctlreq.o
                0x08008448                USBD_CtlError
 .text.USBD_GetString
                0x0800846a       0x8c Middlewares\STM32_USB_Device_Library\Core\Src\usbd_ctlreq.o
                0x0800846a                USBD_GetString
 .text.USBD_GetLen
                0x080084f6       0x34 Middlewares\STM32_USB_Device_Library\Core\Src\usbd_ctlreq.o
 .text.USBD_CtlSendData
                0x0800852a       0x36 Middlewares\STM32_USB_Device_Library\Core\Src\usbd_ioreq.o
                0x0800852a                USBD_CtlSendData
 .text.USBD_CtlContinueSendData
                0x08008560       0x22 Middlewares\STM32_USB_Device_Library\Core\Src\usbd_ioreq.o
                0x08008560                USBD_CtlContinueSendData
 .text.USBD_CtlContinueRx
                0x08008582       0x22 Middlewares\STM32_USB_Device_Library\Core\Src\usbd_ioreq.o
                0x08008582                USBD_CtlContinueRx
 .text.USBD_CtlSendStatus
                0x080085a4       0x26 Middlewares\STM32_USB_Device_Library\Core\Src\usbd_ioreq.o
                0x080085a4                USBD_CtlSendStatus
 .text.USBD_CtlReceiveStatus
                0x080085ca       0x26 Middlewares\STM32_USB_Device_Library\Core\Src\usbd_ioreq.o
                0x080085ca                USBD_CtlReceiveStatus
 .text.__libc_init_array
                0x080085f0       0x48 c:/program files (x86)/atollic/truestudio for stm32 9.3.0/armtools/bin/../lib/gcc/arm-atollic-eabi/6.3.1/../../../../arm-atollic-eabi/lib/armv7e-m/fpu\libc_nano.a(lib_a-init.o)
                0x080085f0                __libc_init_array
 .text.malloc   0x08008638       0x10 c:/program files (x86)/atollic/truestudio for stm32 9.3.0/armtools/bin/../lib/gcc/arm-atollic-eabi/6.3.1/../../../../arm-atollic-eabi/lib/armv7e-m/fpu\libc_nano.a(lib_a-malloc.o)
                0x08008638                malloc
 .text.free     0x08008648       0x10 c:/program files (x86)/atollic/truestudio for stm32 9.3.0/armtools/bin/../lib/gcc/arm-atollic-eabi/6.3.1/../../../../arm-atollic-eabi/lib/armv7e-m/fpu\libc_nano.a(lib_a-malloc.o)
                0x08008648                free
 .text.memset   0x08008658       0x10 c:/program files (x86)/atollic/truestudio for stm32 9.3.0/armtools/bin/../lib/gcc/arm-atollic-eabi/6.3.1/../../../../arm-atollic-eabi/lib/armv7e-m/fpu\libc_nano.a(lib_a-memset.o)
                0x08008658                memset
 .text._free_r  0x08008668       0x9c c:/program files (x86)/atollic/truestudio for stm32 9.3.0/armtools/bin/../lib/gcc/arm-atollic-eabi/6.3.1/../../../../arm-atollic-eabi/lib/armv7e-m/fpu\libc_nano.a(lib_a-nano-freer.o)
                0x08008668                _free_r
 .text._malloc_r
                0x08008704       0xbc c:/program files (x86)/atollic/truestudio for stm32 9.3.0/armtools/bin/../lib/gcc/arm-atollic-eabi/6.3.1/../../../../arm-atollic-eabi/lib/armv7e-m/fpu\libc_nano.a(lib_a-nano-mallocr.o)
                0x08008704                _malloc_r
 .text._sbrk_r  0x080087c0       0x20 c:/program files (x86)/atollic/truestudio for stm32 9.3.0/armtools/bin/../lib/gcc/arm-atollic-eabi/6.3.1/../../../../arm-atollic-eabi/lib/armv7e-m/fpu\libc_nano.a(lib_a-sbrkr.o)
                0x080087c0                _sbrk_r
 .text.__malloc_lock
                0x080087e0        0x2 c:/program files (x86)/atollic/truestudio for stm32 9.3.0/armtools/bin/../lib/gcc/arm-atollic-eabi/6.3.1/../../../../arm-atollic-eabi/lib/armv7e-m/fpu\libc_nano.a(lib_a-mlock.o)
                0x080087e0                __malloc_lock
 .text.__malloc_unlock
                0x080087e2        0x2 c:/program files (x86)/atollic/truestudio for stm32 9.3.0/armtools/bin/../lib/gcc/arm-atollic-eabi/6.3.1/../../../../arm-atollic-eabi/lib/armv7e-m/fpu\libc_nano.a(lib_a-mlock.o)
                0x080087e2                __malloc_unlock
 .text._sbrk    0x080087e4       0x1c c:/program files (x86)/atollic/truestudio for stm32 9.3.0/armtools/bin/../lib/gcc/arm-atollic-eabi/6.3.1/../../../../arm-atollic-eabi/lib/armv7e-m/fpu\libnosys.a(sbrk.o)
                0x080087e4                _sbrk
 *(.glue_7)
 .glue_7        0x08008800        0x0 linker stubs
 *(.glue_7t)
 .glue_7t       0x08008800        0x0 linker stubs
 *(.eh_frame)
 .eh_frame      0x08008800        0x0 c:/program files (x86)/atollic/truestudio for stm32 9.3.0/armtools/bin/../lib/gcc/arm-atollic-eabi/6.3.1/armv7e-m/fpu/crtbegin.o
 *(.init)
 .init          0x08008800        0x4 c:/program files (x86)/atollic/truestudio for stm32 9.3.0/armtools/bin/../lib/gcc/arm-atollic-eabi/6.3.1/armv7e-m/fpu/crti.o
                0x08008800                _init
 .init          0x08008804        0x8 c:/program files (x86)/atollic/truestudio for stm32 9.3.0/armtools/bin/../lib/gcc/arm-atollic-eabi/6.3.1/armv7e-m/fpu/crtn.o
 *(.fini)
 .fini          0x0800880c        0x4 c:/program files (x86)/atollic/truestudio for stm32 9.3.0/armtools/bin/../lib/gcc/arm-atollic-eabi/6.3.1/armv7e-m/fpu/crti.o
                0x0800880c                _fini
 .fini          0x08008810        0x8 c:/program files (x86)/atollic/truestudio for stm32 9.3.0/armtools/bin/../lib/gcc/arm-atollic-eabi/6.3.1/armv7e-m/fpu/crtn.o
                0x08008818                . = ALIGN (0x4)
                0x08008818                _etext = .

.vfp11_veneer   0x08008818        0x0
 .vfp11_veneer  0x08008818        0x0 linker stubs

.v4_bx          0x08008818        0x0
 .v4_bx         0x08008818        0x0 linker stubs

.iplt           0x08008818        0x0
 .iplt          0x08008818        0x0 c:/program files (x86)/atollic/truestudio for stm32 9.3.0/armtools/bin/../lib/gcc/arm-atollic-eabi/6.3.1/armv7e-m/fpu/crtbegin.o

.rodata         0x08008818       0x58
                0x08008818                . = ALIGN (0x4)
 *(.rodata)
 .rodata        0x08008818       0x3e Core\Src\pro_cont_desc.o
 *(.rodata*)
 *fill*         0x08008856        0x2 
 .rodata.AHBPrescTable
                0x08008858       0x10 Core\Src\system_stm32f4xx.o
                0x08008858                AHBPrescTable
 .rodata.APBPrescTable
                0x08008868        0x8 Core\Src\system_stm32f4xx.o
                0x08008868                APBPrescTable
                0x08008870                . = ALIGN (0x4)

.ARM.extab
 *(.ARM.extab* .gnu.linkonce.armextab.*)

.ARM            0x08008870        0x8
                0x08008870                __exidx_start = .
 *(.ARM.exidx*)
 .ARM.exidx     0x08008870        0x8 c:/program files (x86)/atollic/truestudio for stm32 9.3.0/armtools/bin/../lib/gcc/arm-atollic-eabi/6.3.1/armv7e-m/fpu\libgcc.a(_udivmoddi4.o)
                0x08008878                __exidx_end = .

.rel.dyn        0x08008878        0x0
 .rel.iplt      0x08008878        0x0 c:/program files (x86)/atollic/truestudio for stm32 9.3.0/armtools/bin/../lib/gcc/arm-atollic-eabi/6.3.1/armv7e-m/fpu/crtbegin.o

.preinit_array  0x08008878        0x0
                0x08008878                PROVIDE (__preinit_array_start, .)
 *(.preinit_array*)
                0x08008878                PROVIDE (__preinit_array_end, .)

.init_array     0x08008878        0x4
                0x08008878                PROVIDE (__init_array_start, .)
 *(SORT(.init_array.*))
 *(.init_array*)
 .init_array    0x08008878        0x4 c:/program files (x86)/atollic/truestudio for stm32 9.3.0/armtools/bin/../lib/gcc/arm-atollic-eabi/6.3.1/armv7e-m/fpu/crtbegin.o
                0x0800887c                PROVIDE (__init_array_end, .)

.fini_array     0x0800887c        0x4
                [!provide]                PROVIDE (__fini_array_start, .)
 *(SORT(.fini_array.*))
 *(.fini_array*)
 .fini_array    0x0800887c        0x4 c:/program files (x86)/atollic/truestudio for stm32 9.3.0/armtools/bin/../lib/gcc/arm-atollic-eabi/6.3.1/armv7e-m/fpu/crtbegin.o
                [!provide]                PROVIDE (__fini_array_end, .)
                0x08008880                _sidata = LOADADDR (.data)

.data           0x20000000      0x1a8 load address 0x08008880
                0x20000000                . = ALIGN (0x4)
                0x20000000                _sdata = .
 *(.data)
 *(.data*)
 .data.packet   0x20000000       0x12 Core\Src\n64.o
 *fill*         0x20000012        0x2 
 .data.HID_Desc
                0x20000014       0x1c Core\Src\pro_cont_desc.o
                0x20000014                HID_Desc
 .data.USBD_DeviceDesc
                0x20000030       0x12 Core\Src\pro_cont_desc.o
                0x20000030                USBD_DeviceDesc
 *fill*         0x20000042        0x2 
 .data.USBD_LangIDDesc
                0x20000044        0x4 Core\Src\pro_cont_desc.o
                0x20000044                USBD_LangIDDesc
 .data.USBD_StringSerial
                0x20000048       0x1a Core\Src\pro_cont_desc.o
                0x20000048                USBD_StringSerial
 *fill*         0x20000062        0x2 
 .data.SystemCoreClock
                0x20000064        0x4 Core\Src\system_stm32f4xx.o
                0x20000064                SystemCoreClock
 .data.USBD_HID
                0x20000068       0x38 Core\Src\usbd_hid.o
                0x20000068                USBD_HID
 .data.USBD_HID_CfgDesc
                0x200000a0       0x29 Core\Src\usbd_hid.o
 *fill*         0x200000c9        0x3 
 .data.USBD_HID_Desc
                0x200000cc        0x9 Core\Src\usbd_hid.o
 *fill*         0x200000d5        0x3 
 .data.USBD_HID_DeviceQualifierDesc
                0x200000d8        0xa Core\Src\usbd_hid.o
 *fill*         0x200000e2        0x2 
 .data.HID_JOYPAD_ReportDesc
                0x200000e4       0x56 Core\Src\usbd_hid.o
 .data.HIDInEpAdd
                0x2000013a        0x1 Core\Src\usbd_hid.o
 *fill*         0x2000013b        0x1 
 .data.uwTickPrio
                0x2000013c        0x4 Drivers\STM32F4xx_HAL_Driver\Src\stm32f4xx_hal.o
                0x2000013c                uwTickPrio
 .data.uwTickFreq
                0x20000140        0x1 Drivers\STM32F4xx_HAL_Driver\Src\stm32f4xx_hal.o
                0x20000140                uwTickFreq
 *fill*         0x20000141        0x3 
 .data._impure_ptr
                0x20000144        0x4 c:/program files (x86)/atollic/truestudio for stm32 9.3.0/armtools/bin/../lib/gcc/arm-atollic-eabi/6.3.1/../../../../arm-atollic-eabi/lib/armv7e-m/fpu\libc_nano.a(lib_a-impure.o)
                0x20000144                _impure_ptr
 .data.impure_data
                0x20000148       0x60 c:/program files (x86)/atollic/truestudio for stm32 9.3.0/armtools/bin/../lib/gcc/arm-atollic-eabi/6.3.1/../../../../arm-atollic-eabi/lib/armv7e-m/fpu\libc_nano.a(lib_a-impure.o)
                0x200001a8                . = ALIGN (0x4)
                0x200001a8                _edata = .

.igot.plt       0x200001a8        0x0 load address 0x08008a28
 .igot.plt      0x200001a8        0x0 c:/program files (x86)/atollic/truestudio for stm32 9.3.0/armtools/bin/../lib/gcc/arm-atollic-eabi/6.3.1/armv7e-m/fpu/crtbegin.o
                0x200001a8                . = ALIGN (0x4)

.bss            0x200001a8      0xa5c load address 0x08008a28
                0x200001a8                _sbss = .
                0x200001a8                __bss_start__ = _sbss
 *(.bss)
 .bss           0x200001a8       0x1c c:/program files (x86)/atollic/truestudio for stm32 9.3.0/armtools/bin/../lib/gcc/arm-atollic-eabi/6.3.1/armv7e-m/fpu/crtbegin.o
 *(.bss*)
 .bss.GPIO_InitStruct
                0x200001c4       0x14 Core\Src\main.o
 .bss.LL_GPIO_Ini
                0x200001d8       0x18 Core\Src\n64.o
 .bss.in_buff   0x200001f0       0x50 Core\Src\n64.o
 .bss.respons   0x20000240        0x4 Core\Src\n64.o
                0x20000240                respons
 .bss.n64_read_flag
                0x20000244        0x1 Core\Src\n64.o
 .bss.min_X.10554
                0x20000245        0x1 Core\Src\n64.o
 .bss.max_X.10555
                0x20000246        0x1 Core\Src\n64.o
 .bss.min_Y.10557
                0x20000247        0x1 Core\Src\n64.o
 .bss.max_Y.10556
                0x20000248        0x1 Core\Src\n64.o
 *fill*         0x20000249        0x3 
 .bss.hid_report_counter.10581
                0x2000024c        0x4 Core\Src\stm32f4xx_it.o
 .bss.remotewakeupon
                0x20000250        0x4 Core\Src\usbd_conf.o
                0x20000250                remotewakeupon
 .bss.cfgidx.10443
                0x20000254        0x1 Middlewares\STM32_USB_Device_Library\Core\Src\usbd_ctlreq.o
 *fill*         0x20000255        0x3 
 .bss.__malloc_free_list
                0x20000258        0x4 c:/program files (x86)/atollic/truestudio for stm32 9.3.0/armtools/bin/../lib/gcc/arm-atollic-eabi/6.3.1/../../../../arm-atollic-eabi/lib/armv7e-m/fpu\libc_nano.a(lib_a-nano-mallocr.o)
                0x20000258                __malloc_free_list
 .bss.__malloc_sbrk_start
                0x2000025c        0x4 c:/program files (x86)/atollic/truestudio for stm32 9.3.0/armtools/bin/../lib/gcc/arm-atollic-eabi/6.3.1/../../../../arm-atollic-eabi/lib/armv7e-m/fpu\libc_nano.a(lib_a-nano-mallocr.o)
                0x2000025c                __malloc_sbrk_start
 .bss.heap_end.5239
                0x20000260        0x4 c:/program files (x86)/atollic/truestudio for stm32 9.3.0/armtools/bin/../lib/gcc/arm-atollic-eabi/6.3.1/../../../../arm-atollic-eabi/lib/armv7e-m/fpu\libnosys.a(sbrk.o)
 *(COMMON)
 COMMON         0x20000264      0x380 Core\Src\main.o
                0x20000264                LL_GPIOt
                0x2000027c                USBD_Device
                0x20000558                huart1
                0x2000059c                htim9
 COMMON         0x200005e4        0x4 Core\Src\n64.o
                0x200005e4                controller
 COMMON         0x200005e8      0x100 Core\Src\pro_cont_desc.o
                0x200005e8                USBD_StrDesc
 COMMON         0x200006e8        0x8 Core\Src\stm32f4xx_it.o
                0x200006e8                HID_Buffer
 COMMON         0x200006f0      0x50c Core\Src\usbd_conf.o
                0x200006f0                hpcd
 COMMON         0x20000bfc        0x4 Drivers\STM32F4xx_HAL_Driver\Src\stm32f4xx_hal.o
                0x20000bfc                uwTick
 COMMON         0x20000c00        0x4 c:/program files (x86)/atollic/truestudio for stm32 9.3.0/armtools/bin/../lib/gcc/arm-atollic-eabi/6.3.1/../../../../arm-atollic-eabi/lib/armv7e-m/fpu\libc_nano.a(lib_a-reent.o)
                0x20000c00                errno
                0x20000c04                . = ALIGN (0x4)
                0x20000c04                _ebss = .
                0x20000c04                __bss_end__ = _ebss

._user_heap_stack
                0x20000c04      0x400 load address 0x08008a28
                0x20000c04                . = ALIGN (0x4)
                0x20000c04                PROVIDE (end, .)
                [!provide]                PROVIDE (_end, .)
                0x20000c04                . = (. + _Min_Heap_Size)
                0x20001004                . = (. + _Min_Stack_Size)
 *fill*         0x20000c04      0x400 
                0x20001004                . = ALIGN (0x4)

.memory_b1_text
 *(.mb1text)
 *(.mb1text*)
 *(.mb1rodata)
 *(.mb1rodata*)

/DISCARD/
 libc.a(*)
 libm.a(*)
 libgcc.a(*)

.ARM.attributes
                0x00000000       0x30
 *(.ARM.attributes)
 .ARM.attributes
                0x00000000       0x22 c:/program files (x86)/atollic/truestudio for stm32 9.3.0/armtools/bin/../lib/gcc/arm-atollic-eabi/6.3.1/armv7e-m/fpu/crti.o
 .ARM.attributes
                0x00000022       0x34 c:/program files (x86)/atollic/truestudio for stm32 9.3.0/armtools/bin/../lib/gcc/arm-atollic-eabi/6.3.1/armv7e-m/fpu/crtbegin.o
 .ARM.attributes
                0x00000056       0x39 Core\Src\main.o
 .ARM.attributes
                0x0000008f       0x39 Core\Src\n64.o
 .ARM.attributes
                0x000000c8       0x39 Core\Src\pro_cont_desc.o
 .ARM.attributes
                0x00000101       0x21 Core\Src\startup_stm32f411xe.o
 .ARM.attributes
                0x00000122       0x39 Core\Src\stm32f4xx_hal_msp.o
 .ARM.attributes
                0x0000015b       0x39 Core\Src\stm32f4xx_it.o
 .ARM.attributes
                0x00000194       0x39 Core\Src\system_stm32f4xx.o
 .ARM.attributes
                0x000001cd       0x39 Core\Src\usbd_conf.o
 .ARM.attributes
                0x00000206       0x39 Core\Src\usbd_hid.o
 .ARM.attributes
                0x0000023f       0x39 Drivers\STM32F4xx_HAL_Driver\Src\stm32f4xx_hal.o
 .ARM.attributes
                0x00000278       0x39 Drivers\STM32F4xx_HAL_Driver\Src\stm32f4xx_hal_cortex.o
 .ARM.attributes
                0x000002b1       0x39 Drivers\STM32F4xx_HAL_Driver\Src\stm32f4xx_hal_gpio.o
 .ARM.attributes
                0x000002ea       0x39 Drivers\STM32F4xx_HAL_Driver\Src\stm32f4xx_hal_pcd.o
 .ARM.attributes
                0x00000323       0x39 Drivers\STM32F4xx_HAL_Driver\Src\stm32f4xx_hal_pcd_ex.o
 .ARM.attributes
                0x0000035c       0x39 Drivers\STM32F4xx_HAL_Driver\Src\stm32f4xx_hal_rcc.o
 .ARM.attributes
                0x00000395       0x39 Drivers\STM32F4xx_HAL_Driver\Src\stm32f4xx_hal_tim.o
 .ARM.attributes
                0x000003ce       0x39 Drivers\STM32F4xx_HAL_Driver\Src\stm32f4xx_hal_tim_ex.o
 .ARM.attributes
                0x00000407       0x39 Drivers\STM32F4xx_HAL_Driver\Src\stm32f4xx_hal_uart.o
 .ARM.attributes
                0x00000440       0x39 Drivers\STM32F4xx_HAL_Driver\Src\stm32f4xx_ll_gpio.o
 .ARM.attributes
                0x00000479       0x39 Drivers\STM32F4xx_HAL_Driver\Src\stm32f4xx_ll_usb.o
 .ARM.attributes
                0x000004b2       0x39 Middlewares\STM32_USB_Device_Library\Core\Src\usbd_core.o
 .ARM.attributes
                0x000004eb       0x39 Middlewares\STM32_USB_Device_Library\Core\Src\usbd_ctlreq.o
 .ARM.attributes
                0x00000524       0x39 Middlewares\STM32_USB_Device_Library\Core\Src\usbd_ioreq.o
 .ARM.attributes
                0x0000055d       0x34 c:/program files (x86)/atollic/truestudio for stm32 9.3.0/armtools/bin/../lib/gcc/arm-atollic-eabi/6.3.1/../../../../arm-atollic-eabi/lib/armv7e-m/fpu\libc_nano.a(lib_a-init.o)
 .ARM.attributes
                0x00000591       0x34 c:/program files (x86)/atollic/truestudio for stm32 9.3.0/armtools/bin/../lib/gcc/arm-atollic-eabi/6.3.1/../../../../arm-atollic-eabi/lib/armv7e-m/fpu\libc_nano.a(lib_a-malloc.o)
 .ARM.attributes
                0x000005c5       0x34 c:/program files (x86)/atollic/truestudio for stm32 9.3.0/armtools/bin/../lib/gcc/arm-atollic-eabi/6.3.1/../../../../arm-atollic-eabi/lib/armv7e-m/fpu\libc_nano.a(lib_a-memset.o)
 .ARM.attributes
                0x000005f9       0x34 c:/program files (x86)/atollic/truestudio for stm32 9.3.0/armtools/bin/../lib/gcc/arm-atollic-eabi/6.3.1/../../../../arm-atollic-eabi/lib/armv7e-m/fpu\libc_nano.a(lib_a-nano-freer.o)
 .ARM.attributes
                0x0000062d       0x34 c:/program files (x86)/atollic/truestudio for stm32 9.3.0/armtools/bin/../lib/gcc/arm-atollic-eabi/6.3.1/../../../../arm-atollic-eabi/lib/armv7e-m/fpu\libc_nano.a(lib_a-nano-mallocr.o)
 .ARM.attributes
                0x00000661       0x34 c:/program files (x86)/atollic/truestudio for stm32 9.3.0/armtools/bin/../lib/gcc/arm-atollic-eabi/6.3.1/../../../../arm-atollic-eabi/lib/armv7e-m/fpu\libc_nano.a(lib_a-sbrkr.o)
 .ARM.attributes
                0x00000695       0x34 c:/program files (x86)/atollic/truestudio for stm32 9.3.0/armtools/bin/../lib/gcc/arm-atollic-eabi/6.3.1/../../../../arm-atollic-eabi/lib/armv7e-m/fpu\libc_nano.a(lib_a-impure.o)
 .ARM.attributes
                0x000006c9       0x34 c:/program files (x86)/atollic/truestudio for stm32 9.3.0/armtools/bin/../lib/gcc/arm-atollic-eabi/6.3.1/../../../../arm-atollic-eabi/lib/armv7e-m/fpu\libc_nano.a(lib_a-mlock.o)
 .ARM.attributes
                0x000006fd       0x34 c:/program files (x86)/atollic/truestudio for stm32 9.3.0/armtools/bin/../lib/gcc/arm-atollic-eabi/6.3.1/../../../../arm-atollic-eabi/lib/armv7e-m/fpu\libc_nano.a(lib_a-reent.o)
 .ARM.attributes
                0x00000731       0x22 c:/program files (x86)/atollic/truestudio for stm32 9.3.0/armtools/bin/../lib/gcc/arm-atollic-eabi/6.3.1/armv7e-m/fpu\libgcc.a(_aeabi_uldivmod.o)
 .ARM.attributes
                0x00000753       0x34 c:/program files (x86)/atollic/truestudio for stm32 9.3.0/armtools/bin/../lib/gcc/arm-atollic-eabi/6.3.1/armv7e-m/fpu\libgcc.a(_udivmoddi4.o)
 .ARM.attributes
                0x00000787       0x22 c:/program files (x86)/atollic/truestudio for stm32 9.3.0/armtools/bin/../lib/gcc/arm-atollic-eabi/6.3.1/armv7e-m/fpu\libgcc.a(_dvmd_tls.o)
 .ARM.attributes
                0x000007a9       0x34 c:/program files (x86)/atollic/truestudio for stm32 9.3.0/armtools/bin/../lib/gcc/arm-atollic-eabi/6.3.1/../../../../arm-atollic-eabi/lib/armv7e-m/fpu\libnosys.a(sbrk.o)
 .ARM.attributes
                0x000007dd       0x22 c:/program files (x86)/atollic/truestudio for stm32 9.3.0/armtools/bin/../lib/gcc/arm-atollic-eabi/6.3.1/armv7e-m/fpu/crtn.o
OUTPUT(n64usb4switch.elf elf32-littlearm)

.debug_info     0x00000000    0x1cfc4
 .debug_info    0x00000000     0x20d1 Core\Src\main.o
 .debug_info    0x000020d1     0x1bc7 Core\Src\n64.o
 .debug_info    0x00003c98      0xd18 Core\Src\pro_cont_desc.o
 .debug_info    0x000049b0       0x8d Core\Src\startup_stm32f411xe.o
 .debug_info    0x00004a3d     0x1b31 Core\Src\stm32f4xx_hal_msp.o
 .debug_info    0x0000656e     0x1e19 Core\Src\stm32f4xx_it.o
 .debug_info    0x00008387      0x580 Core\Src\system_stm32f4xx.o
 .debug_info    0x00008907     0x24ca Core\Src\usbd_conf.o
 .debug_info    0x0000add1     0x1277 Core\Src\usbd_hid.o
 .debug_info    0x0000c048      0x8d3 Drivers\STM32F4xx_HAL_Driver\Src\stm32f4xx_hal.o
 .debug_info    0x0000c91b      0xd98 Drivers\STM32F4xx_HAL_Driver\Src\stm32f4xx_hal_cortex.o
 .debug_info    0x0000d6b3      0x7e5 Drivers\STM32F4xx_HAL_Driver\Src\stm32f4xx_hal_gpio.o
 .debug_info    0x0000de98     0x129e Drivers\STM32F4xx_HAL_Driver\Src\stm32f4xx_hal_pcd.o
 .debug_info    0x0000f136      0x774 Drivers\STM32F4xx_HAL_Driver\Src\stm32f4xx_hal_pcd_ex.o
 .debug_info    0x0000f8aa      0x928 Drivers\STM32F4xx_HAL_Driver\Src\stm32f4xx_hal_rcc.o
 .debug_info    0x000101d2     0x29a0 Drivers\STM32F4xx_HAL_Driver\Src\stm32f4xx_hal_tim.o
 .debug_info    0x00012b72     0x145d Drivers\STM32F4xx_HAL_Driver\Src\stm32f4xx_hal_tim_ex.o
 .debug_info    0x00013fcf     0x34d1 Drivers\STM32F4xx_HAL_Driver\Src\stm32f4xx_hal_uart.o
 .debug_info    0x000174a0      0x946 Drivers\STM32F4xx_HAL_Driver\Src\stm32f4xx_ll_gpio.o
 .debug_info    0x00017de6     0x19c0 Drivers\STM32F4xx_HAL_Driver\Src\stm32f4xx_ll_usb.o
 .debug_info    0x000197a6     0x1575 Middlewares\STM32_USB_Device_Library\Core\Src\usbd_core.o
 .debug_info    0x0001ad1b     0x12bd Middlewares\STM32_USB_Device_Library\Core\Src\usbd_ctlreq.o
 .debug_info    0x0001bfd8      0xfec Middlewares\STM32_USB_Device_Library\Core\Src\usbd_ioreq.o

.debug_abbrev   0x00000000     0x343e
 .debug_abbrev  0x00000000      0x2ec Core\Src\main.o
 .debug_abbrev  0x000002ec      0x301 Core\Src\n64.o
 .debug_abbrev  0x000005ed      0x29b Core\Src\pro_cont_desc.o
 .debug_abbrev  0x00000888       0x12 Core\Src\startup_stm32f411xe.o
 .debug_abbrev  0x0000089a      0x239 Core\Src\stm32f4xx_hal_msp.o
 .debug_abbrev  0x00000ad3      0x2bb Core\Src\stm32f4xx_it.o
 .debug_abbrev  0x00000d8e      0x126 Core\Src\system_stm32f4xx.o
 .debug_abbrev  0x00000eb4      0x2f3 Core\Src\usbd_conf.o
 .debug_abbrev  0x000011a7      0x28e Core\Src\usbd_hid.o
 .debug_abbrev  0x00001435      0x1ed Drivers\STM32F4xx_HAL_Driver\Src\stm32f4xx_hal.o
 .debug_abbrev  0x00001622      0x2f5 Drivers\STM32F4xx_HAL_Driver\Src\stm32f4xx_hal_cortex.o
 .debug_abbrev  0x00001917      0x1c4 Drivers\STM32F4xx_HAL_Driver\Src\stm32f4xx_hal_gpio.o
 .debug_abbrev  0x00001adb      0x261 Drivers\STM32F4xx_HAL_Driver\Src\stm32f4xx_hal_pcd.o
 .debug_abbrev  0x00001d3c      0x1ca Drivers\STM32F4xx_HAL_Driver\Src\stm32f4xx_hal_pcd_ex.o
 .debug_abbrev  0x00001f06      0x240 Drivers\STM32F4xx_HAL_Driver\Src\stm32f4xx_hal_rcc.o
 .debug_abbrev  0x00002146      0x238 Drivers\STM32F4xx_HAL_Driver\Src\stm32f4xx_hal_tim.o
 .debug_abbrev  0x0000237e      0x23e Drivers\STM32F4xx_HAL_Driver\Src\stm32f4xx_hal_tim_ex.o
 .debug_abbrev  0x000025bc      0x2bd Drivers\STM32F4xx_HAL_Driver\Src\stm32f4xx_hal_uart.o
 .debug_abbrev  0x00002879      0x20d Drivers\STM32F4xx_HAL_Driver\Src\stm32f4xx_ll_gpio.o
 .debug_abbrev  0x00002a86      0x265 Drivers\STM32F4xx_HAL_Driver\Src\stm32f4xx_ll_usb.o
 .debug_abbrev  0x00002ceb      0x289 Middlewares\STM32_USB_Device_Library\Core\Src\usbd_core.o
 .debug_abbrev  0x00002f74      0x2c4 Middlewares\STM32_USB_Device_Library\Core\Src\usbd_ctlreq.o
 .debug_abbrev  0x00003238      0x206 Middlewares\STM32_USB_Device_Library\Core\Src\usbd_ioreq.o

.debug_aranges  0x00000000     0x1320
 .debug_aranges
                0x00000000       0x58 Core\Src\main.o
 .debug_aranges
                0x00000058       0x68 Core\Src\n64.o
 .debug_aranges
                0x000000c0       0x60 Core\Src\pro_cont_desc.o
 .debug_aranges
                0x00000120       0x28 Core\Src\startup_stm32f411xe.o
 .debug_aranges
                0x00000148       0x40 Core\Src\stm32f4xx_hal_msp.o
 .debug_aranges
                0x00000188       0x98 Core\Src\stm32f4xx_it.o
 .debug_aranges
                0x00000220       0x28 Core\Src\system_stm32f4xx.o
 .debug_aranges
                0x00000248      0x108 Core\Src\usbd_conf.o
 .debug_aranges
                0x00000350       0x68 Core\Src\usbd_hid.o
 .debug_aranges
                0x000003b8       0xf0 Drivers\STM32F4xx_HAL_Driver\Src\stm32f4xx_hal.o
 .debug_aranges
                0x000004a8      0x118 Drivers\STM32F4xx_HAL_Driver\Src\stm32f4xx_hal_cortex.o
 .debug_aranges
                0x000005c0       0x58 Drivers\STM32F4xx_HAL_Driver\Src\stm32f4xx_hal_gpio.o
 .debug_aranges
                0x00000618      0x148 Drivers\STM32F4xx_HAL_Driver\Src\stm32f4xx_hal_pcd.o
 .debug_aranges
                0x00000760       0x38 Drivers\STM32F4xx_HAL_Driver\Src\stm32f4xx_hal_pcd_ex.o
 .debug_aranges
                0x00000798       0x88 Drivers\STM32F4xx_HAL_Driver\Src\stm32f4xx_hal_rcc.o
 .debug_aranges
                0x00000820      0x3d0 Drivers\STM32F4xx_HAL_Driver\Src\stm32f4xx_hal_tim.o
 .debug_aranges
                0x00000bf0      0x168 Drivers\STM32F4xx_HAL_Driver\Src\stm32f4xx_hal_tim_ex.o
 .debug_aranges
                0x00000d58      0x200 Drivers\STM32F4xx_HAL_Driver\Src\stm32f4xx_hal_uart.o
 .debug_aranges
                0x00000f58       0x70 Drivers\STM32F4xx_HAL_Driver\Src\stm32f4xx_ll_gpio.o
 .debug_aranges
                0x00000fc8      0x1a0 Drivers\STM32F4xx_HAL_Driver\Src\stm32f4xx_ll_usb.o
 .debug_aranges
                0x00001168       0xd8 Middlewares\STM32_USB_Device_Library\Core\Src\usbd_core.o
 .debug_aranges
                0x00001240       0x90 Middlewares\STM32_USB_Device_Library\Core\Src\usbd_ctlreq.o
 .debug_aranges
                0x000012d0       0x50 Middlewares\STM32_USB_Device_Library\Core\Src\usbd_ioreq.o

.debug_ranges   0x00000000     0x11e8
 .debug_ranges  0x00000000       0x48 Core\Src\main.o
 .debug_ranges  0x00000048       0x58 Core\Src\n64.o
 .debug_ranges  0x000000a0       0x50 Core\Src\pro_cont_desc.o
 .debug_ranges  0x000000f0       0x20 Core\Src\startup_stm32f411xe.o
 .debug_ranges  0x00000110       0x30 Core\Src\stm32f4xx_hal_msp.o
 .debug_ranges  0x00000140       0x88 Core\Src\stm32f4xx_it.o
 .debug_ranges  0x000001c8       0x18 Core\Src\system_stm32f4xx.o
 .debug_ranges  0x000001e0       0xf8 Core\Src\usbd_conf.o
 .debug_ranges  0x000002d8       0x58 Core\Src\usbd_hid.o
 .debug_ranges  0x00000330       0xe0 Drivers\STM32F4xx_HAL_Driver\Src\stm32f4xx_hal.o
 .debug_ranges  0x00000410      0x108 Drivers\STM32F4xx_HAL_Driver\Src\stm32f4xx_hal_cortex.o
 .debug_ranges  0x00000518       0x48 Drivers\STM32F4xx_HAL_Driver\Src\stm32f4xx_hal_gpio.o
 .debug_ranges  0x00000560      0x138 Drivers\STM32F4xx_HAL_Driver\Src\stm32f4xx_hal_pcd.o
 .debug_ranges  0x00000698       0x28 Drivers\STM32F4xx_HAL_Driver\Src\stm32f4xx_hal_pcd_ex.o
 .debug_ranges  0x000006c0       0x78 Drivers\STM32F4xx_HAL_Driver\Src\stm32f4xx_hal_rcc.o
 .debug_ranges  0x00000738      0x3c0 Drivers\STM32F4xx_HAL_Driver\Src\stm32f4xx_hal_tim.o
 .debug_ranges  0x00000af8      0x158 Drivers\STM32F4xx_HAL_Driver\Src\stm32f4xx_hal_tim_ex.o
 .debug_ranges  0x00000c50      0x220 Drivers\STM32F4xx_HAL_Driver\Src\stm32f4xx_hal_uart.o
 .debug_ranges  0x00000e70       0x60 Drivers\STM32F4xx_HAL_Driver\Src\stm32f4xx_ll_gpio.o
 .debug_ranges  0x00000ed0      0x190 Drivers\STM32F4xx_HAL_Driver\Src\stm32f4xx_ll_usb.o
 .debug_ranges  0x00001060       0xc8 Middlewares\STM32_USB_Device_Library\Core\Src\usbd_core.o
 .debug_ranges  0x00001128       0x80 Middlewares\STM32_USB_Device_Library\Core\Src\usbd_ctlreq.o
 .debug_ranges  0x000011a8       0x40 Middlewares\STM32_USB_Device_Library\Core\Src\usbd_ioreq.o

.debug_line     0x00000000     0xa572
 .debug_line    0x00000000      0x54c Core\Src\main.o
 .debug_line    0x0000054c      0x5a9 Core\Src\n64.o
 .debug_line    0x00000af5      0x413 Core\Src\pro_cont_desc.o
 .debug_line    0x00000f08       0x8c Core\Src\startup_stm32f411xe.o
 .debug_line    0x00000f94      0x44b Core\Src\stm32f4xx_hal_msp.o
 .debug_line    0x000013df      0x56c Core\Src\stm32f4xx_it.o
 .debug_line    0x0000194b      0x228 Core\Src\system_stm32f4xx.o
 .debug_line    0x00001b73      0x69e Core\Src\usbd_conf.o
 .debug_line    0x00002211      0x45c Core\Src\usbd_hid.o
 .debug_line    0x0000266d      0x42b Drivers\STM32F4xx_HAL_Driver\Src\stm32f4xx_hal.o
 .debug_line    0x00002a98      0x55f Drivers\STM32F4xx_HAL_Driver\Src\stm32f4xx_hal_cortex.o
 .debug_line    0x00002ff7      0x3d4 Drivers\STM32F4xx_HAL_Driver\Src\stm32f4xx_hal_gpio.o
 .debug_line    0x000033cb      0x879 Drivers\STM32F4xx_HAL_Driver\Src\stm32f4xx_hal_pcd.o
 .debug_line    0x00003c44      0x2a2 Drivers\STM32F4xx_HAL_Driver\Src\stm32f4xx_hal_pcd_ex.o
 .debug_line    0x00003ee6      0x4d0 Drivers\STM32F4xx_HAL_Driver\Src\stm32f4xx_hal_rcc.o
 .debug_line    0x000043b6     0x1bf3 Drivers\STM32F4xx_HAL_Driver\Src\stm32f4xx_hal_tim.o
 .debug_line    0x00005fa9      0xdb2 Drivers\STM32F4xx_HAL_Driver\Src\stm32f4xx_hal_tim_ex.o
 .debug_line    0x00006d5b     0x1994 Drivers\STM32F4xx_HAL_Driver\Src\stm32f4xx_hal_uart.o
 .debug_line    0x000086ef      0x403 Drivers\STM32F4xx_HAL_Driver\Src\stm32f4xx_ll_gpio.o
 .debug_line    0x00008af2      0xa76 Drivers\STM32F4xx_HAL_Driver\Src\stm32f4xx_ll_usb.o
 .debug_line    0x00009568      0x5c0 Middlewares\STM32_USB_Device_Library\Core\Src\usbd_core.o
 .debug_line    0x00009b28      0x68d Middlewares\STM32_USB_Device_Library\Core\Src\usbd_ctlreq.o
 .debug_line    0x0000a1b5      0x3bd Middlewares\STM32_USB_Device_Library\Core\Src\usbd_ioreq.o

.debug_str      0x00000000     0x5d7b
 .debug_str     0x00000000     0x174d Core\Src\main.o
                               0x191a (size before relaxing)
 .debug_str     0x0000174d      0x2b8 Core\Src\n64.o
                               0x152f (size before relaxing)
 .debug_str     0x00001a05      0x183 Core\Src\pro_cont_desc.o
                                0x973 (size before relaxing)
 .debug_str     0x00001b88      0x42e Core\Src\stm32f4xx_hal_msp.o
                               0x173f (size before relaxing)
 .debug_str     0x00001fb6      0x1b6 Core\Src\stm32f4xx_it.o
                               0x166a (size before relaxing)
 .debug_str     0x0000216c       0x67 Core\Src\system_stm32f4xx.o
                                0x456 (size before relaxing)
 .debug_str     0x000021d3      0x310 Core\Src\usbd_conf.o
                               0x1bfc (size before relaxing)
 .debug_str     0x000024e3      0x22e Core\Src\usbd_hid.o
                                0xd38 (size before relaxing)
 .debug_str     0x00002711      0x2a7 Drivers\STM32F4xx_HAL_Driver\Src\stm32f4xx_hal.o
                                0xa42 (size before relaxing)
 .debug_str     0x000029b8      0x495 Drivers\STM32F4xx_HAL_Driver\Src\stm32f4xx_hal_cortex.o
                                0xbb4 (size before relaxing)
 .debug_str     0x00002e4d      0x134 Drivers\STM32F4xx_HAL_Driver\Src\stm32f4xx_hal_gpio.o
                                0x5e4 (size before relaxing)
 .debug_str     0x00002f81      0x425 Drivers\STM32F4xx_HAL_Driver\Src\stm32f4xx_hal_pcd.o
                                0xc2f (size before relaxing)
 .debug_str     0x000033a6      0x16a Drivers\STM32F4xx_HAL_Driver\Src\stm32f4xx_hal_pcd_ex.o
                                0x818 (size before relaxing)
 .debug_str     0x00003510      0x1bc Drivers\STM32F4xx_HAL_Driver\Src\stm32f4xx_hal_rcc.o
                                0x79b (size before relaxing)
 .debug_str     0x000036cc      0xe55 Drivers\STM32F4xx_HAL_Driver\Src\stm32f4xx_hal_tim.o
                               0x176a (size before relaxing)
 .debug_str     0x00004521      0x5c8 Drivers\STM32F4xx_HAL_Driver\Src\stm32f4xx_hal_tim_ex.o
                                0xf1b (size before relaxing)
 .debug_str     0x00004ae9      0x602 Drivers\STM32F4xx_HAL_Driver\Src\stm32f4xx_hal_uart.o
                                0xdc3 (size before relaxing)
 .debug_str     0x000050eb      0x14f Drivers\STM32F4xx_HAL_Driver\Src\stm32f4xx_ll_gpio.o
                                0x58d (size before relaxing)
 .debug_str     0x0000523a      0x6a0 Drivers\STM32F4xx_HAL_Driver\Src\stm32f4xx_ll_usb.o
                                0xd87 (size before relaxing)
 .debug_str     0x000058da      0x28b Middlewares\STM32_USB_Device_Library\Core\Src\usbd_core.o
                                0xde7 (size before relaxing)
 .debug_str     0x00005b65      0x14d Middlewares\STM32_USB_Device_Library\Core\Src\usbd_ctlreq.o
                                0xc5e (size before relaxing)
 .debug_str     0x00005cb2       0xc9 Middlewares\STM32_USB_Device_Library\Core\Src\usbd_ioreq.o
                                0xbae (size before relaxing)

.comment        0x00000000       0x7c
 .comment       0x00000000       0x7c Core\Src\main.o
                                 0x7d (size before relaxing)
 .comment       0x0000007c       0x7d Core\Src\n64.o
 .comment       0x0000007c       0x7d Core\Src\pro_cont_desc.o
 .comment       0x0000007c       0x7d Core\Src\stm32f4xx_hal_msp.o
 .comment       0x0000007c       0x7d Core\Src\stm32f4xx_it.o
 .comment       0x0000007c       0x7d Core\Src\system_stm32f4xx.o
 .comment       0x0000007c       0x7d Core\Src\usbd_conf.o
 .comment       0x0000007c       0x7d Core\Src\usbd_hid.o
 .comment       0x0000007c       0x7d Drivers\STM32F4xx_HAL_Driver\Src\stm32f4xx_hal.o
 .comment       0x0000007c       0x7d Drivers\STM32F4xx_HAL_Driver\Src\stm32f4xx_hal_cortex.o
 .comment       0x0000007c       0x7d Drivers\STM32F4xx_HAL_Driver\Src\stm32f4xx_hal_gpio.o
 .comment       0x0000007c       0x7d Drivers\STM32F4xx_HAL_Driver\Src\stm32f4xx_hal_pcd.o
 .comment       0x0000007c       0x7d Drivers\STM32F4xx_HAL_Driver\Src\stm32f4xx_hal_pcd_ex.o
 .comment       0x0000007c       0x7d Drivers\STM32F4xx_HAL_Driver\Src\stm32f4xx_hal_rcc.o
 .comment       0x0000007c       0x7d Drivers\STM32F4xx_HAL_Driver\Src\stm32f4xx_hal_tim.o
 .comment       0x0000007c       0x7d Drivers\STM32F4xx_HAL_Driver\Src\stm32f4xx_hal_tim_ex.o
 .comment       0x0000007c       0x7d Drivers\STM32F4xx_HAL_Driver\Src\stm32f4xx_hal_uart.o
 .comment       0x0000007c       0x7d Drivers\STM32F4xx_HAL_Driver\Src\stm32f4xx_ll_gpio.o
 .comment       0x0000007c       0x7d Drivers\STM32F4xx_HAL_Driver\Src\stm32f4xx_ll_usb.o
 .comment       0x0000007c       0x7d Middlewares\STM32_USB_Device_Library\Core\Src\usbd_core.o
 .comment       0x0000007c       0x7d Middlewares\STM32_USB_Device_Library\Core\Src\usbd_ctlreq.o
 .comment       0x0000007c       0x7d Middlewares\STM32_USB_Device_Library\Core\Src\usbd_ioreq.o

.debug_frame    0x00000000     0x5240
 .debug_frame   0x00000000      0x120 Core\Src\main.o
 .debug_frame   0x00000120      0x18c Core\Src\n64.o
 .debug_frame   0x000002ac      0x160 Core\Src\pro_cont_desc.o
 .debug_frame   0x0000040c       0xc8 Core\Src\stm32f4xx_hal_msp.o
 .debug_frame   0x000004d4      0x1f8 Core\Src\stm32f4xx_it.o
 .debug_frame   0x000006cc       0x58 Core\Src\system_stm32f4xx.o
 .debug_frame   0x00000724      0x44c Core\Src\usbd_conf.o
 .debug_frame   0x00000b70      0x184 Core\Src\usbd_hid.o
 .debug_frame   0x00000cf4      0x374 Drivers\STM32F4xx_HAL_Driver\Src\stm32f4xx_hal.o
 .debug_frame   0x00001068      0x498 Drivers\STM32F4xx_HAL_Driver\Src\stm32f4xx_hal_cortex.o
 .debug_frame   0x00001500      0x14c Drivers\STM32F4xx_HAL_Driver\Src\stm32f4xx_hal_gpio.o
 .debug_frame   0x0000164c      0x5bc Drivers\STM32F4xx_HAL_Driver\Src\stm32f4xx_hal_pcd.o
 .debug_frame   0x00001c08       0xb0 Drivers\STM32F4xx_HAL_Driver\Src\stm32f4xx_hal_pcd_ex.o
 .debug_frame   0x00001cb8      0x1f8 Drivers\STM32F4xx_HAL_Driver\Src\stm32f4xx_hal_rcc.o
 .debug_frame   0x00001eb0     0x11bc Drivers\STM32F4xx_HAL_Driver\Src\stm32f4xx_hal_tim.o
 .debug_frame   0x0000306c      0x638 Drivers\STM32F4xx_HAL_Driver\Src\stm32f4xx_hal_tim_ex.o
 .debug_frame   0x000036a4      0x92c Drivers\STM32F4xx_HAL_Driver\Src\stm32f4xx_hal_uart.o
 .debug_frame   0x00003fd0      0x1c0 Drivers\STM32F4xx_HAL_Driver\Src\stm32f4xx_ll_gpio.o
 .debug_frame   0x00004190      0x7c0 Drivers\STM32F4xx_HAL_Driver\Src\stm32f4xx_ll_usb.o
 .debug_frame   0x00004950      0x390 Middlewares\STM32_USB_Device_Library\Core\Src\usbd_core.o
 .debug_frame   0x00004ce0      0x23c Middlewares\STM32_USB_Device_Library\Core\Src\usbd_ctlreq.o
 .debug_frame   0x00004f1c      0x10c Middlewares\STM32_USB_Device_Library\Core\Src\usbd_ioreq.o
 .debug_frame   0x00005028       0x2c c:/program files (x86)/atollic/truestudio for stm32 9.3.0/armtools/bin/../lib/gcc/arm-atollic-eabi/6.3.1/../../../../arm-atollic-eabi/lib/armv7e-m/fpu\libc_nano.a(lib_a-init.o)
 .debug_frame   0x00005054       0x30 c:/program files (x86)/atollic/truestudio for stm32 9.3.0/armtools/bin/../lib/gcc/arm-atollic-eabi/6.3.1/../../../../arm-atollic-eabi/lib/armv7e-m/fpu\libc_nano.a(lib_a-malloc.o)
 .debug_frame   0x00005084       0x20 c:/program files (x86)/atollic/truestudio for stm32 9.3.0/armtools/bin/../lib/gcc/arm-atollic-eabi/6.3.1/../../../../arm-atollic-eabi/lib/armv7e-m/fpu\libc_nano.a(lib_a-memset.o)
 .debug_frame   0x000050a4       0x38 c:/program files (x86)/atollic/truestudio for stm32 9.3.0/armtools/bin/../lib/gcc/arm-atollic-eabi/6.3.1/../../../../arm-atollic-eabi/lib/armv7e-m/fpu\libc_nano.a(lib_a-nano-freer.o)
 .debug_frame   0x000050dc       0x2c c:/program files (x86)/atollic/truestudio for stm32 9.3.0/armtools/bin/../lib/gcc/arm-atollic-eabi/6.3.1/../../../../arm-atollic-eabi/lib/armv7e-m/fpu\libc_nano.a(lib_a-nano-mallocr.o)
 .debug_frame   0x00005108       0x2c c:/program files (x86)/atollic/truestudio for stm32 9.3.0/armtools/bin/../lib/gcc/arm-atollic-eabi/6.3.1/../../../../arm-atollic-eabi/lib/armv7e-m/fpu\libc_nano.a(lib_a-sbrkr.o)
 .debug_frame   0x00005134       0x30 c:/program files (x86)/atollic/truestudio for stm32 9.3.0/armtools/bin/../lib/gcc/arm-atollic-eabi/6.3.1/../../../../arm-atollic-eabi/lib/armv7e-m/fpu\libc_nano.a(lib_a-mlock.o)
 .debug_frame   0x00005164       0x5c c:/program files (x86)/atollic/truestudio for stm32 9.3.0/armtools/bin/../lib/gcc/arm-atollic-eabi/6.3.1/../../../../arm-atollic-eabi/lib/armv7e-m/fpu\libc_nano.a(lib_a-reent.o)
 .debug_frame   0x000051c0       0x2c c:/program files (x86)/atollic/truestudio for stm32 9.3.0/armtools/bin/../lib/gcc/arm-atollic-eabi/6.3.1/armv7e-m/fpu\libgcc.a(_aeabi_uldivmod.o)
 .debug_frame   0x000051ec       0x34 c:/program files (x86)/atollic/truestudio for stm32 9.3.0/armtools/bin/../lib/gcc/arm-atollic-eabi/6.3.1/armv7e-m/fpu\libgcc.a(_udivmoddi4.o)
 .debug_frame   0x00005220       0x20 c:/program files (x86)/atollic/truestudio for stm32 9.3.0/armtools/bin/../lib/gcc/arm-atollic-eabi/6.3.1/../../../../arm-atollic-eabi/lib/armv7e-m/fpu\libnosys.a(sbrk.o)

.stabstr        0x00000000       0x3f
 .stabstr       0x00000000       0x3f c:/program files (x86)/atollic/truestudio for stm32 9.3.0/armtools/bin/../lib/gcc/arm-atollic-eabi/6.3.1/../../../../arm-atollic-eabi/lib/armv7e-m/fpu\libnosys.a(write.o)

Cross Reference Table

Symbol                                            File
ADC_IRQHandler                                    Core\Src\startup_stm32f411xe.o
AHBPrescTable                                     Core\Src\system_stm32f4xx.o
                                                  Drivers\STM32F4xx_HAL_Driver\Src\stm32f4xx_ll_utils.o
                                                  Drivers\STM32F4xx_HAL_Driver\Src\stm32f4xx_ll_rcc.o
                                                  Drivers\STM32F4xx_HAL_Driver\Src\stm32f4xx_hal_rcc.o
APBPrescTable                                     Core\Src\system_stm32f4xx.o
                                                  Drivers\STM32F4xx_HAL_Driver\Src\stm32f4xx_ll_rcc.o
                                                  Drivers\STM32F4xx_HAL_Driver\Src\stm32f4xx_hal_rcc.o
BusFault_Handler                                  Core\Src\stm32f4xx_it.o
                                                  Core\Src\startup_stm32f411xe.o
DMA1_Stream0_IRQHandler                           Core\Src\startup_stm32f411xe.o
DMA1_Stream1_IRQHandler                           Core\Src\startup_stm32f411xe.o
DMA1_Stream2_IRQHandler                           Core\Src\startup_stm32f411xe.o
DMA1_Stream3_IRQHandler                           Core\Src\startup_stm32f411xe.o
DMA1_Stream4_IRQHandler                           Core\Src\startup_stm32f411xe.o
DMA1_Stream5_IRQHandler                           Core\Src\startup_stm32f411xe.o
DMA1_Stream6_IRQHandler                           Core\Src\startup_stm32f411xe.o
DMA1_Stream7_IRQHandler                           Core\Src\startup_stm32f411xe.o
DMA2_Stream0_IRQHandler                           Core\Src\startup_stm32f411xe.o
DMA2_Stream1_IRQHandler                           Core\Src\startup_stm32f411xe.o
DMA2_Stream2_IRQHandler                           Core\Src\startup_stm32f411xe.o
DMA2_Stream3_IRQHandler                           Core\Src\startup_stm32f411xe.o
DMA2_Stream4_IRQHandler                           Core\Src\startup_stm32f411xe.o
DMA2_Stream5_IRQHandler                           Core\Src\startup_stm32f411xe.o
DMA2_Stream6_IRQHandler                           Core\Src\startup_stm32f411xe.o
DMA2_Stream7_IRQHandler                           Core\Src\startup_stm32f411xe.o
DebugMon_Handler                                  Core\Src\stm32f4xx_it.o
                                                  Core\Src\startup_stm32f411xe.o
Default_Handler                                   Core\Src\startup_stm32f411xe.o
EXTI0_IRQHandler                                  Core\Src\startup_stm32f411xe.o
EXTI15_10_IRQHandler                              Core\Src\startup_stm32f411xe.o
EXTI1_IRQHandler                                  Core\Src\startup_stm32f411xe.o
EXTI2_IRQHandler                                  Core\Src\startup_stm32f411xe.o
EXTI3_IRQHandler                                  Core\Src\startup_stm32f411xe.o
EXTI4_IRQHandler                                  Core\Src\stm32f4xx_it.o
                                                  Core\Src\startup_stm32f411xe.o
EXTI9_5_IRQHandler                                Core\Src\startup_stm32f411xe.o
Error_Handler                                     Core\Src\main.o
                                                  Core\Src\usbd_conf.o
                                                  Core\Src\n64.o
FLASH_Erase_Sector                                Drivers\STM32F4xx_HAL_Driver\Src\stm32f4xx_hal_flash_ex.o
                                                  Drivers\STM32F4xx_HAL_Driver\Src\stm32f4xx_hal_flash.o
FLASH_FlushCaches                                 Drivers\STM32F4xx_HAL_Driver\Src\stm32f4xx_hal_flash_ex.o
                                                  Drivers\STM32F4xx_HAL_Driver\Src\stm32f4xx_hal_flash.o
FLASH_IRQHandler                                  Core\Src\startup_stm32f411xe.o
FLASH_WaitForLastOperation                        Drivers\STM32F4xx_HAL_Driver\Src\stm32f4xx_hal_flash.o
                                                  Drivers\STM32F4xx_HAL_Driver\Src\stm32f4xx_hal_flash_ex.o
FPU_IRQHandler                                    Core\Src\startup_stm32f411xe.o
HAL_DBGMCU_DisableDBGSleepMode                    Drivers\STM32F4xx_HAL_Driver\Src\stm32f4xx_hal.o
HAL_DBGMCU_DisableDBGStandbyMode                  Drivers\STM32F4xx_HAL_Driver\Src\stm32f4xx_hal.o
HAL_DBGMCU_DisableDBGStopMode                     Drivers\STM32F4xx_HAL_Driver\Src\stm32f4xx_hal.o
HAL_DBGMCU_EnableDBGSleepMode                     Drivers\STM32F4xx_HAL_Driver\Src\stm32f4xx_hal.o
HAL_DBGMCU_EnableDBGStandbyMode                   Drivers\STM32F4xx_HAL_Driver\Src\stm32f4xx_hal.o
HAL_DBGMCU_EnableDBGStopMode                      Drivers\STM32F4xx_HAL_Driver\Src\stm32f4xx_hal.o
HAL_DMAEx_ChangeMemory                            Drivers\STM32F4xx_HAL_Driver\Src\stm32f4xx_hal_dma_ex.o
HAL_DMAEx_MultiBufferStart                        Drivers\STM32F4xx_HAL_Driver\Src\stm32f4xx_hal_dma_ex.o
HAL_DMAEx_MultiBufferStart_IT                     Drivers\STM32F4xx_HAL_Driver\Src\stm32f4xx_hal_dma_ex.o
HAL_DMA_Abort                                     Drivers\STM32F4xx_HAL_Driver\Src\stm32f4xx_hal_dma.o
                                                  Drivers\STM32F4xx_HAL_Driver\Src\stm32f4xx_hal_usart.o
                                                  Drivers\STM32F4xx_HAL_Driver\Src\stm32f4xx_hal_uart.o
HAL_DMA_Abort_IT                                  Drivers\STM32F4xx_HAL_Driver\Src\stm32f4xx_hal_dma.o
                                                  Drivers\STM32F4xx_HAL_Driver\Src\stm32f4xx_hal_usart.o
                                                  Drivers\STM32F4xx_HAL_Driver\Src\stm32f4xx_hal_uart.o
                                                  Drivers\STM32F4xx_HAL_Driver\Src\stm32f4xx_hal_tim_ex.o
                                                  Drivers\STM32F4xx_HAL_Driver\Src\stm32f4xx_hal_tim.o
                                                  Drivers\STM32F4xx_HAL_Driver\Src\stm32f4xx_hal_i2c.o
HAL_DMA_DeInit                                    Drivers\STM32F4xx_HAL_Driver\Src\stm32f4xx_hal_dma.o
HAL_DMA_GetError                                  Drivers\STM32F4xx_HAL_Driver\Src\stm32f4xx_hal_dma.o
                                                  Drivers\STM32F4xx_HAL_Driver\Src\stm32f4xx_hal_uart.o
                                                  Drivers\STM32F4xx_HAL_Driver\Src\stm32f4xx_hal_i2c.o
HAL_DMA_GetState                                  Drivers\STM32F4xx_HAL_Driver\Src\stm32f4xx_hal_dma.o
                                                  Drivers\STM32F4xx_HAL_Driver\Src\stm32f4xx_hal_i2c.o
HAL_DMA_IRQHandler                                Drivers\STM32F4xx_HAL_Driver\Src\stm32f4xx_hal_dma.o
HAL_DMA_Init                                      Drivers\STM32F4xx_HAL_Driver\Src\stm32f4xx_hal_dma.o