Archive member included to satisfy reference by file (symbol)

c:/program files (x86)/atollic/truestudio for stm32 9.3.0/armtools/bin/../lib/gcc/arm-atollic-eabi/6.3.1/../../../../arm-atollic-eabi/lib/armv7e-m/fpu\libc_nano.a(lib_a-init.o)
                              Core\Src\startup_stm32f411xe.o (__libc_init_array)
c:/program files (x86)/atollic/truestudio for stm32 9.3.0/armtools/bin/../lib/gcc/arm-atollic-eabi/6.3.1/../../../../arm-atollic-eabi/lib/armv7e-m/fpu\libc_nano.a(lib_a-malloc.o)
                              Core\Src\usbd_hid.o (malloc)
c:/program files (x86)/atollic/truestudio for stm32 9.3.0/armtools/bin/../lib/gcc/arm-atollic-eabi/6.3.1/../../../../arm-atollic-eabi/lib/armv7e-m/fpu\libc_nano.a(lib_a-memset.o)
                              Core\Src\main.o (memset)
c:/program files (x86)/atollic/truestudio for stm32 9.3.0/armtools/bin/../lib/gcc/arm-atollic-eabi/6.3.1/../../../../arm-atollic-eabi/lib/armv7e-m/fpu\libc_nano.a(lib_a-nano-freer.o)
                              c:/program files (x86)/atollic/truestudio for stm32 9.3.0/armtools/bin/../lib/gcc/arm-atollic-eabi/6.3.1/../../../../arm-atollic-eabi/lib/armv7e-m/fpu\libc_nano.a(lib_a-malloc.o) (_free_r)
c:/program files (x86)/atollic/truestudio for stm32 9.3.0/armtools/bin/../lib/gcc/arm-atollic-eabi/6.3.1/../../../../arm-atollic-eabi/lib/armv7e-m/fpu\libc_nano.a(lib_a-nano-mallocr.o)
                              c:/program files (x86)/atollic/truestudio for stm32 9.3.0/armtools/bin/../lib/gcc/arm-atollic-eabi/6.3.1/../../../../arm-atollic-eabi/lib/armv7e-m/fpu\libc_nano.a(lib_a-malloc.o) (_malloc_r)
c:/program files (x86)/atollic/truestudio for stm32 9.3.0/armtools/bin/../lib/gcc/arm-atollic-eabi/6.3.1/../../../../arm-atollic-eabi/lib/armv7e-m/fpu\libc_nano.a(lib_a-sbrkr.o)
                              c:/program files (x86)/atollic/truestudio for stm32 9.3.0/armtools/bin/../lib/gcc/arm-atollic-eabi/6.3.1/../../../../arm-atollic-eabi/lib/armv7e-m/fpu\libc_nano.a(lib_a-nano-mallocr.o) (_sbrk_r)
c:/program files (x86)/atollic/truestudio for stm32 9.3.0/armtools/bin/../lib/gcc/arm-atollic-eabi/6.3.1/../../../../arm-atollic-eabi/lib/armv7e-m/fpu\libc_nano.a(lib_a-strlen.o)
                              Core\Src\tiny_printf.o (strlen)
c:/program files (x86)/atollic/truestudio for stm32 9.3.0/armtools/bin/../lib/gcc/arm-atollic-eabi/6.3.1/../../../../arm-atollic-eabi/lib/armv7e-m/fpu\libc_nano.a(lib_a-impure.o)
                              c:/program files (x86)/atollic/truestudio for stm32 9.3.0/armtools/bin/../lib/gcc/arm-atollic-eabi/6.3.1/../../../../arm-atollic-eabi/lib/armv7e-m/fpu\libc_nano.a(lib_a-malloc.o) (_impure_ptr)
c:/program files (x86)/atollic/truestudio for stm32 9.3.0/armtools/bin/../lib/gcc/arm-atollic-eabi/6.3.1/../../../../arm-atollic-eabi/lib/armv7e-m/fpu\libc_nano.a(lib_a-mlock.o)
                              c:/program files (x86)/atollic/truestudio for stm32 9.3.0/armtools/bin/../lib/gcc/arm-atollic-eabi/6.3.1/../../../../arm-atollic-eabi/lib/armv7e-m/fpu\libc_nano.a(lib_a-nano-freer.o) (__malloc_lock)
c:/program files (x86)/atollic/truestudio for stm32 9.3.0/armtools/bin/../lib/gcc/arm-atollic-eabi/6.3.1/../../../../arm-atollic-eabi/lib/armv7e-m/fpu\libc_nano.a(lib_a-reent.o)
                              c:/program files (x86)/atollic/truestudio for stm32 9.3.0/armtools/bin/../lib/gcc/arm-atollic-eabi/6.3.1/../../../../arm-atollic-eabi/lib/armv7e-m/fpu\libc_nano.a(lib_a-sbrkr.o) (errno)
c:/program files (x86)/atollic/truestudio for stm32 9.3.0/armtools/bin/../lib/gcc/arm-atollic-eabi/6.3.1/armv7e-m/fpu\libgcc.a(_aeabi_uldivmod.o)
                              Drivers\STM32F4xx_HAL_Driver\Src\stm32f4xx_hal_rcc.o (__aeabi_uldivmod)
c:/program files (x86)/atollic/truestudio for stm32 9.3.0/armtools/bin/../lib/gcc/arm-atollic-eabi/6.3.1/armv7e-m/fpu\libgcc.a(_udivmoddi4.o)
                              c:/program files (x86)/atollic/truestudio for stm32 9.3.0/armtools/bin/../lib/gcc/arm-atollic-eabi/6.3.1/armv7e-m/fpu\libgcc.a(_aeabi_uldivmod.o) (__udivmoddi4)
c:/program files (x86)/atollic/truestudio for stm32 9.3.0/armtools/bin/../lib/gcc/arm-atollic-eabi/6.3.1/armv7e-m/fpu\libgcc.a(_dvmd_tls.o)
                              c:/program files (x86)/atollic/truestudio for stm32 9.3.0/armtools/bin/../lib/gcc/arm-atollic-eabi/6.3.1/armv7e-m/fpu\libgcc.a(_aeabi_uldivmod.o) (__aeabi_ldiv0)
c:/program files (x86)/atollic/truestudio for stm32 9.3.0/armtools/bin/../lib/gcc/arm-atollic-eabi/6.3.1/../../../../arm-atollic-eabi/lib/armv7e-m/fpu\libnosys.a(sbrk.o)
                              c:/program files (x86)/atollic/truestudio for stm32 9.3.0/armtools/bin/../lib/gcc/arm-atollic-eabi/6.3.1/../../../../arm-atollic-eabi/lib/armv7e-m/fpu\libc_nano.a(lib_a-sbrkr.o) (_sbrk)
c:/program files (x86)/atollic/truestudio for stm32 9.3.0/armtools/bin/../lib/gcc/arm-atollic-eabi/6.3.1/../../../../arm-atollic-eabi/lib/armv7e-m/fpu\libnosys.a(write.o)
                              Core\Src\tiny_printf.o (_write)

[...]
Memory Configuration

Name             Origin             Length             Attributes
FLASH            0x08000000         0x00080000         xr
RAM              0x20000000         0x00020000         xrw
MEMORY_B1        0x60000000         0x00000000         xr
*default*        0x00000000         0xffffffff

Linker script and memory map

LOAD c:/program files (x86)/atollic/truestudio for stm32 9.3.0/armtools/bin/../lib/gcc/arm-atollic-eabi/6.3.1/armv7e-m/fpu/crti.o
LOAD c:/program files (x86)/atollic/truestudio for stm32 9.3.0/armtools/bin/../lib/gcc/arm-atollic-eabi/6.3.1/armv7e-m/fpu/crtbegin.o
LOAD Core\Src\main.o
LOAD Core\Src\n64.o
LOAD Core\Src\pro_cont_desc.o
LOAD Core\Src\startup_stm32f411xe.o
LOAD Core\Src\stm32f4xx_hal_msp.o
LOAD Core\Src\stm32f4xx_it.o
LOAD Core\Src\system_stm32f4xx.o
LOAD Core\Src\tiny_printf.o
LOAD Core\Src\usbd_conf.o
LOAD Core\Src\usbd_hid.o
LOAD Drivers\STM32F4xx_HAL_Driver\Src\Legacy\stm32f4xx_hal_can.o
LOAD Drivers\STM32F4xx_HAL_Driver\Src\Legacy\stm32f4xx_hal_eth.o
LOAD Drivers\STM32F4xx_HAL_Driver\Src\stm32f4xx_hal.o
LOAD Drivers\STM32F4xx_HAL_Driver\Src\stm32f4xx_hal_adc.o
LOAD Drivers\STM32F4xx_HAL_Driver\Src\stm32f4xx_hal_adc_ex.o
LOAD Drivers\STM32F4xx_HAL_Driver\Src\stm32f4xx_hal_can.o
LOAD Drivers\STM32F4xx_HAL_Driver\Src\stm32f4xx_hal_cec.o
LOAD Drivers\STM32F4xx_HAL_Driver\Src\stm32f4xx_hal_cortex.o
LOAD Drivers\STM32F4xx_HAL_Driver\Src\stm32f4xx_hal_crc.o
LOAD Drivers\STM32F4xx_HAL_Driver\Src\stm32f4xx_hal_cryp.o
LOAD Drivers\STM32F4xx_HAL_Driver\Src\stm32f4xx_hal_cryp_ex.o
LOAD Drivers\STM32F4xx_HAL_Driver\Src\stm32f4xx_hal_dac.o
LOAD Drivers\STM32F4xx_HAL_Driver\Src\stm32f4xx_hal_dac_ex.o
LOAD Drivers\STM32F4xx_HAL_Driver\Src\stm32f4xx_hal_dcmi.o
LOAD Drivers\STM32F4xx_HAL_Driver\Src\stm32f4xx_hal_dcmi_ex.o
LOAD Drivers\STM32F4xx_HAL_Driver\Src\stm32f4xx_hal_dfsdm.o
LOAD Drivers\STM32F4xx_HAL_Driver\Src\stm32f4xx_hal_dma.o
LOAD Drivers\STM32F4xx_HAL_Driver\Src\stm32f4xx_hal_dma2d.o
LOAD Drivers\STM32F4xx_HAL_Driver\Src\stm32f4xx_hal_dma_ex.o
LOAD Drivers\STM32F4xx_HAL_Driver\Src\stm32f4xx_hal_dsi.o
LOAD Drivers\STM32F4xx_HAL_Driver\Src\stm32f4xx_hal_eth.o
LOAD Drivers\STM32F4xx_HAL_Driver\Src\stm32f4xx_hal_exti.o
LOAD Drivers\STM32F4xx_HAL_Driver\Src\stm32f4xx_hal_flash.o
LOAD Drivers\STM32F4xx_HAL_Driver\Src\stm32f4xx_hal_flash_ex.o
LOAD Drivers\STM32F4xx_HAL_Driver\Src\stm32f4xx_hal_flash_ramfunc.o
LOAD Drivers\STM32F4xx_HAL_Driver\Src\stm32f4xx_hal_fmpi2c.o
LOAD Drivers\STM32F4xx_HAL_Driver\Src\stm32f4xx_hal_fmpi2c_ex.o
LOAD Drivers\STM32F4xx_HAL_Driver\Src\stm32f4xx_hal_fmpsmbus.o
LOAD Drivers\STM32F4xx_HAL_Driver\Src\stm32f4xx_hal_fmpsmbus_ex.o
LOAD Drivers\STM32F4xx_HAL_Driver\Src\stm32f4xx_hal_gpio.o
LOAD Drivers\STM32F4xx_HAL_Driver\Src\stm32f4xx_hal_hash.o
LOAD Drivers\STM32F4xx_HAL_Driver\Src\stm32f4xx_hal_hash_ex.o
LOAD Drivers\STM32F4xx_HAL_Driver\Src\stm32f4xx_hal_hcd.o
LOAD Drivers\STM32F4xx_HAL_Driver\Src\stm32f4xx_hal_i2c.o
LOAD Drivers\STM32F4xx_HAL_Driver\Src\stm32f4xx_hal_i2c_ex.o
LOAD Drivers\STM32F4xx_HAL_Driver\Src\stm32f4xx_hal_i2s.o
LOAD Drivers\STM32F4xx_HAL_Driver\Src\stm32f4xx_hal_i2s_ex.o
LOAD Drivers\STM32F4xx_HAL_Driver\Src\stm32f4xx_hal_irda.o
LOAD Drivers\STM32F4xx_HAL_Driver\Src\stm32f4xx_hal_iwdg.o
LOAD Drivers\STM32F4xx_HAL_Driver\Src\stm32f4xx_hal_lptim.o
LOAD Drivers\STM32F4xx_HAL_Driver\Src\stm32f4xx_hal_ltdc.o
LOAD Drivers\STM32F4xx_HAL_Driver\Src\stm32f4xx_hal_ltdc_ex.o
LOAD Drivers\STM32F4xx_HAL_Driver\Src\stm32f4xx_hal_mmc.o
LOAD Drivers\STM32F4xx_HAL_Driver\Src\stm32f4xx_hal_nand.o
LOAD Drivers\STM32F4xx_HAL_Driver\Src\stm32f4xx_hal_nor.o
LOAD Drivers\STM32F4xx_HAL_Driver\Src\stm32f4xx_hal_pccard.o
LOAD Drivers\STM32F4xx_HAL_Driver\Src\stm32f4xx_hal_pcd.o
LOAD Drivers\STM32F4xx_HAL_Driver\Src\stm32f4xx_hal_pcd_ex.o
LOAD Drivers\STM32F4xx_HAL_Driver\Src\stm32f4xx_hal_pwr.o
LOAD Drivers\STM32F4xx_HAL_Driver\Src\stm32f4xx_hal_pwr_ex.o
LOAD Drivers\STM32F4xx_HAL_Driver\Src\stm32f4xx_hal_qspi.o
LOAD Drivers\STM32F4xx_HAL_Driver\Src\stm32f4xx_hal_rcc.o
LOAD Drivers\STM32F4xx_HAL_Driver\Src\stm32f4xx_hal_rcc_ex.o
LOAD Drivers\STM32F4xx_HAL_Driver\Src\stm32f4xx_hal_rng.o
LOAD Drivers\STM32F4xx_HAL_Driver\Src\stm32f4xx_hal_rtc.o
LOAD Drivers\STM32F4xx_HAL_Driver\Src\stm32f4xx_hal_rtc_ex.o
LOAD Drivers\STM32F4xx_HAL_Driver\Src\stm32f4xx_hal_sai.o
LOAD Drivers\STM32F4xx_HAL_Driver\Src\stm32f4xx_hal_sai_ex.o
LOAD Drivers\STM32F4xx_HAL_Driver\Src\stm32f4xx_hal_sd.o
LOAD Drivers\STM32F4xx_HAL_Driver\Src\stm32f4xx_hal_sdram.o
LOAD Drivers\STM32F4xx_HAL_Driver\Src\stm32f4xx_hal_smartcard.o
LOAD Drivers\STM32F4xx_HAL_Driver\Src\stm32f4xx_hal_smbus.o
LOAD Drivers\STM32F4xx_HAL_Driver\Src\stm32f4xx_hal_spdifrx.o
LOAD Drivers\STM32F4xx_HAL_Driver\Src\stm32f4xx_hal_spi.o
LOAD Drivers\STM32F4xx_HAL_Driver\Src\stm32f4xx_hal_sram.o
LOAD Drivers\STM32F4xx_HAL_Driver\Src\stm32f4xx_hal_tim.o
LOAD Drivers\STM32F4xx_HAL_Driver\Src\stm32f4xx_hal_tim_ex.o
LOAD Drivers\STM32F4xx_HAL_Driver\Src\stm32f4xx_hal_uart.o
LOAD Drivers\STM32F4xx_HAL_Driver\Src\stm32f4xx_hal_usart.o
LOAD Drivers\STM32F4xx_HAL_Driver\Src\stm32f4xx_hal_wwdg.o
LOAD Drivers\STM32F4xx_HAL_Driver\Src\stm32f4xx_ll_adc.o
LOAD Drivers\STM32F4xx_HAL_Driver\Src\stm32f4xx_ll_crc.o
LOAD Drivers\STM32F4xx_HAL_Driver\Src\stm32f4xx_ll_dac.o
LOAD Drivers\STM32F4xx_HAL_Driver\Src\stm32f4xx_ll_dma.o
LOAD Drivers\STM32F4xx_HAL_Driver\Src\stm32f4xx_ll_dma2d.o
LOAD Drivers\STM32F4xx_HAL_Driver\Src\stm32f4xx_ll_exti.o
LOAD Drivers\STM32F4xx_HAL_Driver\Src\stm32f4xx_ll_fmc.o
LOAD Drivers\STM32F4xx_HAL_Driver\Src\stm32f4xx_ll_fmpi2c.o
LOAD Drivers\STM32F4xx_HAL_Driver\Src\stm32f4xx_ll_fsmc.o
LOAD Drivers\STM32F4xx_HAL_Driver\Src\stm32f4xx_ll_gpio.o
LOAD Drivers\STM32F4xx_HAL_Driver\Src\stm32f4xx_ll_i2c.o
LOAD Drivers\STM32F4xx_HAL_Driver\Src\stm32f4xx_ll_lptim.o
LOAD Drivers\STM32F4xx_HAL_Driver\Src\stm32f4xx_ll_pwr.o
LOAD Drivers\STM32F4xx_HAL_Driver\Src\stm32f4xx_ll_rcc.o
LOAD Drivers\STM32F4xx_HAL_Driver\Src\stm32f4xx_ll_rng.o
LOAD Drivers\STM32F4xx_HAL_Driver\Src\stm32f4xx_ll_rtc.o
LOAD Drivers\STM32F4xx_HAL_Driver\Src\stm32f4xx_ll_sdmmc.o
LOAD Drivers\STM32F4xx_HAL_Driver\Src\stm32f4xx_ll_spi.o
LOAD Drivers\STM32F4xx_HAL_Driver\Src\stm32f4xx_ll_tim.o
LOAD Drivers\STM32F4xx_HAL_Driver\Src\stm32f4xx_ll_usart.o
LOAD Drivers\STM32F4xx_HAL_Driver\Src\stm32f4xx_ll_usb.o
LOAD Drivers\STM32F4xx_HAL_Driver\Src\stm32f4xx_ll_utils.o
LOAD Middlewares\STM32_USB_Device_Library\Core\Src\usbd_core.o
LOAD Middlewares\STM32_USB_Device_Library\Core\Src\usbd_ctlreq.o
LOAD Middlewares\STM32_USB_Device_Library\Core\Src\usbd_ioreq.o
                0x00000080                malloc_getpagesize_P = 0x80
START GROUP
LOAD c:/program files (x86)/atollic/truestudio for stm32 9.3.0/armtools/bin/../lib/gcc/arm-atollic-eabi/6.3.1/../../../../arm-atollic-eabi/lib/armv7e-m/fpu\libc_nano.a
LOAD c:/program files (x86)/atollic/truestudio for stm32 9.3.0/armtools/bin/../lib/gcc/arm-atollic-eabi/6.3.1/../../../../arm-atollic-eabi/lib/armv7e-m/fpu\libm.a
END GROUP
START GROUP
LOAD c:/program files (x86)/atollic/truestudio for stm32 9.3.0/armtools/bin/../lib/gcc/arm-atollic-eabi/6.3.1/armv7e-m/fpu\libgcc.a
LOAD c:/program files (x86)/atollic/truestudio for stm32 9.3.0/armtools/bin/../lib/gcc/arm-atollic-eabi/6.3.1/../../../../arm-atollic-eabi/lib/armv7e-m/fpu\libc_nano.a
END GROUP
START GROUP
LOAD c:/program files (x86)/atollic/truestudio for stm32 9.3.0/armtools/bin/../lib/gcc/arm-atollic-eabi/6.3.1/armv7e-m/fpu\libgcc.a
LOAD c:/program files (x86)/atollic/truestudio for stm32 9.3.0/armtools/bin/../lib/gcc/arm-atollic-eabi/6.3.1/../../../../arm-atollic-eabi/lib/armv7e-m/fpu\libc_nano.a
LOAD c:/program files (x86)/atollic/truestudio for stm32 9.3.0/armtools/bin/../lib/gcc/arm-atollic-eabi/6.3.1/../../../../arm-atollic-eabi/lib/armv7e-m/fpu\libnosys.a
END GROUP
START GROUP
LOAD c:/program files (x86)/atollic/truestudio for stm32 9.3.0/armtools/bin/../lib/gcc/arm-atollic-eabi/6.3.1/armv7e-m/fpu\libgcc.a
LOAD c:/program files (x86)/atollic/truestudio for stm32 9.3.0/armtools/bin/../lib/gcc/arm-atollic-eabi/6.3.1/../../../../arm-atollic-eabi/lib/armv7e-m/fpu\libc_nano.a
LOAD c:/program files (x86)/atollic/truestudio for stm32 9.3.0/armtools/bin/../lib/gcc/arm-atollic-eabi/6.3.1/../../../../arm-atollic-eabi/lib/armv7e-m/fpu\libnosys.a
END GROUP
LOAD c:/program files (x86)/atollic/truestudio for stm32 9.3.0/armtools/bin/../lib/gcc/arm-atollic-eabi/6.3.1/armv7e-m/fpu/crtend.o
LOAD c:/program files (x86)/atollic/truestudio for stm32 9.3.0/armtools/bin/../lib/gcc/arm-atollic-eabi/6.3.1/armv7e-m/fpu/crtn.o
                0x20020000                _estack = 0x20020000
                0x00000000                _Min_Heap_Size = 0x0
                0x00000400                _Min_Stack_Size = 0x400

.isr_vector     0x08000000      0x198
                0x08000000                . = ALIGN (0x4)
 *(.isr_vector)
 .isr_vector    0x08000000      0x198 Core\Src\startup_stm32f411xe.o
                0x08000000                g_pfnVectors
                0x08000198                . = ALIGN (0x4)

.text           0x08000198     0x7bd0
                0x08000198                . = ALIGN (0x4)
 *(.text)
 .text          0x08000198       0x40 c:/program files (x86)/atollic/truestudio for stm32 9.3.0/armtools/bin/../lib/gcc/arm-atollic-eabi/6.3.1/armv7e-m/fpu/crtbegin.o
 .text          0x080001d8       0x30 c:/program files (x86)/atollic/truestudio for stm32 9.3.0/armtools/bin/../lib/gcc/arm-atollic-eabi/6.3.1/armv7e-m/fpu\libgcc.a(_aeabi_uldivmod.o)
                0x080001d8                __aeabi_uldivmod
 .text          0x08000208      0x2dc c:/program files (x86)/atollic/truestudio for stm32 9.3.0/armtools/bin/../lib/gcc/arm-atollic-eabi/6.3.1/armv7e-m/fpu\libgcc.a(_udivmoddi4.o)
                0x08000208                __udivmoddi4
 .text          0x080004e4        0x4 c:/program files (x86)/atollic/truestudio for stm32 9.3.0/armtools/bin/../lib/gcc/arm-atollic-eabi/6.3.1/armv7e-m/fpu\libgcc.a(_dvmd_tls.o)
                0x080004e4                __aeabi_idiv0
                0x080004e4                __aeabi_ldiv0
 *(.text*)
 .text.main     0x080004e8       0xd8 Core\Src\main.o
                0x080004e8                main
 .text.SystemClock_Config
                0x080005c0       0xd0 Core\Src\main.o
 .text.ButtonInit
                0x08000690        0xe Core\Src\main.o
                0x08000690                ButtonInit
 .text.Error_Handler
                0x0800069e        0x8 Core\Src\main.o
                0x0800069e                Error_Handler
 *fill*         0x080006a6        0x2 
 .text.MX_USART1_UART_Init
                0x080006a8       0x5c Core\Src\main.o
 .text.LL_GPIO_IsInputPinSet
                0x08000704       0x2a Core\Src\n64.o
 .text.LL_GPIO_SetOutputPin
                0x0800072e       0x1c Core\Src\n64.o
 .text.LL_GPIO_ResetOutputPin
                0x0800074a       0x1e Core\Src\n64.o
 .text.n64_init
                0x08000768       0x84 Core\Src\n64.o
                0x08000768                n64_init
 .text.reverse  0x080007ec       0x68 Core\Src\n64.o
                0x080007ec                reverse
 .text.n64schedule_update
                0x08000854       0x18 Core\Src\n64.o
                0x08000854                n64schedule_update
 .text.n64_update
                0x0800086c      0x13c Core\Src\n64.o
                0x0800086c                n64_update
 .text.n64_update_buffer
                0x080009a8      0x28c Core\Src\n64.o
                0x080009a8                n64_update_buffer
 .text.USBD_HID_DeviceDescriptor
                0x08000c34       0x24 Core\Src\pro_cont_desc.o
                0x08000c34                USBD_HID_DeviceDescriptor
 .text.USBD_HID_LangIDStrDescriptor
                0x08000c58       0x24 Core\Src\pro_cont_desc.o
                0x08000c58                USBD_HID_LangIDStrDescriptor
 .text.USBD_HID_ProductStrDescriptor
                0x08000c7c       0x3c Core\Src\pro_cont_desc.o
                0x08000c7c                USBD_HID_ProductStrDescriptor
 .text.USBD_HID_ManufacturerStrDescriptor
                0x08000cb8       0x28 Core\Src\pro_cont_desc.o
                0x08000cb8                USBD_HID_ManufacturerStrDescriptor
 .text.USBD_HID_SerialStrDescriptor
                0x08000ce0       0x24 Core\Src\pro_cont_desc.o
                0x08000ce0                USBD_HID_SerialStrDescriptor
 .text.USBD_HID_ConfigStrDescriptor
                0x08000d04       0x3c Core\Src\pro_cont_desc.o
                0x08000d04                USBD_HID_ConfigStrDescriptor
 .text.USBD_HID_InterfaceStrDescriptor
                0x08000d40       0x3c Core\Src\pro_cont_desc.o
                0x08000d40                USBD_HID_InterfaceStrDescriptor
 .text.Get_SerialNum
                0x08000d7c       0x58 Core\Src\pro_cont_desc.o
 .text.IntToUnicode
                0x08000dd4       0x7c Core\Src\pro_cont_desc.o
 .text.Reset_Handler
                0x08000e50       0x50 Core\Src\startup_stm32f411xe.o
                0x08000e50                Reset_Handler
 .text.Default_Handler
                0x08000ea0        0x2 Core\Src\startup_stm32f411xe.o
                0x08000ea0                RTC_Alarm_IRQHandler
                0x08000ea0                EXTI2_IRQHandler
                0x08000ea0                SPI4_IRQHandler
                0x08000ea0                TIM1_CC_IRQHandler
                0x08000ea0                DMA2_Stream5_IRQHandler
                0x08000ea0                DMA1_Stream5_IRQHandler
                0x08000ea0                PVD_IRQHandler
                0x08000ea0                SDIO_IRQHandler
                0x08000ea0                TAMP_STAMP_IRQHandler
                0x08000ea0                EXTI3_IRQHandler
                0x08000ea0                TIM1_UP_TIM10_IRQHandler
                0x08000ea0                I2C3_ER_IRQHandler
                0x08000ea0                EXTI0_IRQHandler
                0x08000ea0                I2C2_EV_IRQHandler
                0x08000ea0                DMA1_Stream2_IRQHandler
                0x08000ea0                FPU_IRQHandler
                0x08000ea0                DMA2_Stream2_IRQHandler
                0x08000ea0                SPI1_IRQHandler
                0x08000ea0                TIM1_BRK_TIM9_IRQHandler
                0x08000ea0                DMA2_Stream3_IRQHandler
                0x08000ea0                USART6_IRQHandler
                0x08000ea0                DMA2_Stream0_IRQHandler
                0x08000ea0                TIM4_IRQHandler
                0x08000ea0                I2C1_EV_IRQHandler
                0x08000ea0                DMA1_Stream6_IRQHandler
                0x08000ea0                DMA1_Stream1_IRQHandler
                0x08000ea0                TIM3_IRQHandler
                0x08000ea0                RCC_IRQHandler
                0x08000ea0                Default_Handler
                0x08000ea0                EXTI15_10_IRQHandler
                0x08000ea0                ADC_IRQHandler
                0x08000ea0                DMA1_Stream7_IRQHandler
                0x08000ea0                SPI5_IRQHandler
                0x08000ea0                TIM5_IRQHandler
                0x08000ea0                DMA2_Stream7_IRQHandler
                0x08000ea0                I2C3_EV_IRQHandler
                0x08000ea0                EXTI9_5_IRQHandler
                0x08000ea0                RTC_WKUP_IRQHandler
                0x08000ea0                SPI2_IRQHandler
                0x08000ea0                DMA1_Stream0_IRQHandler
                0x08000ea0                WWDG_IRQHandler
                0x08000ea0                TIM2_IRQHandler
                0x08000ea0                TIM1_TRG_COM_TIM11_IRQHandler
                0x08000ea0                EXTI1_IRQHandler
                0x08000ea0                USART2_IRQHandler
                0x08000ea0                I2C2_ER_IRQHandler
                0x08000ea0                DMA2_Stream1_IRQHandler
                0x08000ea0                FLASH_IRQHandler
                0x08000ea0                DMA2_Stream4_IRQHandler
                0x08000ea0                USART1_IRQHandler
                0x08000ea0                SPI3_IRQHandler
                0x08000ea0                DMA1_Stream4_IRQHandler
                0x08000ea0                I2C1_ER_IRQHandler
                0x08000ea0                DMA2_Stream6_IRQHandler
                0x08000ea0                DMA1_Stream3_IRQHandler
 *fill*         0x08000ea2        0x2 
 .text.HAL_UART_MspInit
                0x08000ea4       0x90 Core\Src\stm32f4xx_hal_msp.o
                0x08000ea4                HAL_UART_MspInit
 .text.HAL_MspInit
                0x08000f34       0x50 Core\Src\stm32f4xx_hal_msp.o
                0x08000f34                HAL_MspInit
 .text.NMI_Handler
                0x08000f84        0xe Core\Src\stm32f4xx_it.o
                0x08000f84                NMI_Handler
 .text.HardFault_Handler
                0x08000f92        0x6 Core\Src\stm32f4xx_it.o
                0x08000f92                HardFault_Handler
 .text.MemManage_Handler
                0x08000f98        0x6 Core\Src\stm32f4xx_it.o
                0x08000f98                MemManage_Handler
 .text.BusFault_Handler
                0x08000f9e        0x6 Core\Src\stm32f4xx_it.o
                0x08000f9e                BusFault_Handler
 .text.UsageFault_Handler
                0x08000fa4        0x6 Core\Src\stm32f4xx_it.o
                0x08000fa4                UsageFault_Handler
 .text.SVC_Handler
                0x08000faa        0xe Core\Src\stm32f4xx_it.o
                0x08000faa                SVC_Handler
 .text.DebugMon_Handler
                0x08000fb8        0xe Core\Src\stm32f4xx_it.o
                0x08000fb8                DebugMon_Handler
 .text.PendSV_Handler
                0x08000fc6        0xe Core\Src\stm32f4xx_it.o
                0x08000fc6                PendSV_Handler
 .text.SysTick_Handler
                0x08000fd4       0x44 Core\Src\stm32f4xx_it.o
                0x08000fd4                SysTick_Handler
 .text.OTG_FS_IRQHandler
                0x08001018       0x14 Core\Src\stm32f4xx_it.o
                0x08001018                OTG_FS_IRQHandler
 .text.OTG_FS_WKUP_IRQHandler
                0x0800102c       0xa4 Core\Src\stm32f4xx_it.o
                0x0800102c                OTG_FS_WKUP_IRQHandler
 .text.EXTI4_IRQHandler
                0x080010d0        0xe Core\Src\stm32f4xx_it.o
                0x080010d0                EXTI4_IRQHandler
 .text.GetPointerData
                0x080010de       0x50 Core\Src\stm32f4xx_it.o
 *fill*         0x0800112e        0x2 
 .text.SystemInit
                0x08001130       0x6c Core\Src\system_stm32f4xx.o
                0x08001130                SystemInit
 .text.HAL_PCD_MspInit
                0x0800119c      0x100 Core\Src\usbd_conf.o
                0x0800119c                HAL_PCD_MspInit
 .text.HAL_PCD_SetupStageCallback
                0x0800129c       0x24 Core\Src\usbd_conf.o
                0x0800129c                HAL_PCD_SetupStageCallback
 .text.HAL_PCD_DataOutStageCallback
                0x080012c0       0x36 Core\Src\usbd_conf.o
                0x080012c0                HAL_PCD_DataOutStageCallback
 .text.HAL_PCD_DataInStageCallback
                0x080012f6       0x34 Core\Src\usbd_conf.o
                0x080012f6                HAL_PCD_DataInStageCallback
 .text.HAL_PCD_SOFCallback
                0x0800132a       0x1c Core\Src\usbd_conf.o
                0x0800132a                HAL_PCD_SOFCallback
 .text.HAL_PCD_ResetCallback
                0x08001346       0x50 Core\Src\usbd_conf.o
                0x08001346                HAL_PCD_ResetCallback
 *fill*         0x08001396        0x2 
 .text.HAL_PCD_SuspendCallback
                0x08001398       0x50 Core\Src\usbd_conf.o
                0x08001398                HAL_PCD_SuspendCallback
 .text.HAL_PCD_ResumeCallback
                0x080013e8       0x64 Core\Src\usbd_conf.o
                0x080013e8                HAL_PCD_ResumeCallback
 .text.HAL_PCD_ISOOUTIncompleteCallback
                0x0800144c       0x24 Core\Src\usbd_conf.o
                0x0800144c                HAL_PCD_ISOOUTIncompleteCallback
 .text.HAL_PCD_ISOINIncompleteCallback
                0x08001470       0x24 Core\Src\usbd_conf.o
                0x08001470                HAL_PCD_ISOINIncompleteCallback
 .text.HAL_PCD_ConnectCallback
                0x08001494       0x1c Core\Src\usbd_conf.o
                0x08001494                HAL_PCD_ConnectCallback
 .text.HAL_PCD_DisconnectCallback
                0x080014b0       0x1c Core\Src\usbd_conf.o
                0x080014b0                HAL_PCD_DisconnectCallback
 .text.USBD_LL_Init
                0x080014cc       0x8c Core\Src\usbd_conf.o
                0x080014cc                USBD_LL_Init
 .text.USBD_LL_Start
                0x08001558       0x1e Core\Src\usbd_conf.o
                0x08001558                USBD_LL_Start
 .text.USBD_LL_OpenEP
                0x08001576       0x34 Core\Src\usbd_conf.o
                0x08001576                USBD_LL_OpenEP
 .text.USBD_LL_CloseEP
                0x080015aa       0x26 Core\Src\usbd_conf.o
                0x080015aa                USBD_LL_CloseEP
 .text.USBD_LL_StallEP
                0x080015d0       0x26 Core\Src\usbd_conf.o
                0x080015d0                USBD_LL_StallEP
 .text.USBD_LL_ClearStallEP
                0x080015f6       0x26 Core\Src\usbd_conf.o
                0x080015f6                USBD_LL_ClearStallEP
 .text.USBD_LL_IsStallEP
                0x0800161c       0x58 Core\Src\usbd_conf.o
                0x0800161c                USBD_LL_IsStallEP
 .text.USBD_LL_SetUSBAddress
                0x08001674       0x26 Core\Src\usbd_conf.o
                0x08001674                USBD_LL_SetUSBAddress
 .text.USBD_LL_Transmit
                0x0800169a       0x2a Core\Src\usbd_conf.o
                0x0800169a                USBD_LL_Transmit
 .text.USBD_LL_PrepareReceive
                0x080016c4       0x2a Core\Src\usbd_conf.o
                0x080016c4                USBD_LL_PrepareReceive
 *fill*         0x080016ee        0x2 
 .text.SystemClockConfig_STOP
                0x080016f0       0x64 Core\Src\usbd_conf.o
 .text.HAL_GPIO_EXTI_Callback
                0x08001754       0xa4 Core\Src\usbd_conf.o
                0x08001754                HAL_GPIO_EXTI_Callback
 .text.USBD_HID_Init
                0x080017f8       0xd0 Core\Src\usbd_hid.o
 .text.USBD_HID_DeInit
                0x080018c8       0x90 Core\Src\usbd_hid.o
 .text.USBD_HID_Setup
                0x08001958      0x210 Core\Src\usbd_hid.o
 .text.USBD_HID_SendReport
                0x08001b68       0x60 Core\Src\usbd_hid.o
                0x08001b68                USBD_HID_SendReport
 .text.USBD_HID_GetPollingInterval
                0x08001bc8       0x28 Core\Src\usbd_hid.o
                0x08001bc8                USBD_HID_GetPollingInterval
 .text.USBD_HID_GetFSCfgDesc
                0x08001bf0       0x34 Core\Src\usbd_hid.o
 .text.USBD_HID_GetHSCfgDesc
                0x08001c24       0x34 Core\Src\usbd_hid.o
 .text.USBD_HID_GetOtherSpeedCfgDesc
                0x08001c58       0x34 Core\Src\usbd_hid.o
 .text.USBD_HID_DataIn
                0x08001c8c       0x2c Core\Src\usbd_hid.o
 .text.USBD_HID_GetDeviceQualifierDesc
                0x08001cb8       0x20 Core\Src\usbd_hid.o
 .text.HAL_Init
                0x08001cd8       0x44 Drivers\STM32F4xx_HAL_Driver\Src\stm32f4xx_hal.o
                0x08001cd8                HAL_Init
 .text.HAL_InitTick
                0x08001d1c       0x60 Drivers\STM32F4xx_HAL_Driver\Src\stm32f4xx_hal.o
                0x08001d1c                HAL_InitTick
 .text.HAL_IncTick
                0x08001d7c       0x28 Drivers\STM32F4xx_HAL_Driver\Src\stm32f4xx_hal.o
                0x08001d7c                HAL_IncTick
 .text.HAL_GetTick
                0x08001da4       0x18 Drivers\STM32F4xx_HAL_Driver\Src\stm32f4xx_hal.o
                0x08001da4                HAL_GetTick
 .text.HAL_Delay
                0x08001dbc       0x44 Drivers\STM32F4xx_HAL_Driver\Src\stm32f4xx_hal.o
                0x08001dbc                HAL_Delay
 .text.__NVIC_SetPriorityGrouping
                0x08001e00       0x48 Drivers\STM32F4xx_HAL_Driver\Src\stm32f4xx_hal_cortex.o
 .text.__NVIC_GetPriorityGrouping
                0x08001e48       0x1c Drivers\STM32F4xx_HAL_Driver\Src\stm32f4xx_hal_cortex.o
 .text.__NVIC_EnableIRQ
                0x08001e64       0x3c Drivers\STM32F4xx_HAL_Driver\Src\stm32f4xx_hal_cortex.o
 .text.__NVIC_SetPriority
                0x08001ea0       0x54 Drivers\STM32F4xx_HAL_Driver\Src\stm32f4xx_hal_cortex.o
 .text.NVIC_EncodePriority
                0x08001ef4       0x62 Drivers\STM32F4xx_HAL_Driver\Src\stm32f4xx_hal_cortex.o
 *fill*         0x08001f56        0x2 
 .text.SysTick_Config
                0x08001f58       0x44 Drivers\STM32F4xx_HAL_Driver\Src\stm32f4xx_hal_cortex.o
 .text.HAL_NVIC_SetPriorityGrouping
                0x08001f9c       0x16 Drivers\STM32F4xx_HAL_Driver\Src\stm32f4xx_hal_cortex.o
                0x08001f9c                HAL_NVIC_SetPriorityGrouping
 .text.HAL_NVIC_SetPriority
                0x08001fb2       0x38 Drivers\STM32F4xx_HAL_Driver\Src\stm32f4xx_hal_cortex.o
                0x08001fb2                HAL_NVIC_SetPriority
 .text.HAL_NVIC_EnableIRQ
                0x08001fea       0x1c Drivers\STM32F4xx_HAL_Driver\Src\stm32f4xx_hal_cortex.o
                0x08001fea                HAL_NVIC_EnableIRQ
 .text.HAL_SYSTICK_Config
                0x08002006       0x18 Drivers\STM32F4xx_HAL_Driver\Src\stm32f4xx_hal_cortex.o
                0x08002006                HAL_SYSTICK_Config
 *fill*         0x0800201e        0x2 
 .text.HAL_GPIO_Init
                0x08002020      0x304 Drivers\STM32F4xx_HAL_Driver\Src\stm32f4xx_hal_gpio.o
                0x08002020                HAL_GPIO_Init
 .text.HAL_GPIO_EXTI_IRQHandler
                0x08002324       0x30 Drivers\STM32F4xx_HAL_Driver\Src\stm32f4xx_hal_gpio.o
                0x08002324                HAL_GPIO_EXTI_IRQHandler
 .text.HAL_PCD_Init
                0x08002354      0x23a Drivers\STM32F4xx_HAL_Driver\Src\stm32f4xx_hal_pcd.o
                0x08002354                HAL_PCD_Init
 .text.HAL_PCD_Start
                0x0800258e       0x66 Drivers\STM32F4xx_HAL_Driver\Src\stm32f4xx_hal_pcd.o
                0x0800258e                HAL_PCD_Start
 .text.HAL_PCD_IRQHandler
                0x080025f4      0x95a Drivers\STM32F4xx_HAL_Driver\Src\stm32f4xx_hal_pcd.o
                0x080025f4                HAL_PCD_IRQHandler
 .text.HAL_PCD_SetAddress
                0x08002f4e       0x4a Drivers\STM32F4xx_HAL_Driver\Src\stm32f4xx_hal_pcd.o
                0x08002f4e                HAL_PCD_SetAddress
 .text.HAL_PCD_EP_Open
                0x08002f98       0xd0 Drivers\STM32F4xx_HAL_Driver\Src\stm32f4xx_hal_pcd.o
                0x08002f98                HAL_PCD_EP_Open
 .text.HAL_PCD_EP_Close
                0x08003068       0x94 Drivers\STM32F4xx_HAL_Driver\Src\stm32f4xx_hal_pcd.o
                0x08003068                HAL_PCD_EP_Close
 .text.HAL_PCD_EP_Receive
                0x080030fc       0x96 Drivers\STM32F4xx_HAL_Driver\Src\stm32f4xx_hal_pcd.o
                0x080030fc                HAL_PCD_EP_Receive
 .text.HAL_PCD_EP_Transmit
                0x08003192       0x94 Drivers\STM32F4xx_HAL_Driver\Src\stm32f4xx_hal_pcd.o
                0x08003192                HAL_PCD_EP_Transmit
 .text.HAL_PCD_EP_SetStall
                0x08003226       0xc8 Drivers\STM32F4xx_HAL_Driver\Src\stm32f4xx_hal_pcd.o
                0x08003226                HAL_PCD_EP_SetStall
 .text.HAL_PCD_EP_ClrStall
                0x080032ee       0xac Drivers\STM32F4xx_HAL_Driver\Src\stm32f4xx_hal_pcd.o
                0x080032ee                HAL_PCD_EP_ClrStall
 .text.HAL_PCD_EP_Abort
                0x0800339a       0x62 Drivers\STM32F4xx_HAL_Driver\Src\stm32f4xx_hal_pcd.o
                0x0800339a                HAL_PCD_EP_Abort
 .text.HAL_PCD_ActivateRemoteWakeup
                0x080033fc       0x1c Drivers\STM32F4xx_HAL_Driver\Src\stm32f4xx_hal_pcd.o
                0x080033fc                HAL_PCD_ActivateRemoteWakeup
 .text.HAL_PCD_DeActivateRemoteWakeup
                0x08003418       0x1c Drivers\STM32F4xx_HAL_Driver\Src\stm32f4xx_hal_pcd.o
                0x08003418                HAL_PCD_DeActivateRemoteWakeup
 .text.PCD_WriteEmptyTxFifo
                0x08003434      0x11c Drivers\STM32F4xx_HAL_Driver\Src\stm32f4xx_hal_pcd.o
 .text.PCD_EP_OutXfrComplete_int
                0x08003550      0x1d0 Drivers\STM32F4xx_HAL_Driver\Src\stm32f4xx_hal_pcd.o
 .text.PCD_EP_OutSetupPacket_int
                0x08003720       0x8c Drivers\STM32F4xx_HAL_Driver\Src\stm32f4xx_hal_pcd.o
 .text.HAL_PCDEx_SetTxFiFo
                0x080037ac       0x8e Drivers\STM32F4xx_HAL_Driver\Src\stm32f4xx_hal_pcd_ex.o
                0x080037ac                HAL_PCDEx_SetTxFiFo
 .text.HAL_PCDEx_SetRxFiFo
                0x0800383a       0x22 Drivers\STM32F4xx_HAL_Driver\Src\stm32f4xx_hal_pcd_ex.o
                0x0800383a                HAL_PCDEx_SetRxFiFo
 .text.HAL_PCDEx_LPM_Callback
                0x0800385c       0x18 Drivers\STM32F4xx_HAL_Driver\Src\stm32f4xx_hal_pcd_ex.o
                0x0800385c                HAL_PCDEx_LPM_Callback
 .text.HAL_RCC_OscConfig
                0x08003874      0x4f0 Drivers\STM32F4xx_HAL_Driver\Src\stm32f4xx_hal_rcc.o
                0x08003874                HAL_RCC_OscConfig
 .text.HAL_RCC_ClockConfig
                0x08003d64      0x1cc Drivers\STM32F4xx_HAL_Driver\Src\stm32f4xx_hal_rcc.o
                0x08003d64                HAL_RCC_ClockConfig
 .text.HAL_RCC_GetSysClockFreq
                0x08003f30      0x16c Drivers\STM32F4xx_HAL_Driver\Src\stm32f4xx_hal_rcc.o
                0x08003f30                HAL_RCC_GetSysClockFreq
 .text.HAL_RCC_GetHCLKFreq
                0x0800409c       0x18 Drivers\STM32F4xx_HAL_Driver\Src\stm32f4xx_hal_rcc.o
                0x0800409c                HAL_RCC_GetHCLKFreq
 .text.HAL_RCC_GetPCLK1Freq
                0x080040b4       0x28 Drivers\STM32F4xx_HAL_Driver\Src\stm32f4xx_hal_rcc.o
                0x080040b4                HAL_RCC_GetPCLK1Freq
 .text.HAL_RCC_GetPCLK2Freq
                0x080040dc       0x28 Drivers\STM32F4xx_HAL_Driver\Src\stm32f4xx_hal_rcc.o
                0x080040dc                HAL_RCC_GetPCLK2Freq
 .text.HAL_HalfDuplex_Init
                0x08004104       0xaa Drivers\STM32F4xx_HAL_Driver\Src\stm32f4xx_hal_uart.o
                0x08004104                HAL_HalfDuplex_Init
 .text.HAL_UART_Transmit
                0x080041ae      0x122 Drivers\STM32F4xx_HAL_Driver\Src\stm32f4xx_hal_uart.o
                0x080041ae                HAL_UART_Transmit
 .text.HAL_UART_Receive
                0x080042d0      0x144 Drivers\STM32F4xx_HAL_Driver\Src\stm32f4xx_hal_uart.o
                0x080042d0                HAL_UART_Receive
 .text.HAL_HalfDuplex_EnableTransmitter
                0x08004414       0x68 Drivers\STM32F4xx_HAL_Driver\Src\stm32f4xx_hal_uart.o
                0x08004414                HAL_HalfDuplex_EnableTransmitter
 .text.HAL_HalfDuplex_EnableReceiver
                0x0800447c       0x68 Drivers\STM32F4xx_HAL_Driver\Src\stm32f4xx_hal_uart.o
                0x0800447c                HAL_HalfDuplex_EnableReceiver
 .text.UART_WaitOnFlagUntilTimeout
                0x080044e4       0xdc Drivers\STM32F4xx_HAL_Driver\Src\stm32f4xx_hal_uart.o
 .text.UART_SetConfig
                0x080045c0      0x360 Drivers\STM32F4xx_HAL_Driver\Src\stm32f4xx_hal_uart.o
 .text.LL_GPIO_SetPinMode
                0x08004920       0x5e Drivers\STM32F4xx_HAL_Driver\Src\stm32f4xx_ll_gpio.o
 .text.LL_GPIO_SetPinOutputType
                0x0800497e       0x30 Drivers\STM32F4xx_HAL_Driver\Src\stm32f4xx_ll_gpio.o
 .text.LL_GPIO_SetPinSpeed
                0x080049ae       0x5e Drivers\STM32F4xx_HAL_Driver\Src\stm32f4xx_ll_gpio.o
 .text.LL_GPIO_SetPinPull
                0x08004a0c       0x5e Drivers\STM32F4xx_HAL_Driver\Src\stm32f4xx_ll_gpio.o
 .text.LL_GPIO_SetAFPin_0_7
                0x08004a6a       0x5e Drivers\STM32F4xx_HAL_Driver\Src\stm32f4xx_ll_gpio.o
 .text.LL_GPIO_SetAFPin_8_15
                0x08004ac8       0x62 Drivers\STM32F4xx_HAL_Driver\Src\stm32f4xx_ll_gpio.o
 .text.LL_GPIO_Init
                0x08004b2a       0xe6 Drivers\STM32F4xx_HAL_Driver\Src\stm32f4xx_ll_gpio.o
                0x08004b2a                LL_GPIO_Init
 .text.USB_CoreInit
                0x08004c10       0xc2 Drivers\STM32F4xx_HAL_Driver\Src\stm32f4xx_ll_usb.o
                0x08004c10                USB_CoreInit
 *fill*         0x08004cd2        0x2 
 .text.USB_SetTurnaroundTime
                0x08004cd4      0x144 Drivers\STM32F4xx_HAL_Driver\Src\stm32f4xx_ll_usb.o
                0x08004cd4                USB_SetTurnaroundTime
 .text.USB_EnableGlobalInt
                0x08004e18       0x22 Drivers\STM32F4xx_HAL_Driver\Src\stm32f4xx_ll_usb.o
                0x08004e18                USB_EnableGlobalInt
 .text.USB_DisableGlobalInt
                0x08004e3a       0x22 Drivers\STM32F4xx_HAL_Driver\Src\stm32f4xx_ll_usb.o
                0x08004e3a                USB_DisableGlobalInt
 .text.USB_SetCurrentMode
                0x08004e5c       0x98 Drivers\STM32F4xx_HAL_Driver\Src\stm32f4xx_ll_usb.o
                0x08004e5c                USB_SetCurrentMode
 .text.USB_DevInit
                0x08004ef4      0x2cc Drivers\STM32F4xx_HAL_Driver\Src\stm32f4xx_ll_usb.o
                0x08004ef4                USB_DevInit
 .text.USB_FlushTxFifo
                0x080051c0       0x68 Drivers\STM32F4xx_HAL_Driver\Src\stm32f4xx_ll_usb.o
                0x080051c0                USB_FlushTxFifo
 .text.USB_FlushRxFifo
                0x08005228       0x60 Drivers\STM32F4xx_HAL_Driver\Src\stm32f4xx_ll_usb.o
                0x08005228                USB_FlushRxFifo
 .text.USB_SetDevSpeed
                0x08005288       0x34 Drivers\STM32F4xx_HAL_Driver\Src\stm32f4xx_ll_usb.o
                0x08005288                USB_SetDevSpeed
 .text.USB_GetDevSpeed
                0x080052bc       0x4a Drivers\STM32F4xx_HAL_Driver\Src\stm32f4xx_ll_usb.o
                0x080052bc                USB_GetDevSpeed
 .text.USB_ActivateEndpoint
                0x08005306      0x116 Drivers\STM32F4xx_HAL_Driver\Src\stm32f4xx_ll_usb.o
                0x08005306                USB_ActivateEndpoint
 .text.USB_DeactivateEndpoint
                0x0800541c      0x1c8 Drivers\STM32F4xx_HAL_Driver\Src\stm32f4xx_ll_usb.o
                0x0800541c                USB_DeactivateEndpoint
 .text.USB_EPStartXfer
                0x080055e4      0x4c0 Drivers\STM32F4xx_HAL_Driver\Src\stm32f4xx_ll_usb.o
                0x080055e4                USB_EPStartXfer
 .text.USB_EP0StartXfer
                0x08005aa4      0x2ce Drivers\STM32F4xx_HAL_Driver\Src\stm32f4xx_ll_usb.o
                0x08005aa4                USB_EP0StartXfer
 .text.USB_EPStopXfer
                0x08005d72      0x15c Drivers\STM32F4xx_HAL_Driver\Src\stm32f4xx_ll_usb.o
                0x08005d72                USB_EPStopXfer
 .text.USB_WritePacket
                0x08005ece       0x7c Drivers\STM32F4xx_HAL_Driver\Src\stm32f4xx_ll_usb.o
                0x08005ece                USB_WritePacket
 .text.USB_ReadPacket
                0x08005f4a       0xae Drivers\STM32F4xx_HAL_Driver\Src\stm32f4xx_ll_usb.o
                0x08005f4a                USB_ReadPacket
 .text.USB_EPSetStall
                0x08005ff8       0xe4 Drivers\STM32F4xx_HAL_Driver\Src\stm32f4xx_ll_usb.o
                0x08005ff8                USB_EPSetStall
 .text.USB_EPClearStall
                0x080060dc       0xd4 Drivers\STM32F4xx_HAL_Driver\Src\stm32f4xx_ll_usb.o
                0x080060dc                USB_EPClearStall
 .text.USB_SetDevAddress
                0x080061b0       0x50 Drivers\STM32F4xx_HAL_Driver\Src\stm32f4xx_ll_usb.o
                0x080061b0                USB_SetDevAddress
 .text.USB_DevConnect
                0x08006200       0x46 Drivers\STM32F4xx_HAL_Driver\Src\stm32f4xx_ll_usb.o
                0x08006200                USB_DevConnect
 .text.USB_DevDisconnect
                0x08006246       0x46 Drivers\STM32F4xx_HAL_Driver\Src\stm32f4xx_ll_usb.o
                0x08006246                USB_DevDisconnect
 .text.USB_ReadInterrupts
                0x0800628c       0x26 Drivers\STM32F4xx_HAL_Driver\Src\stm32f4xx_ll_usb.o
                0x0800628c                USB_ReadInterrupts
 .text.USB_ReadDevAllOutEpInterrupt
                0x080062b2       0x34 Drivers\STM32F4xx_HAL_Driver\Src\stm32f4xx_ll_usb.o
                0x080062b2                USB_ReadDevAllOutEpInterrupt
 .text.USB_ReadDevAllInEpInterrupt
                0x080062e6       0x34 Drivers\STM32F4xx_HAL_Driver\Src\stm32f4xx_ll_usb.o
                0x080062e6                USB_ReadDevAllInEpInterrupt
 .text.USB_ReadDevOutEPInterrupt
                0x0800631a       0x3c Drivers\STM32F4xx_HAL_Driver\Src\stm32f4xx_ll_usb.o
                0x0800631a                USB_ReadDevOutEPInterrupt
 .text.USB_ReadDevInEPInterrupt
                0x08006356       0x5c Drivers\STM32F4xx_HAL_Driver\Src\stm32f4xx_ll_usb.o
                0x08006356                USB_ReadDevInEPInterrupt
 .text.USB_GetMode
                0x080063b2       0x1c Drivers\STM32F4xx_HAL_Driver\Src\stm32f4xx_ll_usb.o
                0x080063b2                USB_GetMode
 .text.USB_ActivateSetup
                0x080063ce       0x4a Drivers\STM32F4xx_HAL_Driver\Src\stm32f4xx_ll_usb.o
                0x080063ce                USB_ActivateSetup
 .text.USB_EP0_OutStart
                0x08006418       0xc4 Drivers\STM32F4xx_HAL_Driver\Src\stm32f4xx_ll_usb.o
                0x08006418                USB_EP0_OutStart
 .text.USB_CoreReset
                0x080064dc       0x68 Drivers\STM32F4xx_HAL_Driver\Src\stm32f4xx_ll_usb.o
 .text.USB_ActivateRemoteWakeup
                0x08006544       0x40 Drivers\STM32F4xx_HAL_Driver\Src\stm32f4xx_ll_usb.o
                0x08006544                USB_ActivateRemoteWakeup
 .text.USB_DeActivateRemoteWakeup
                0x08006584       0x30 Drivers\STM32F4xx_HAL_Driver\Src\stm32f4xx_ll_usb.o
                0x08006584                USB_DeActivateRemoteWakeup
 .text.USBD_Init
                0x080065b4       0x60 Middlewares\STM32_USB_Device_Library\Core\Src\usbd_core.o
                0x080065b4                USBD_Init
 .text.USBD_RegisterClass
                0x08006614       0x6c Middlewares\STM32_USB_Device_Library\Core\Src\usbd_core.o
                0x08006614                USBD_RegisterClass
 .text.USBD_Start
                0x08006680       0x18 Middlewares\STM32_USB_Device_Library\Core\Src\usbd_core.o
                0x08006680                USBD_Start
 .text.USBD_RunTestMode
                0x08006698       0x16 Middlewares\STM32_USB_Device_Library\Core\Src\usbd_core.o
                0x08006698                USBD_RunTestMode
 .text.USBD_SetClassConfig
                0x080066ae       0x38 Middlewares\STM32_USB_Device_Library\Core\Src\usbd_core.o
                0x080066ae                USBD_SetClassConfig
 .text.USBD_ClrClassConfig
                0x080066e6       0x34 Middlewares\STM32_USB_Device_Library\Core\Src\usbd_core.o
                0x080066e6                USBD_ClrClassConfig
 .text.USBD_LL_SetupStage
                0x0800671a       0xa6 Middlewares\STM32_USB_Device_Library\Core\Src\usbd_core.o
                0x0800671a                USBD_LL_SetupStage
 .text.USBD_LL_DataOutStage
                0x080067c0      0x162 Middlewares\STM32_USB_Device_Library\Core\Src\usbd_core.o
                0x080067c0                USBD_LL_DataOutStage
 .text.USBD_LL_DataInStage
                0x08006922      0x164 Middlewares\STM32_USB_Device_Library\Core\Src\usbd_core.o
                0x08006922                USBD_LL_DataInStage
 .text.USBD_LL_Reset
                0x08006a86       0xa4 Middlewares\STM32_USB_Device_Library\Core\Src\usbd_core.o
                0x08006a86                USBD_LL_Reset
 .text.USBD_LL_SetSpeed
                0x08006b2a       0x20 Middlewares\STM32_USB_Device_Library\Core\Src\usbd_core.o
                0x08006b2a                USBD_LL_SetSpeed
 .text.USBD_LL_Suspend
                0x08006b4a       0x2c Middlewares\STM32_USB_Device_Library\Core\Src\usbd_core.o
                0x08006b4a                USBD_LL_Suspend
 .text.USBD_LL_Resume
                0x08006b76       0x30 Middlewares\STM32_USB_Device_Library\Core\Src\usbd_core.o
                0x08006b76                USBD_LL_Resume
 .text.USBD_LL_SOF
                0x08006ba6       0x40 Middlewares\STM32_USB_Device_Library\Core\Src\usbd_core.o
                0x08006ba6                USBD_LL_SOF
 .text.USBD_LL_IsoINIncomplete
                0x08006be6       0x64 Middlewares\STM32_USB_Device_Library\Core\Src\usbd_core.o
                0x08006be6                USBD_LL_IsoINIncomplete
 .text.USBD_LL_IsoOUTIncomplete
                0x08006c4a       0x64 Middlewares\STM32_USB_Device_Library\Core\Src\usbd_core.o
                0x08006c4a                USBD_LL_IsoOUTIncomplete
 .text.USBD_LL_DevConnected
                0x08006cae       0x16 Middlewares\STM32_USB_Device_Library\Core\Src\usbd_core.o
                0x08006cae                USBD_LL_DevConnected
 .text.USBD_LL_DevDisconnected
                0x08006cc4       0x46 Middlewares\STM32_USB_Device_Library\Core\Src\usbd_core.o
                0x08006cc4                USBD_LL_DevDisconnected
 .text.USBD_CoreFindIF
                0x08006d0a       0x1a Middlewares\STM32_USB_Device_Library\Core\Src\usbd_core.o
                0x08006d0a                USBD_CoreFindIF
 .text.USBD_CoreFindEP
                0x08006d24       0x1a Middlewares\STM32_USB_Device_Library\Core\Src\usbd_core.o
                0x08006d24                USBD_CoreFindEP
 .text.USBD_GetEpDesc
                0x08006d3e       0x74 Middlewares\STM32_USB_Device_Library\Core\Src\usbd_core.o
                0x08006d3e                USBD_GetEpDesc
 .text.USBD_GetNextDesc
                0x08006db2       0x3a Middlewares\STM32_USB_Device_Library\Core\Src\usbd_core.o
                0x08006db2                USBD_GetNextDesc
 .text.SWAPBYTE
                0x08006dec       0x3c Middlewares\STM32_USB_Device_Library\Core\Src\usbd_ctlreq.o
 .text.USBD_StdDevReq
                0x08006e28       0xe4 Middlewares\STM32_USB_Device_Library\Core\Src\usbd_ctlreq.o
                0x08006e28                USBD_StdDevReq
 .text.USBD_StdItfReq
                0x08006f0c       0xd4 Middlewares\STM32_USB_Device_Library\Core\Src\usbd_ctlreq.o
                0x08006f0c                USBD_StdItfReq
 .text.USBD_StdEPReq
                0x08006fe0      0x32a Middlewares\STM32_USB_Device_Library\Core\Src\usbd_ctlreq.o
                0x08006fe0                USBD_StdEPReq
 *fill*         0x0800730a        0x2 
 .text.USBD_GetDescriptor
                0x0800730c      0x2d4 Middlewares\STM32_USB_Device_Library\Core\Src\usbd_ctlreq.o
 .text.USBD_SetAddress
                0x080075e0       0x86 Middlewares\STM32_USB_Device_Library\Core\Src\usbd_ctlreq.o
 *fill*         0x08007666        0x2 
 .text.USBD_SetConfig
                0x08007668      0x154 Middlewares\STM32_USB_Device_Library\Core\Src\usbd_ctlreq.o
 .text.USBD_GetConfig
                0x080077bc       0x6a Middlewares\STM32_USB_Device_Library\Core\Src\usbd_ctlreq.o
 .text.USBD_GetStatus
                0x08007826       0x68 Middlewares\STM32_USB_Device_Library\Core\Src\usbd_ctlreq.o
 .text.USBD_SetFeature
                0x0800788e       0x52 Middlewares\STM32_USB_Device_Library\Core\Src\usbd_ctlreq.o
 .text.USBD_ClrFeature
                0x080078e0       0x44 Middlewares\STM32_USB_Device_Library\Core\Src\usbd_ctlreq.o
 .text.USBD_ParseSetupRequest
                0x08007924       0x74 Middlewares\STM32_USB_Device_Library\Core\Src\usbd_ctlreq.o
                0x08007924                USBD_ParseSetupRequest
 .text.USBD_CtlError
                0x08007998       0x22 Middlewares\STM32_USB_Device_Library\Core\Src\usbd_ctlreq.o
                0x08007998                USBD_CtlError
 .text.USBD_GetString
                0x080079ba       0x8c Middlewares\STM32_USB_Device_Library\Core\Src\usbd_ctlreq.o
                0x080079ba                USBD_GetString
 .text.USBD_GetLen
                0x08007a46       0x34 Middlewares\STM32_USB_Device_Library\Core\Src\usbd_ctlreq.o
 .text.USBD_CtlSendData
                0x08007a7a       0x36 Middlewares\STM32_USB_Device_Library\Core\Src\usbd_ioreq.o
                0x08007a7a                USBD_CtlSendData
 .text.USBD_CtlContinueSendData
                0x08007ab0       0x22 Middlewares\STM32_USB_Device_Library\Core\Src\usbd_ioreq.o
                0x08007ab0                USBD_CtlContinueSendData
 .text.USBD_CtlContinueRx
                0x08007ad2       0x22 Middlewares\STM32_USB_Device_Library\Core\Src\usbd_ioreq.o
                0x08007ad2                USBD_CtlContinueRx
 .text.USBD_CtlSendStatus
                0x08007af4       0x26 Middlewares\STM32_USB_Device_Library\Core\Src\usbd_ioreq.o
                0x08007af4                USBD_CtlSendStatus
 .text.USBD_CtlReceiveStatus
                0x08007b1a       0x26 Middlewares\STM32_USB_Device_Library\Core\Src\usbd_ioreq.o
                0x08007b1a                USBD_CtlReceiveStatus
 .text.__libc_init_array
                0x08007b40       0x48 c:/program files (x86)/atollic/truestudio for stm32 9.3.0/armtools/bin/../lib/gcc/arm-atollic-eabi/6.3.1/../../../../arm-atollic-eabi/lib/armv7e-m/fpu\libc_nano.a(lib_a-init.o)
                0x08007b40                __libc_init_array
 .text.malloc   0x08007b88       0x10 c:/program files (x86)/atollic/truestudio for stm32 9.3.0/armtools/bin/../lib/gcc/arm-atollic-eabi/6.3.1/../../../../arm-atollic-eabi/lib/armv7e-m/fpu\libc_nano.a(lib_a-malloc.o)
                0x08007b88                malloc
 .text.free     0x08007b98       0x10 c:/program files (x86)/atollic/truestudio for stm32 9.3.0/armtools/bin/../lib/gcc/arm-atollic-eabi/6.3.1/../../../../arm-atollic-eabi/lib/armv7e-m/fpu\libc_nano.a(lib_a-malloc.o)
                0x08007b98                free
 .text.memset   0x08007ba8       0x10 c:/program files (x86)/atollic/truestudio for stm32 9.3.0/armtools/bin/../lib/gcc/arm-atollic-eabi/6.3.1/../../../../arm-atollic-eabi/lib/armv7e-m/fpu\libc_nano.a(lib_a-memset.o)
                0x08007ba8                memset
 .text._free_r  0x08007bb8       0x9c c:/program files (x86)/atollic/truestudio for stm32 9.3.0/armtools/bin/../lib/gcc/arm-atollic-eabi/6.3.1/../../../../arm-atollic-eabi/lib/armv7e-m/fpu\libc_nano.a(lib_a-nano-freer.o)
                0x08007bb8                _free_r
 .text._malloc_r
                0x08007c54       0xbc c:/program files (x86)/atollic/truestudio for stm32 9.3.0/armtools/bin/../lib/gcc/arm-atollic-eabi/6.3.1/../../../../arm-atollic-eabi/lib/armv7e-m/fpu\libc_nano.a(lib_a-nano-mallocr.o)
                0x08007c54                _malloc_r
 .text._sbrk_r  0x08007d10       0x20 c:/program files (x86)/atollic/truestudio for stm32 9.3.0/armtools/bin/../lib/gcc/arm-atollic-eabi/6.3.1/../../../../arm-atollic-eabi/lib/armv7e-m/fpu\libc_nano.a(lib_a-sbrkr.o)
                0x08007d10                _sbrk_r
 .text.__malloc_lock
                0x08007d30        0x2 c:/program files (x86)/atollic/truestudio for stm32 9.3.0/armtools/bin/../lib/gcc/arm-atollic-eabi/6.3.1/../../../../arm-atollic-eabi/lib/armv7e-m/fpu\libc_nano.a(lib_a-mlock.o)
                0x08007d30                __malloc_lock
 .text.__malloc_unlock
                0x08007d32        0x2 c:/program files (x86)/atollic/truestudio for stm32 9.3.0/armtools/bin/../lib/gcc/arm-atollic-eabi/6.3.1/../../../../arm-atollic-eabi/lib/armv7e-m/fpu\libc_nano.a(lib_a-mlock.o)
                0x08007d32                __malloc_unlock
 .text._sbrk    0x08007d34       0x1c c:/program files (x86)/atollic/truestudio for stm32 9.3.0/armtools/bin/../lib/gcc/arm-atollic-eabi/6.3.1/../../../../arm-atollic-eabi/lib/armv7e-m/fpu\libnosys.a(sbrk.o)
                0x08007d34                _sbrk
 *(.glue_7)
 .glue_7        0x08007d50        0x0 linker stubs
 *(.glue_7t)
 .glue_7t       0x08007d50        0x0 linker stubs
 *(.eh_frame)
 .eh_frame      0x08007d50        0x0 c:/program files (x86)/atollic/truestudio for stm32 9.3.0/armtools/bin/../lib/gcc/arm-atollic-eabi/6.3.1/armv7e-m/fpu/crtbegin.o
 *(.init)
 .init          0x08007d50        0x4 c:/program files (x86)/atollic/truestudio for stm32 9.3.0/armtools/bin/../lib/gcc/arm-atollic-eabi/6.3.1/armv7e-m/fpu/crti.o
                0x08007d50                _init
 .init          0x08007d54        0x8 c:/program files (x86)/atollic/truestudio for stm32 9.3.0/armtools/bin/../lib/gcc/arm-atollic-eabi/6.3.1/armv7e-m/fpu/crtn.o
 *(.fini)
 .fini          0x08007d5c        0x4 c:/program files (x86)/atollic/truestudio for stm32 9.3.0/armtools/bin/../lib/gcc/arm-atollic-eabi/6.3.1/armv7e-m/fpu/crti.o
                0x08007d5c                _fini
 .fini          0x08007d60        0x8 c:/program files (x86)/atollic/truestudio for stm32 9.3.0/armtools/bin/../lib/gcc/arm-atollic-eabi/6.3.1/armv7e-m/fpu/crtn.o
                0x08007d68                . = ALIGN (0x4)
                0x08007d68                _etext = .

.vfp11_veneer   0x08007d68        0x0
 .vfp11_veneer  0x08007d68        0x0 linker stubs

.v4_bx          0x08007d68        0x0
 .v4_bx         0x08007d68        0x0 linker stubs

.iplt           0x08007d68        0x0
 .iplt          0x08007d68        0x0 c:/program files (x86)/atollic/truestudio for stm32 9.3.0/armtools/bin/../lib/gcc/arm-atollic-eabi/6.3.1/armv7e-m/fpu/crtbegin.o

.rodata         0x08007d68       0x58
                0x08007d68                . = ALIGN (0x4)
 *(.rodata)
 .rodata        0x08007d68       0x3e Core\Src\pro_cont_desc.o
 *(.rodata*)
 *fill*         0x08007da6        0x2 
 .rodata.AHBPrescTable
                0x08007da8       0x10 Core\Src\system_stm32f4xx.o
                0x08007da8                AHBPrescTable
 .rodata.APBPrescTable
                0x08007db8        0x8 Core\Src\system_stm32f4xx.o
                0x08007db8                APBPrescTable
                0x08007dc0                . = ALIGN (0x4)

.ARM.extab
 *(.ARM.extab* .gnu.linkonce.armextab.*)

.ARM            0x08007dc0        0x8
                0x08007dc0                __exidx_start = .
 *(.ARM.exidx*)
 .ARM.exidx     0x08007dc0        0x8 c:/program files (x86)/atollic/truestudio for stm32 9.3.0/armtools/bin/../lib/gcc/arm-atollic-eabi/6.3.1/armv7e-m/fpu\libgcc.a(_udivmoddi4.o)
                0x08007dc8                __exidx_end = .

.rel.dyn        0x08007dc8        0x0
 .rel.iplt      0x08007dc8        0x0 c:/program files (x86)/atollic/truestudio for stm32 9.3.0/armtools/bin/../lib/gcc/arm-atollic-eabi/6.3.1/armv7e-m/fpu/crtbegin.o

.preinit_array  0x08007dc8        0x0
                0x08007dc8                PROVIDE (__preinit_array_start, .)
 *(.preinit_array*)
                0x08007dc8                PROVIDE (__preinit_array_end, .)

.init_array     0x08007dc8        0x4
                0x08007dc8                PROVIDE (__init_array_start, .)
 *(SORT(.init_array.*))
 *(.init_array*)
 .init_array    0x08007dc8        0x4 c:/program files (x86)/atollic/truestudio for stm32 9.3.0/armtools/bin/../lib/gcc/arm-atollic-eabi/6.3.1/armv7e-m/fpu/crtbegin.o
                0x08007dcc                PROVIDE (__init_array_end, .)

.fini_array     0x08007dcc        0x4
                [!provide]                PROVIDE (__fini_array_start, .)
 *(SORT(.fini_array.*))
 *(.fini_array*)
 .fini_array    0x08007dcc        0x4 c:/program files (x86)/atollic/truestudio for stm32 9.3.0/armtools/bin/../lib/gcc/arm-atollic-eabi/6.3.1/armv7e-m/fpu/crtbegin.o
                [!provide]                PROVIDE (__fini_array_end, .)
                0x08007dd0                _sidata = LOADADDR (.data)

.data           0x20000000      0x1a8 load address 0x08007dd0
                0x20000000                . = ALIGN (0x4)
                0x20000000                _sdata = .
 *(.data)
 *(.data*)
 .data.packet   0x20000000       0x12 Core\Src\n64.o
 *fill*         0x20000012        0x2 
 .data.HID_Desc
                0x20000014       0x1c Core\Src\pro_cont_desc.o
                0x20000014                HID_Desc
 .data.USBD_DeviceDesc
                0x20000030       0x12 Core\Src\pro_cont_desc.o
                0x20000030                USBD_DeviceDesc
 *fill*         0x20000042        0x2 
 .data.USBD_LangIDDesc
                0x20000044        0x4 Core\Src\pro_cont_desc.o
                0x20000044                USBD_LangIDDesc
 .data.USBD_StringSerial
                0x20000048       0x1a Core\Src\pro_cont_desc.o
                0x20000048                USBD_StringSerial
 *fill*         0x20000062        0x2 
 .data.SystemCoreClock
                0x20000064        0x4 Core\Src\system_stm32f4xx.o
                0x20000064                SystemCoreClock
 .data.USBD_HID
                0x20000068       0x38 Core\Src\usbd_hid.o
                0x20000068                USBD_HID
 .data.USBD_HID_CfgDesc
                0x200000a0       0x29 Core\Src\usbd_hid.o
 *fill*         0x200000c9        0x3 
 .data.USBD_HID_Desc
                0x200000cc        0x9 Core\Src\usbd_hid.o
 *fill*         0x200000d5        0x3 
 .data.USBD_HID_DeviceQualifierDesc
                0x200000d8        0xa Core\Src\usbd_hid.o
 *fill*         0x200000e2        0x2 
 .data.HID_JOYPAD_ReportDesc
                0x200000e4       0x56 Core\Src\usbd_hid.o
 .data.HIDInEpAdd
                0x2000013a        0x1 Core\Src\usbd_hid.o
 *fill*         0x2000013b        0x1 
 .data.uwTickPrio
                0x2000013c        0x4 Drivers\STM32F4xx_HAL_Driver\Src\stm32f4xx_hal.o
                0x2000013c                uwTickPrio
 .data.uwTickFreq
                0x20000140        0x1 Drivers\STM32F4xx_HAL_Driver\Src\stm32f4xx_hal.o
                0x20000140                uwTickFreq
 *fill*         0x20000141        0x3 
 .data._impure_ptr
                0x20000144        0x4 c:/program files (x86)/atollic/truestudio for stm32 9.3.0/armtools/bin/../lib/gcc/arm-atollic-eabi/6.3.1/../../../../arm-atollic-eabi/lib/armv7e-m/fpu\libc_nano.a(lib_a-impure.o)
                0x20000144                _impure_ptr
 .data.impure_data
                0x20000148       0x60 c:/program files (x86)/atollic/truestudio for stm32 9.3.0/armtools/bin/../lib/gcc/arm-atollic-eabi/6.3.1/../../../../arm-atollic-eabi/lib/armv7e-m/fpu\libc_nano.a(lib_a-impure.o)
                0x200001a8                . = ALIGN (0x4)
                0x200001a8                _edata = .

.igot.plt       0x200001a8        0x0 load address 0x08007f78
 .igot.plt      0x200001a8        0x0 c:/program files (x86)/atollic/truestudio for stm32 9.3.0/armtools/bin/../lib/gcc/arm-atollic-eabi/6.3.1/armv7e-m/fpu/crtbegin.o
                0x200001a8                . = ALIGN (0x4)

.bss            0x200001a8      0x9fc load address 0x08007f78
                0x200001a8                _sbss = .
                0x200001a8                __bss_start__ = _sbss
 *(.bss)
 .bss           0x200001a8       0x1c c:/program files (x86)/atollic/truestudio for stm32 9.3.0/armtools/bin/../lib/gcc/arm-atollic-eabi/6.3.1/armv7e-m/fpu/crtbegin.o
 *(.bss*)
 .bss.GPIO_InitStruct
                0x200001c4       0x14 Core\Src\main.o
 .bss.LL_GPIO_Ini
                0x200001d8       0x18 Core\Src\n64.o
 .bss.in_buff   0x200001f0       0x50 Core\Src\n64.o
 .bss.respons   0x20000240        0x4 Core\Src\n64.o
                0x20000240                respons
 .bss.n64_read  0x20000244        0x1 Core\Src\n64.o
 *fill*         0x20000245        0x3 
 .bss.counter.10575
                0x20000248        0x4 Core\Src\stm32f4xx_it.o
 .bss.remotewakeupon
                0x2000024c        0x4 Core\Src\usbd_conf.o
                0x2000024c                remotewakeupon
 .bss.cfgidx.10443
                0x20000250        0x1 Middlewares\STM32_USB_Device_Library\Core\Src\usbd_ctlreq.o
 *fill*         0x20000251        0x3 
 .bss.__malloc_free_list
                0x20000254        0x4 c:/program files (x86)/atollic/truestudio for stm32 9.3.0/armtools/bin/../lib/gcc/arm-atollic-eabi/6.3.1/../../../../arm-atollic-eabi/lib/armv7e-m/fpu\libc_nano.a(lib_a-nano-mallocr.o)
                0x20000254                __malloc_free_list
 .bss.__malloc_sbrk_start
                0x20000258        0x4 c:/program files (x86)/atollic/truestudio for stm32 9.3.0/armtools/bin/../lib/gcc/arm-atollic-eabi/6.3.1/../../../../arm-atollic-eabi/lib/armv7e-m/fpu\libc_nano.a(lib_a-nano-mallocr.o)
                0x20000258                __malloc_sbrk_start
 .bss.heap_end.5239
                0x2000025c        0x4 c:/program files (x86)/atollic/truestudio for stm32 9.3.0/armtools/bin/../lib/gcc/arm-atollic-eabi/6.3.1/../../../../arm-atollic-eabi/lib/armv7e-m/fpu\libnosys.a(sbrk.o)
 *(COMMON)
 COMMON         0x20000260      0x320 Core\Src\main.o
                0x20000260                USBD_Device
                0x2000053c                huart1
 COMMON         0x20000580        0x8 Core\Src\n64.o
                0x20000580                response
                0x20000584                controller
 COMMON         0x20000588      0x100 Core\Src\pro_cont_desc.o
                0x20000588                USBD_StrDesc
 COMMON         0x20000688        0x8 Core\Src\stm32f4xx_it.o
                0x20000688                HID_Buffer
 COMMON         0x20000690      0x50c Core\Src\usbd_conf.o
                0x20000690                hpcd
 COMMON         0x20000b9c        0x4 Drivers\STM32F4xx_HAL_Driver\Src\stm32f4xx_hal.o
                0x20000b9c                uwTick
 COMMON         0x20000ba0        0x4 c:/program files (x86)/atollic/truestudio for stm32 9.3.0/armtools/bin/../lib/gcc/arm-atollic-eabi/6.3.1/../../../../arm-atollic-eabi/lib/armv7e-m/fpu\libc_nano.a(lib_a-reent.o)
                0x20000ba0                errno
                0x20000ba4                . = ALIGN (0x4)
                0x20000ba4                _ebss = .
                0x20000ba4                __bss_end__ = _ebss

._user_heap_stack
                0x20000ba4      0x400 load address 0x08007f78
                0x20000ba4                . = ALIGN (0x4)
                0x20000ba4                PROVIDE (end, .)
                [!provide]                PROVIDE (_end, .)
                0x20000ba4                . = (. + _Min_Heap_Size)
                0x20000fa4                . = (. + _Min_Stack_Size)
 *fill*         0x20000ba4      0x400 
                0x20000fa4                . = ALIGN (0x4)

.memory_b1_text
 *(.mb1text)
 *(.mb1text*)
 *(.mb1rodata)
 *(.mb1rodata*)

/DISCARD/
 libc.a(*)
 libm.a(*)
 libgcc.a(*)

.ARM.attributes
                0x00000000       0x30
 *(.ARM.attributes)
 .ARM.attributes
                0x00000000       0x22 c:/program files (x86)/atollic/truestudio for stm32 9.3.0/armtools/bin/../lib/gcc/arm-atollic-eabi/6.3.1/armv7e-m/fpu/crti.o
 .ARM.attributes
                0x00000022       0x34 c:/program files (x86)/atollic/truestudio for stm32 9.3.0/armtools/bin/../lib/gcc/arm-atollic-eabi/6.3.1/armv7e-m/fpu/crtbegin.o
 .ARM.attributes
                0x00000056       0x39 Core\Src\main.o
 .ARM.attributes
                0x0000008f       0x39 Core\Src\n64.o
 .ARM.attributes
                0x000000c8       0x39 Core\Src\pro_cont_desc.o
 .ARM.attributes
                0x00000101       0x21 Core\Src\startup_stm32f411xe.o
 .ARM.attributes
                0x00000122       0x39 Core\Src\stm32f4xx_hal_msp.o
 .ARM.attributes
                0x0000015b       0x39 Core\Src\stm32f4xx_it.o
 .ARM.attributes
                0x00000194       0x39 Core\Src\system_stm32f4xx.o
 .ARM.attributes
                0x000001cd       0x39 Core\Src\usbd_conf.o
 .ARM.attributes
                0x00000206       0x39 Core\Src\usbd_hid.o
 .ARM.attributes
                0x0000023f       0x39 Drivers\STM32F4xx_HAL_Driver\Src\stm32f4xx_hal.o
 .ARM.attributes
                0x00000278       0x39 Drivers\STM32F4xx_HAL_Driver\Src\stm32f4xx_hal_cortex.o
 .ARM.attributes
                0x000002b1       0x39 Drivers\STM32F4xx_HAL_Driver\Src\stm32f4xx_hal_gpio.o
 .ARM.attributes
                0x000002ea       0x39 Drivers\STM32F4xx_HAL_Driver\Src\stm32f4xx_hal_pcd.o
 .ARM.attributes
                0x00000323       0x39 Drivers\STM32F4xx_HAL_Driver\Src\stm32f4xx_hal_pcd_ex.o
 .ARM.attributes
                0x0000035c       0x39 Drivers\STM32F4xx_HAL_Driver\Src\stm32f4xx_hal_rcc.o
 .ARM.attributes
                0x00000395       0x39 Drivers\STM32F4xx_HAL_Driver\Src\stm32f4xx_hal_uart.o
 .ARM.attributes
                0x000003ce       0x39 Drivers\STM32F4xx_HAL_Driver\Src\stm32f4xx_ll_gpio.o
 .ARM.attributes
                0x00000407       0x39 Drivers\STM32F4xx_HAL_Driver\Src\stm32f4xx_ll_usb.o
 .ARM.attributes
                0x00000440       0x39 Middlewares\STM32_USB_Device_Library\Core\Src\usbd_core.o
 .ARM.attributes
                0x00000479       0x39 Middlewares\STM32_USB_Device_Library\Core\Src\usbd_ctlreq.o
 .ARM.attributes
                0x000004b2       0x39 Middlewares\STM32_USB_Device_Library\Core\Src\usbd_ioreq.o
 .ARM.attributes
                0x000004eb       0x34 c:/program files (x86)/atollic/truestudio for stm32 9.3.0/armtools/bin/../lib/gcc/arm-atollic-eabi/6.3.1/../../../../arm-atollic-eabi/lib/armv7e-m/fpu\libc_nano.a(lib_a-init.o)
 .ARM.attributes
                0x0000051f       0x34 c:/program files (x86)/atollic/truestudio for stm32 9.3.0/armtools/bin/../lib/gcc/arm-atollic-eabi/6.3.1/../../../../arm-atollic-eabi/lib/armv7e-m/fpu\libc_nano.a(lib_a-malloc.o)
 .ARM.attributes
                0x00000553       0x34 c:/program files (x86)/atollic/truestudio for stm32 9.3.0/armtools/bin/../lib/gcc/arm-atollic-eabi/6.3.1/../../../../arm-atollic-eabi/lib/armv7e-m/fpu\libc_nano.a(lib_a-memset.o)
 .ARM.attributes
                0x00000587       0x34 c:/program files (x86)/atollic/truestudio for stm32 9.3.0/armtools/bin/../lib/gcc/arm-atollic-eabi/6.3.1/../../../../arm-atollic-eabi/lib/armv7e-m/fpu\libc_nano.a(lib_a-nano-freer.o)
 .ARM.attributes
                0x000005bb       0x34 c:/program files (x86)/atollic/truestudio for stm32 9.3.0/armtools/bin/../lib/gcc/arm-atollic-eabi/6.3.1/../../../../arm-atollic-eabi/lib/armv7e-m/fpu\libc_nano.a(lib_a-nano-mallocr.o)
 .ARM.attributes
                0x000005ef       0x34 c:/program files (x86)/atollic/truestudio for stm32 9.3.0/armtools/bin/../lib/gcc/arm-atollic-eabi/6.3.1/../../../../arm-atollic-eabi/lib/armv7e-m/fpu\libc_nano.a(lib_a-sbrkr.o)
 .ARM.attributes
                0x00000623       0x34 c:/program files (x86)/atollic/truestudio for stm32 9.3.0/armtools/bin/../lib/gcc/arm-atollic-eabi/6.3.1/../../../../arm-atollic-eabi/lib/armv7e-m/fpu\libc_nano.a(lib_a-impure.o)
 .ARM.attributes
                0x00000657       0x34 c:/program files (x86)/atollic/truestudio for stm32 9.3.0/armtools/bin/../lib/gcc/arm-atollic-eabi/6.3.1/../../../../arm-atollic-eabi/lib/armv7e-m/fpu\libc_nano.a(lib_a-mlock.o)
 .ARM.attributes
                0x0000068b       0x34 c:/program files (x86)/atollic/truestudio for stm32 9.3.0/armtools/bin/../lib/gcc/arm-atollic-eabi/6.3.1/../../../../arm-atollic-eabi/lib/armv7e-m/fpu\libc_nano.a(lib_a-reent.o)
 .ARM.attributes
                0x000006bf       0x22 c:/program files (x86)/atollic/truestudio for stm32 9.3.0/armtools/bin/../lib/gcc/arm-atollic-eabi/6.3.1/armv7e-m/fpu\libgcc.a(_aeabi_uldivmod.o)
 .ARM.attributes
                0x000006e1       0x34 c:/program files (x86)/atollic/truestudio for stm32 9.3.0/armtools/bin/../lib/gcc/arm-atollic-eabi/6.3.1/armv7e-m/fpu\libgcc.a(_udivmoddi4.o)
 .ARM.attributes
                0x00000715       0x22 c:/program files (x86)/atollic/truestudio for stm32 9.3.0/armtools/bin/../lib/gcc/arm-atollic-eabi/6.3.1/armv7e-m/fpu\libgcc.a(_dvmd_tls.o)
 .ARM.attributes
                0x00000737       0x34 c:/program files (x86)/atollic/truestudio for stm32 9.3.0/armtools/bin/../lib/gcc/arm-atollic-eabi/6.3.1/../../../../arm-atollic-eabi/lib/armv7e-m/fpu\libnosys.a(sbrk.o)
 .ARM.attributes
                0x0000076b       0x22 c:/program files (x86)/atollic/truestudio for stm32 9.3.0/armtools/bin/../lib/gcc/arm-atollic-eabi/6.3.1/armv7e-m/fpu/crtn.o
OUTPUT(n64usb4switch.elf elf32-littlearm)

.debug_info     0x00000000    0x1937c
 .debug_info    0x00000000     0x1f61 Core\Src\main.o
 .debug_info    0x00001f61     0x1de7 Core\Src\n64.o
 .debug_info    0x00003d48      0xd18 Core\Src\pro_cont_desc.o
 .debug_info    0x00004a60       0x8d Core\Src\startup_stm32f411xe.o
 .debug_info    0x00004aed     0x1b11 Core\Src\stm32f4xx_hal_msp.o
 .debug_info    0x000065fe     0x1f3e Core\Src\stm32f4xx_it.o
 .debug_info    0x0000853c      0x580 Core\Src\system_stm32f4xx.o
 .debug_info    0x00008abc     0x24ca Core\Src\usbd_conf.o
 .debug_info    0x0000af86     0x1277 Core\Src\usbd_hid.o
 .debug_info    0x0000c1fd      0x8d3 Drivers\STM32F4xx_HAL_Driver\Src\stm32f4xx_hal.o
 .debug_info    0x0000cad0      0xd98 Drivers\STM32F4xx_HAL_Driver\Src\stm32f4xx_hal_cortex.o
 .debug_info    0x0000d868      0x7e5 Drivers\STM32F4xx_HAL_Driver\Src\stm32f4xx_hal_gpio.o
 .debug_info    0x0000e04d     0x129e Drivers\STM32F4xx_HAL_Driver\Src\stm32f4xx_hal_pcd.o
 .debug_info    0x0000f2eb      0x774 Drivers\STM32F4xx_HAL_Driver\Src\stm32f4xx_hal_pcd_ex.o
 .debug_info    0x0000fa5f      0x928 Drivers\STM32F4xx_HAL_Driver\Src\stm32f4xx_hal_rcc.o
 .debug_info    0x00010387     0x34d1 Drivers\STM32F4xx_HAL_Driver\Src\stm32f4xx_hal_uart.o
 .debug_info    0x00013858      0x946 Drivers\STM32F4xx_HAL_Driver\Src\stm32f4xx_ll_gpio.o
 .debug_info    0x0001419e     0x19c0 Drivers\STM32F4xx_HAL_Driver\Src\stm32f4xx_ll_usb.o
 .debug_info    0x00015b5e     0x1575 Middlewares\STM32_USB_Device_Library\Core\Src\usbd_core.o
 .debug_info    0x000170d3     0x12bd Middlewares\STM32_USB_Device_Library\Core\Src\usbd_ctlreq.o
 .debug_info    0x00018390      0xfec Middlewares\STM32_USB_Device_Library\Core\Src\usbd_ioreq.o

.debug_abbrev   0x00000000     0x2f6a
 .debug_abbrev  0x00000000      0x29a Core\Src\main.o
 .debug_abbrev  0x0000029a      0x321 Core\Src\n64.o
 .debug_abbrev  0x000005bb      0x29b Core\Src\pro_cont_desc.o
 .debug_abbrev  0x00000856       0x12 Core\Src\startup_stm32f411xe.o
 .debug_abbrev  0x00000868      0x221 Core\Src\stm32f4xx_hal_msp.o
 .debug_abbrev  0x00000a89      0x2a7 Core\Src\stm32f4xx_it.o
 .debug_abbrev  0x00000d30      0x126 Core\Src\system_stm32f4xx.o
 .debug_abbrev  0x00000e56      0x2f3 Core\Src\usbd_conf.o
 .debug_abbrev  0x00001149      0x28e Core\Src\usbd_hid.o
 .debug_abbrev  0x000013d7      0x1ed Drivers\STM32F4xx_HAL_Driver\Src\stm32f4xx_hal.o
 .debug_abbrev  0x000015c4      0x2f5 Drivers\STM32F4xx_HAL_Driver\Src\stm32f4xx_hal_cortex.o
 .debug_abbrev  0x000018b9      0x1c4 Drivers\STM32F4xx_HAL_Driver\Src\stm32f4xx_hal_gpio.o
 .debug_abbrev  0x00001a7d      0x261 Drivers\STM32F4xx_HAL_Driver\Src\stm32f4xx_hal_pcd.o
 .debug_abbrev  0x00001cde      0x1ca Drivers\STM32F4xx_HAL_Driver\Src\stm32f4xx_hal_pcd_ex.o
 .debug_abbrev  0x00001ea8      0x240 Drivers\STM32F4xx_HAL_Driver\Src\stm32f4xx_hal_rcc.o
 .debug_abbrev  0x000020e8      0x2bd Drivers\STM32F4xx_HAL_Driver\Src\stm32f4xx_hal_uart.o
 .debug_abbrev  0x000023a5      0x20d Drivers\STM32F4xx_HAL_Driver\Src\stm32f4xx_ll_gpio.o
 .debug_abbrev  0x000025b2      0x265 Drivers\STM32F4xx_HAL_Driver\Src\stm32f4xx_ll_usb.o
 .debug_abbrev  0x00002817      0x289 Middlewares\STM32_USB_Device_Library\Core\Src\usbd_core.o
 .debug_abbrev  0x00002aa0      0x2c4 Middlewares\STM32_USB_Device_Library\Core\Src\usbd_ctlreq.o
 .debug_abbrev  0x00002d64      0x206 Middlewares\STM32_USB_Device_Library\Core\Src\usbd_ioreq.o

.debug_aranges  0x00000000      0xdc8
 .debug_aranges
                0x00000000       0x40 Core\Src\main.o
 .debug_aranges
                0x00000040       0x78 Core\Src\n64.o
 .debug_aranges
                0x000000b8       0x60 Core\Src\pro_cont_desc.o
 .debug_aranges
                0x00000118       0x28 Core\Src\startup_stm32f411xe.o
 .debug_aranges
                0x00000140       0x38 Core\Src\stm32f4xx_hal_msp.o
 .debug_aranges
                0x00000178       0x88 Core\Src\stm32f4xx_it.o
 .debug_aranges
                0x00000200       0x28 Core\Src\system_stm32f4xx.o
 .debug_aranges
                0x00000228      0x108 Core\Src\usbd_conf.o
 .debug_aranges
                0x00000330       0x68 Core\Src\usbd_hid.o
 .debug_aranges
                0x00000398       0xf0 Drivers\STM32F4xx_HAL_Driver\Src\stm32f4xx_hal.o
 .debug_aranges
                0x00000488      0x118 Drivers\STM32F4xx_HAL_Driver\Src\stm32f4xx_hal_cortex.o
 .debug_aranges
                0x000005a0       0x58 Drivers\STM32F4xx_HAL_Driver\Src\stm32f4xx_hal_gpio.o
 .debug_aranges
                0x000005f8      0x148 Drivers\STM32F4xx_HAL_Driver\Src\stm32f4xx_hal_pcd.o
 .debug_aranges
                0x00000740       0x38 Drivers\STM32F4xx_HAL_Driver\Src\stm32f4xx_hal_pcd_ex.o
 .debug_aranges
                0x00000778       0x88 Drivers\STM32F4xx_HAL_Driver\Src\stm32f4xx_hal_rcc.o
 .debug_aranges
                0x00000800      0x200 Drivers\STM32F4xx_HAL_Driver\Src\stm32f4xx_hal_uart.o
 .debug_aranges
                0x00000a00       0x70 Drivers\STM32F4xx_HAL_Driver\Src\stm32f4xx_ll_gpio.o
 .debug_aranges
                0x00000a70      0x1a0 Drivers\STM32F4xx_HAL_Driver\Src\stm32f4xx_ll_usb.o
 .debug_aranges
                0x00000c10       0xd8 Middlewares\STM32_USB_Device_Library\Core\Src\usbd_core.o
 .debug_aranges
                0x00000ce8       0x90 Middlewares\STM32_USB_Device_Library\Core\Src\usbd_ctlreq.o
 .debug_aranges
                0x00000d78       0x50 Middlewares\STM32_USB_Device_Library\Core\Src\usbd_ioreq.o

.debug_ranges   0x00000000      0xcb0
 .debug_ranges  0x00000000       0x30 Core\Src\main.o
 .debug_ranges  0x00000030       0x68 Core\Src\n64.o
 .debug_ranges  0x00000098       0x50 Core\Src\pro_cont_desc.o
 .debug_ranges  0x000000e8       0x20 Core\Src\startup_stm32f411xe.o
 .debug_ranges  0x00000108       0x28 Core\Src\stm32f4xx_hal_msp.o
 .debug_ranges  0x00000130       0x78 Core\Src\stm32f4xx_it.o
 .debug_ranges  0x000001a8       0x18 Core\Src\system_stm32f4xx.o
 .debug_ranges  0x000001c0       0xf8 Core\Src\usbd_conf.o
 .debug_ranges  0x000002b8       0x58 Core\Src\usbd_hid.o
 .debug_ranges  0x00000310       0xe0 Drivers\STM32F4xx_HAL_Driver\Src\stm32f4xx_hal.o
 .debug_ranges  0x000003f0      0x108 Drivers\STM32F4xx_HAL_Driver\Src\stm32f4xx_hal_cortex.o
 .debug_ranges  0x000004f8       0x48 Drivers\STM32F4xx_HAL_Driver\Src\stm32f4xx_hal_gpio.o
 .debug_ranges  0x00000540      0x138 Drivers\STM32F4xx_HAL_Driver\Src\stm32f4xx_hal_pcd.o
 .debug_ranges  0x00000678       0x28 Drivers\STM32F4xx_HAL_Driver\Src\stm32f4xx_hal_pcd_ex.o
 .debug_ranges  0x000006a0       0x78 Drivers\STM32F4xx_HAL_Driver\Src\stm32f4xx_hal_rcc.o
 .debug_ranges  0x00000718      0x220 Drivers\STM32F4xx_HAL_Driver\Src\stm32f4xx_hal_uart.o
 .debug_ranges  0x00000938       0x60 Drivers\STM32F4xx_HAL_Driver\Src\stm32f4xx_ll_gpio.o
 .debug_ranges  0x00000998      0x190 Drivers\STM32F4xx_HAL_Driver\Src\stm32f4xx_ll_usb.o
 .debug_ranges  0x00000b28       0xc8 Middlewares\STM32_USB_Device_Library\Core\Src\usbd_core.o
 .debug_ranges  0x00000bf0       0x80 Middlewares\STM32_USB_Device_Library\Core\Src\usbd_ctlreq.o
 .debug_ranges  0x00000c70       0x40 Middlewares\STM32_USB_Device_Library\Core\Src\usbd_ioreq.o

.debug_line     0x00000000     0x7b2a
 .debug_line    0x00000000      0x4de Core\Src\main.o
 .debug_line    0x000004de      0x5c9 Core\Src\n64.o
 .debug_line    0x00000aa7      0x413 Core\Src\pro_cont_desc.o
 .debug_line    0x00000eba       0x8c Core\Src\startup_stm32f411xe.o
 .debug_line    0x00000f46      0x435 Core\Src\stm32f4xx_hal_msp.o
 .debug_line    0x0000137b      0x52d Core\Src\stm32f4xx_it.o
 .debug_line    0x000018a8      0x228 Core\Src\system_stm32f4xx.o
 .debug_line    0x00001ad0      0x69e Core\Src\usbd_conf.o
 .debug_line    0x0000216e      0x45c Core\Src\usbd_hid.o
 .debug_line    0x000025ca      0x42b Drivers\STM32F4xx_HAL_Driver\Src\stm32f4xx_hal.o
 .debug_line    0x000029f5      0x55f Drivers\STM32F4xx_HAL_Driver\Src\stm32f4xx_hal_cortex.o
 .debug_line    0x00002f54      0x3d4 Drivers\STM32F4xx_HAL_Driver\Src\stm32f4xx_hal_gpio.o
 .debug_line    0x00003328      0x879 Drivers\STM32F4xx_HAL_Driver\Src\stm32f4xx_hal_pcd.o
 .debug_line    0x00003ba1      0x2a2 Drivers\STM32F4xx_HAL_Driver\Src\stm32f4xx_hal_pcd_ex.o
 .debug_line    0x00003e43      0x4d0 Drivers\STM32F4xx_HAL_Driver\Src\stm32f4xx_hal_rcc.o
 .debug_line    0x00004313     0x1994 Drivers\STM32F4xx_HAL_Driver\Src\stm32f4xx_hal_uart.o
 .debug_line    0x00005ca7      0x403 Drivers\STM32F4xx_HAL_Driver\Src\stm32f4xx_ll_gpio.o
 .debug_line    0x000060aa      0xa76 Drivers\STM32F4xx_HAL_Driver\Src\stm32f4xx_ll_usb.o
 .debug_line    0x00006b20      0x5c0 Middlewares\STM32_USB_Device_Library\Core\Src\usbd_core.o
 .debug_line    0x000070e0      0x68d Middlewares\STM32_USB_Device_Library\Core\Src\usbd_ctlreq.o
 .debug_line    0x0000776d      0x3bd Middlewares\STM32_USB_Device_Library\Core\Src\usbd_ioreq.o

.debug_str      0x00000000     0x4918
 .debug_str     0x00000000     0x16ba Core\Src\main.o
                               0x183d (size before relaxing)
 .debug_str     0x000016ba      0x328 Core\Src\n64.o
                               0x166b (size before relaxing)
 .debug_str     0x000019e2      0x183 Core\Src\pro_cont_desc.o
                                0x973 (size before relaxing)
 .debug_str     0x00001b65      0x412 Core\Src\stm32f4xx_hal_msp.o
                               0x1723 (size before relaxing)
 .debug_str     0x00001f77      0x1ac Core\Src\stm32f4xx_it.o
                               0x17e8 (size before relaxing)
 .debug_str     0x00002123       0x67 Core\Src\system_stm32f4xx.o
                                0x456 (size before relaxing)
 .debug_str     0x0000218a      0x310 Core\Src\usbd_conf.o
                               0x1bfc (size before relaxing)
 .debug_str     0x0000249a      0x23f Core\Src\usbd_hid.o
                                0xd38 (size before relaxing)
 .debug_str     0x000026d9      0x2a7 Drivers\STM32F4xx_HAL_Driver\Src\stm32f4xx_hal.o
                                0xa42 (size before relaxing)
 .debug_str     0x00002980      0x495 Drivers\STM32F4xx_HAL_Driver\Src\stm32f4xx_hal_cortex.o
                                0xbb4 (size before relaxing)
 .debug_str     0x00002e15      0x134 Drivers\STM32F4xx_HAL_Driver\Src\stm32f4xx_hal_gpio.o
                                0x5e4 (size before relaxing)
 .debug_str     0x00002f49      0x425 Drivers\STM32F4xx_HAL_Driver\Src\stm32f4xx_hal_pcd.o
                                0xc2f (size before relaxing)
 .debug_str     0x0000336e      0x16a Drivers\STM32F4xx_HAL_Driver\Src\stm32f4xx_hal_pcd_ex.o
                                0x818 (size before relaxing)
 .debug_str     0x000034d8      0x1bc Drivers\STM32F4xx_HAL_Driver\Src\stm32f4xx_hal_rcc.o
                                0x79b (size before relaxing)
 .debug_str     0x00003694      0x608 Drivers\STM32F4xx_HAL_Driver\Src\stm32f4xx_hal_uart.o
                                0xdc3 (size before relaxing)
 .debug_str     0x00003c9c      0x13b Drivers\STM32F4xx_HAL_Driver\Src\stm32f4xx_ll_gpio.o
                                0x58d (size before relaxing)
 .debug_str     0x00003dd7      0x6a0 Drivers\STM32F4xx_HAL_Driver\Src\stm32f4xx_ll_usb.o
                                0xd87 (size before relaxing)
 .debug_str     0x00004477      0x28b Middlewares\STM32_USB_Device_Library\Core\Src\usbd_core.o
                                0xde7 (size before relaxing)
 .debug_str     0x00004702      0x14d Middlewares\STM32_USB_Device_Library\Core\Src\usbd_ctlreq.o
                                0xc5e (size before relaxing)
 .debug_str     0x0000484f       0xc9 Middlewares\STM32_USB_Device_Library\Core\Src\usbd_ioreq.o
                                0xbae (size before relaxing)

.comment        0x00000000       0x7c
 .comment       0x00000000       0x7c Core\Src\main.o
                                 0x7d (size before relaxing)
 .comment       0x0000007c       0x7d Core\Src\n64.o
 .comment       0x0000007c       0x7d Core\Src\pro_cont_desc.o
 .comment       0x0000007c       0x7d Core\Src\stm32f4xx_hal_msp.o
 .comment       0x0000007c       0x7d Core\Src\stm32f4xx_it.o
 .comment       0x0000007c       0x7d Core\Src\system_stm32f4xx.o
 .comment       0x0000007c       0x7d Core\Src\usbd_conf.o
 .comment       0x0000007c       0x7d Core\Src\usbd_hid.o
 .comment       0x0000007c       0x7d Drivers\STM32F4xx_HAL_Driver\Src\stm32f4xx_hal.o
 .comment       0x0000007c       0x7d Drivers\STM32F4xx_HAL_Driver\Src\stm32f4xx_hal_cortex.o
 .comment       0x0000007c       0x7d Drivers\STM32F4xx_HAL_Driver\Src\stm32f4xx_hal_gpio.o
 .comment       0x0000007c       0x7d Drivers\STM32F4xx_HAL_Driver\Src\stm32f4xx_hal_pcd.o
 .comment       0x0000007c       0x7d Drivers\STM32F4xx_HAL_Driver\Src\stm32f4xx_hal_pcd_ex.o
 .comment       0x0000007c       0x7d Drivers\STM32F4xx_HAL_Driver\Src\stm32f4xx_hal_rcc.o
 .comment       0x0000007c       0x7d Drivers\STM32F4xx_HAL_Driver\Src\stm32f4xx_hal_uart.o
 .comment       0x0000007c       0x7d Drivers\STM32F4xx_HAL_Driver\Src\stm32f4xx_ll_gpio.o
 .comment       0x0000007c       0x7d Drivers\STM32F4xx_HAL_Driver\Src\stm32f4xx_ll_usb.o
 .comment       0x0000007c       0x7d Middlewares\STM32_USB_Device_Library\Core\Src\usbd_core.o
 .comment       0x0000007c       0x7d Middlewares\STM32_USB_Device_Library\Core\Src\usbd_ctlreq.o
 .comment       0x0000007c       0x7d Middlewares\STM32_USB_Device_Library\Core\Src\usbd_ioreq.o

.debug_frame    0x00000000     0x3998
 .debug_frame   0x00000000       0xa8 Core\Src\main.o
 .debug_frame   0x000000a8      0x1c4 Core\Src\n64.o
 .debug_frame   0x0000026c      0x160 Core\Src\pro_cont_desc.o
 .debug_frame   0x000003cc       0xa4 Core\Src\stm32f4xx_hal_msp.o
 .debug_frame   0x00000470      0x1a8 Core\Src\stm32f4xx_it.o
 .debug_frame   0x00000618       0x58 Core\Src\system_stm32f4xx.o
 .debug_frame   0x00000670      0x44c Core\Src\usbd_conf.o
 .debug_frame   0x00000abc      0x184 Core\Src\usbd_hid.o
 .debug_frame   0x00000c40      0x374 Drivers\STM32F4xx_HAL_Driver\Src\stm32f4xx_hal.o
 .debug_frame   0x00000fb4      0x498 Drivers\STM32F4xx_HAL_Driver\Src\stm32f4xx_hal_cortex.o
 .debug_frame   0x0000144c      0x14c Drivers\STM32F4xx_HAL_Driver\Src\stm32f4xx_hal_gpio.o
 .debug_frame   0x00001598      0x5bc Drivers\STM32F4xx_HAL_Driver\Src\stm32f4xx_hal_pcd.o
 .debug_frame   0x00001b54       0xb0 Drivers\STM32F4xx_HAL_Driver\Src\stm32f4xx_hal_pcd_ex.o
 .debug_frame   0x00001c04      0x1f8 Drivers\STM32F4xx_HAL_Driver\Src\stm32f4xx_hal_rcc.o
 .debug_frame   0x00001dfc      0x92c Drivers\STM32F4xx_HAL_Driver\Src\stm32f4xx_hal_uart.o
 .debug_frame   0x00002728      0x1c0 Drivers\STM32F4xx_HAL_Driver\Src\stm32f4xx_ll_gpio.o
 .debug_frame   0x000028e8      0x7c0 Drivers\STM32F4xx_HAL_Driver\Src\stm32f4xx_ll_usb.o
 .debug_frame   0x000030a8      0x390 Middlewares\STM32_USB_Device_Library\Core\Src\usbd_core.o
 .debug_frame   0x00003438      0x23c Middlewares\STM32_USB_Device_Library\Core\Src\usbd_ctlreq.o
 .debug_frame   0x00003674      0x10c Middlewares\STM32_USB_Device_Library\Core\Src\usbd_ioreq.o
 .debug_frame   0x00003780       0x2c c:/program files (x86)/atollic/truestudio for stm32 9.3.0/armtools/bin/../lib/gcc/arm-atollic-eabi/6.3.1/../../../../arm-atollic-eabi/lib/armv7e-m/fpu\libc_nano.a(lib_a-init.o)
 .debug_frame   0x000037ac       0x30 c:/program files (x86)/atollic/truestudio for stm32 9.3.0/armtools/bin/../lib/gcc/arm-atollic-eabi/6.3.1/../../../../arm-atollic-eabi/lib/armv7e-m/fpu\libc_nano.a(lib_a-malloc.o)
 .debug_frame   0x000037dc       0x20 c:/program files (x86)/atollic/truestudio for stm32 9.3.0/armtools/bin/../lib/gcc/arm-atollic-eabi/6.3.1/../../../../arm-atollic-eabi/lib/armv7e-m/fpu\libc_nano.a(lib_a-memset.o)
 .debug_frame   0x000037fc       0x38 c:/program files (x86)/atollic/truestudio for stm32 9.3.0/armtools/bin/../lib/gcc/arm-atollic-eabi/6.3.1/../../../../arm-atollic-eabi/lib/armv7e-m/fpu\libc_nano.a(lib_a-nano-freer.o)
 .debug_frame   0x00003834       0x2c c:/program files (x86)/atollic/truestudio for stm32 9.3.0/armtools/bin/../lib/gcc/arm-atollic-eabi/6.3.1/../../../../arm-atollic-eabi/lib/armv7e-m/fpu\libc_nano.a(lib_a-nano-mallocr.o)
 .debug_frame   0x00003860       0x2c c:/program files (x86)/atollic/truestudio for stm32 9.3.0/armtools/bin/../lib/gcc/arm-atollic-eabi/6.3.1/../../../../arm-atollic-eabi/lib/armv7e-m/fpu\libc_nano.a(lib_a-sbrkr.o)
 .debug_frame   0x0000388c       0x30 c:/program files (x86)/atollic/truestudio for stm32 9.3.0/armtools/bin/../lib/gcc/arm-atollic-eabi/6.3.1/../../../../arm-atollic-eabi/lib/armv7e-m/fpu\libc_nano.a(lib_a-mlock.o)
 .debug_frame   0x000038bc       0x5c c:/program files (x86)/atollic/truestudio for stm32 9.3.0/armtools/bin/../lib/gcc/arm-atollic-eabi/6.3.1/../../../../arm-atollic-eabi/lib/armv7e-m/fpu\libc_nano.a(lib_a-reent.o)
 .debug_frame   0x00003918       0x2c c:/program files (x86)/atollic/truestudio for stm32 9.3.0/armtools/bin/../lib/gcc/arm-atollic-eabi/6.3.1/armv7e-m/fpu\libgcc.a(_aeabi_uldivmod.o)
 .debug_frame   0x00003944       0x34 c:/program files (x86)/atollic/truestudio for stm32 9.3.0/armtools/bin/../lib/gcc/arm-atollic-eabi/6.3.1/armv7e-m/fpu\libgcc.a(_udivmoddi4.o)
 .debug_frame   0x00003978       0x20 c:/program files (x86)/atollic/truestudio for stm32 9.3.0/armtools/bin/../lib/gcc/arm-atollic-eabi/6.3.1/../../../../arm-atollic-eabi/lib/armv7e-m/fpu\libnosys.a(sbrk.o)

.stabstr        0x00000000       0x3f
 .stabstr       0x00000000       0x3f c:/program files (x86)/atollic/truestudio for stm32 9.3.0/armtools/bin/../lib/gcc/arm-atollic-eabi/6.3.1/../../../../arm-atollic-eabi/lib/armv7e-m/fpu\libnosys.a(write.o)

Cross Reference Table

Symbol                                            File
ADC_IRQHandler                                    Core\Src\startup_stm32f411xe.o
AHBPrescTable                                     Core\Src\system_stm32f4xx.o
                                                  Drivers\STM32F4xx_HAL_Driver\Src\stm32f4xx_ll_utils.o
                                                  Drivers\STM32F4xx_HAL_Driver\Src\stm32f4xx_ll_rcc.o
                                                  Drivers\STM32F4xx_HAL_Driver\Src\stm32f4xx_hal_rcc.o
APBPrescTable                                     Core\Src\system_stm32f4xx.o
                                                  Drivers\STM32F4xx_HAL_Driver\Src\stm32f4xx_ll_rcc.o
                                                  Drivers\STM32F4xx_HAL_Driver\Src\stm32f4xx_hal_rcc.o
BusFault_Handler                                  Core\Src\stm32f4xx_it.o
                                                  Core\Src\startup_stm32f411xe.o
ButtonInit                                        Core\Src\main.o
DMA1_Stream0_IRQHandler                           Core\Src\startup_stm32f411xe.o
DMA1_Stream1_IRQHandler                           Core\Src\startup_stm32f411xe.o
DMA1_Stream2_IRQHandler                           Core\Src\startup_stm32f411xe.o
DMA1_Stream3_IRQHandler                           Core\Src\startup_stm32f411xe.o
DMA1_Stream4_IRQHandler                           Core\Src\startup_stm32f411xe.o
DMA1_Stream5_IRQHandler                           Core\Src\startup_stm32f411xe.o
DMA1_Stream6_IRQHandler                           Core\Src\startup_stm32f411xe.o
DMA1_Stream7_IRQHandler                           Core\Src\startup_stm32f411xe.o
DMA2_Stream0_IRQHandler                           Core\Src\startup_stm32f411xe.o
DMA2_Stream1_IRQHandler                           Core\Src\startup_stm32f411xe.o
DMA2_Stream2_IRQHandler                           Core\Src\startup_stm32f411xe.o
DMA2_Stream3_IRQHandler                           Core\Src\startup_stm32f411xe.o
DMA2_Stream4_IRQHandler                           Core\Src\startup_stm32f411xe.o
DMA2_Stream5_IRQHandler                           Core\Src\startup_stm32f411xe.o
DMA2_Stream6_IRQHandler                           Core\Src\startup_stm32f411xe.o
DMA2_Stream7_IRQHandler                           Core\Src\startup_stm32f411xe.o
DebugMon_Handler                                  Core\Src\stm32f4xx_it.o
                                                  Core\Src\startup_stm32f411xe.o
Default_Handler                                   Core\Src\startup_stm32f411xe.o
EXTI0_IRQHandler                                  Core\Src\startup_stm32f411xe.o
EXTI15_10_IRQHandler                              Core\Src\startup_stm32f411xe.o
EXTI1_IRQHandler                                  Core\Src\startup_stm32f411xe.o
EXTI2_IRQHandler                                  Core\Src\startup_stm32f411xe.o
EXTI3_IRQHandler                                  Core\Src\startup_stm32f411xe.o
EXTI4_IRQHandler                                  Core\Src\stm32f4xx_it.o
                                                  Core\Src\startup_stm32f411xe.o
EXTI9_5_IRQHandler                                Core\Src\startup_stm32f411xe.o
Error_Handler                                     Core\Src\main.o
                                                  Core\Src\usbd_conf.o
                                                  Core\Src\n64.o
FLASH_Erase_Sector                                Drivers\STM32F4xx_HAL_Driver\Src\stm32f4xx_hal_flash_ex.o
                                                  Drivers\STM32F4xx_HAL_Driver\Src\stm32f4xx_hal_flash.o
FLASH_FlushCaches                                 Drivers\STM32F4xx_HAL_Driver\Src\stm32f4xx_hal_flash_ex.o
                                                  Drivers\STM32F4xx_HAL_Driver\Src\stm32f4xx_hal_flash.o
FLASH_IRQHandler                                  Core\Src\startup_stm32f411xe.o
FLASH_WaitForLastOperation                        Drivers\STM32F4xx_HAL_Driver\Src\stm32f4xx_hal_flash.o
                                                  Drivers\STM32F4xx_HAL_Driver\Src\stm32f4xx_hal_flash_ex.o
FPU_IRQHandler                                    Core\Src\startup_stm32f411xe.o
HAL_DBGMCU_DisableDBGSleepMode                    Drivers\STM32F4xx_HAL_Driver\Src\stm32f4xx_hal.o
HAL_DBGMCU_DisableDBGStandbyMode                  Drivers\STM32F4xx_HAL_Driver\Src\stm32f4xx_hal.o
HAL_DBGMCU_DisableDBGStopMode                     Drivers\STM32F4xx_HAL_Driver\Src\stm32f4xx_hal.o
HAL_DBGMCU_EnableDBGSleepMode                     Drivers\STM32F4xx_HAL_Driver\Src\stm32f4xx_hal.o
HAL_DBGMCU_EnableDBGStandbyMode                   Drivers\STM32F4xx_HAL_Driver\Src\stm32f4xx_hal.o
HAL_DBGMCU_EnableDBGStopMode                      Drivers\STM32F4xx_HAL_Driver\Src\stm32f4xx_hal.o
HAL_DMAEx_ChangeMemory                            Drivers\STM32F4xx_HAL_Driver\Src\stm32f4xx_hal_dma_ex.o
HAL_DMAEx_MultiBufferStart                        Drivers\STM32F4xx_HAL_Driver\Src\stm32f4xx_hal_dma_ex.o
HAL_DMAEx_MultiBufferStart_IT                     Drivers\STM32F4xx_HAL_Driver\Src\stm32f4xx_hal_dma_ex.o
HAL_DMA_Abort                                     Drivers\STM32F4xx_HAL_Driver\Src\stm32f4xx_hal_dma.o
                                                  Drivers\STM32F4xx_HAL_Driver\Src\stm32f4xx_hal_usart.o
                                                  Drivers\STM32F4xx_HAL_Driver\Src\stm32f4xx_hal_uart.o
HAL_DMA_Abort_IT                                  Drivers\STM32F4xx_HAL_Driver\Src\stm32f4xx_hal_dma.o
                                                  Drivers\STM32F4xx_HAL_Driver\Src\stm32f4xx_hal_usart.o
                                                  Drivers\STM32F4xx_HAL_Driver\Src\stm32f4xx_hal_uart.o
                                                  Drivers\STM32F4xx_HAL_Driver\Src\stm32f4xx_hal_tim_ex.o
                                                  Drivers\STM32F4xx_HAL_Driver\Src\stm32f4xx_hal_tim.o
                                                  Drivers\STM32F4xx_HAL_Driver\Src\stm32f4xx_hal_i2c.o
HAL_DMA_DeInit                                    Drivers\STM32F4xx_HAL_Driver\Src\stm32f4xx_hal_dma.o
HAL_DMA_GetError                                  Drivers\STM32F4xx_HAL_Driver\Src\stm32f4xx_hal_dma.o
                                                  Drivers\STM32F4xx_HAL_Driver\Src\stm32f4xx_hal_uart.o
                                                  Drivers\STM32F4xx_HAL_Driver\Src\stm32f4xx_hal_i2c.o
HAL_DMA_GetState                                  Drivers\STM32F4xx_HAL_Driver\Src\stm32f4xx_hal_dma.o
                                                  Drivers\STM32F4xx_HAL_Driver\Src\stm32f4xx_hal_i2c.o
HAL_DMA_IRQHandler                                Drivers\STM32F4xx_HAL_Driver\Src\stm32f4xx_hal_dma.o
HAL_DMA_Init                                      Drivers\STM32F4xx_HAL_Driver\Src\stm32f4xx_hal_dma.o
HAL_DMA_PollForTransfer                           Drivers\STM32F4xx_HAL_Driver\Src\stm32f4xx_hal_dma.o
HAL_DMA_RegisterCallback                          Drivers\STM32F4xx_HAL_Driver\Src\stm32f4xx_hal_dma.o
HAL_DMA_Start                                     Drivers\STM32F4xx_HAL_Driver\Src\stm32f4xx_hal_dma.o
HAL_DMA_Start_IT                                  Drivers\STM32F4xx_HAL_Driver\Src\stm32f4xx_hal_dma.o
                                                  Drivers\STM32F4xx_HAL_Driver\Src\stm32f4xx_hal_usart.o
                                                  Drivers\STM32F4xx_HAL_Driver\Src\stm32f4xx_hal_uart.o
                                                  Drivers\STM32F4xx_HAL_Driver\Src\stm32f4xx_hal_tim_ex.o
                                                  Drivers\STM32F4xx_HAL_Driver\Src\stm32f4xx_hal_tim.o
                                                  Drivers\STM32F4xx_HAL_Driver\Src\stm32f4xx_hal_i2c.o
HAL_DMA_UnRegisterCallback                        Drivers\STM32F4xx_HAL_Driver\Src\stm32f4xx_hal_dma.o
HAL_DeInit                                        Drivers\STM32F4xx_HAL_Driver\Src\stm32f4xx_hal.o
HAL_Delay                                         Drivers\STM32F4xx_HAL_Driver\Src\stm32f4xx_hal.o
                                                  Drivers\STM32F4xx_HAL_Driver\Src\stm32f4xx_ll_usb.o
                                                  Core\Src\usbd_conf.o
HAL_DisableCompensationCell                       Drivers\STM32F4xx_HAL_Driver\Src\stm32f4xx_hal.o
HAL_EnableCompensationCell                        Drivers\STM32F4xx_HAL_Driver\Src\stm32f4xx_hal.o
HAL_FLASHEx_AdvOBGetConfig                        Drivers\STM32F4xx_HAL_Driver\Src\stm32f4xx_hal_flash_ex.o
HAL_FLASHEx_AdvOBProgram                          Drivers\STM32F4xx_HAL_Driver\Src\stm32f4xx_hal_flash_ex.o
HAL_FLASHEx_DisableFlashSleepMode                 Drivers\STM32F4xx_HAL_Driver\Src\stm32f4xx_hal_flash_ramfunc.o
HAL_FLASHEx_EnableFlashSleepMode                  Drivers\STM32F4xx_HAL_Driver\Src\stm32f4xx_hal_flash_ramfunc.o
HAL_FLASHEx_Erase                                 Drivers\STM32F4xx_HAL_Driver\Src\stm32f4xx_hal_flash_ex.o
HAL_FLASHEx_Erase_IT                              Drivers\STM32F4xx_HAL_Driver\Src\stm32f4xx_hal_flash_ex.o
HAL_FLASHEx_OBGetConfig                           Drivers\STM32F4xx_HAL_Driver\Src\stm32f4xx_hal_flash_ex.o
HAL_FLASHEx_OBProgram                             Drivers\STM32F4xx_HAL_Driver\Src\stm32f4xx_hal_flash_ex.o
HAL_FLASHEx_OB_DeSelectPCROP                      Drivers\STM32F4xx_HAL_Driver\Src\stm32f4xx_hal_flash_ex.o
HAL_FLASHEx_OB_SelectPCROP                        Drivers\STM32F4xx_HAL_Driver\Src\stm32f4xx_hal_flash_ex.o
HAL_FLASHEx_StartFlashInterfaceClk                Drivers\STM32F4xx_HAL_Driver\Src\stm32f4xx_hal_flash_ramfunc.o
HAL_FLASHEx_StopFlashInterfaceClk                 Drivers\STM32F4xx_HAL_Driver\Src\stm32f4xx_hal_flash_ramfunc.o
HAL_FLASH_EndOfOperationCallback                  Drivers\STM32F4xx_HAL_Driver\Src\stm32f4xx_hal_flash.o
HAL_FLASH_GetError                                Drivers\STM32F4xx_HAL_Driver\Src\stm32f4xx_hal_flash.o
HAL_FLASH_IRQHandler                              Drivers\STM32F4xx_HAL_Driver\Src\stm32f4xx_hal_flash.o
HAL_FLASH_Lock                                    Drivers\STM32F4xx_HAL_Driver\Src\stm32f4xx_hal_flash.o
HAL_FLASH_OB_Launch                               Drivers\STM32F4xx_HAL_Driver\Src\stm32f4xx_hal_flash.o
HAL_FLASH_OB_Lock                                 Drivers\STM32F4xx_HAL_Driver\Src\stm32f4xx_hal_flash.o
HAL_FLASH_OB_Unlock                               Drivers\STM32F4xx_HAL_Driver\Src\stm32f4xx_hal_flash.o
HAL_FLASH_OperationErrorCallback                  Drivers\STM32F4xx_HAL_Driver\Src\stm32f4xx_hal_flash.o
HAL_FLASH_Program                                 Drivers\STM32F4xx_HAL_Driver\Src\stm32f4xx_hal_flash.o
HAL_FLASH_Program_IT                              Drivers\STM32F4xx_HAL_Driver\Src\stm32f4xx_hal_flash.o
HAL_FLASH_Unlock                                  Drivers\STM32F4xx_HAL_Driver\Src\stm32f4xx_hal_flash.o
HAL_GPIO_DeInit                                   Drivers\STM32F4xx_HAL_Driver\Src\stm32f4xx_hal_gpio.o
                                                  Core\Src\stm32f4xx_hal_msp.o
HAL_GPIO_EXTI_Callback                            Core\Src\usbd_conf.o
HAL_GPIO_EXTI_IRQHandler                          Drivers\STM32F4xx_HAL_Driver\Src\stm32f4xx_hal_gpio.o
                                                  Core\Src\stm32f4xx_it.o
HAL_GPIO_Init                                     Drivers\STM32F4xx_HAL_Driver\Src\stm32f4xx_hal_gpio.o
                                                  Drivers\STM32F4xx_HAL_Driver\Src\stm32f4xx_hal_rcc.o
                                                  Core\Src\usbd_conf.o
                                                  Core\Src\stm32f4xx_hal_msp.o
                                                  Core\Src\main.o
HAL_GPIO_LockPin                                  Drivers\STM32F4xx_HAL_Driver\Src\stm32f4xx_hal_gpio.o
HAL_GPIO_ReadPin                                  Drivers\STM32F4xx_HAL_Driver\Src\stm32f4xx_hal_gpio.o
HAL_GPIO_TogglePin                                Drivers\STM32F4xx_HAL_Driver\Src\stm32f4xx_hal_gpio.o
HAL_GPIO_WritePin                                 Drivers\STM32F4xx_HAL_Driver\Src\stm32f4xx_hal_gpio.o
HAL_GetDEVID                                      Drivers\STM32F4xx_HAL_Driver\Src\stm32f4xx_hal.o
HAL_GetHalVersion                                 Drivers\STM32F4xx_HAL_Driver\Src\stm32f4xx_hal.o
HAL_GetREVID                                      Drivers\STM32F4xx_HAL_Driver\Src\stm32f4xx_hal.o
HAL_GetTick                                       Drivers\STM32F4xx_HAL_Driver\Src\stm32f4xx_hal.o
                                                  Drivers\STM32F4xx_HAL_Driver\Src\stm32f4xx_hal_usart.o